Archive member included to satisfy reference by file (symbol)

C:/ST/STM32CubeIDE_1.13.1/STM32CubeIDE/plugins/com.st.stm32cube.ide.mcu.externaltools.gnu-tools-for-stm32.11.3.rel1.win32_1.1.0.202305231506/tools/bin/../lib/gcc/arm-none-eabi/11.3.1/../../../../arm-none-eabi/lib/thumb/v7-m/nofp\libc_nano.a(libc_a-exit.o)
                              C:/ST/STM32CubeIDE_1.13.1/STM32CubeIDE/plugins/com.st.stm32cube.ide.mcu.externaltools.gnu-tools-for-stm32.11.3.rel1.win32_1.1.0.202305231506/tools/bin/../lib/gcc/arm-none-eabi/11.3.1/../../../../arm-none-eabi/lib/thumb/v7-m/nofp/crt0.o (exit)
C:/ST/STM32CubeIDE_1.13.1/STM32CubeIDE/plugins/com.st.stm32cube.ide.mcu.externaltools.gnu-tools-for-stm32.11.3.rel1.win32_1.1.0.202305231506/tools/bin/../lib/gcc/arm-none-eabi/11.3.1/../../../../arm-none-eabi/lib/thumb/v7-m/nofp\libc_nano.a(libc_a-findfp.o)
                              ./Middlewares/Third_Party/FreeRTOS/Source/tasks.o (__sf)
C:/ST/STM32CubeIDE_1.13.1/STM32CubeIDE/plugins/com.st.stm32cube.ide.mcu.externaltools.gnu-tools-for-stm32.11.3.rel1.win32_1.1.0.202305231506/tools/bin/../lib/gcc/arm-none-eabi/11.3.1/../../../../arm-none-eabi/lib/thumb/v7-m/nofp\libc_nano.a(libc_a-fwalk.o)
                              C:/ST/STM32CubeIDE_1.13.1/STM32CubeIDE/plugins/com.st.stm32cube.ide.mcu.externaltools.gnu-tools-for-stm32.11.3.rel1.win32_1.1.0.202305231506/tools/bin/../lib/gcc/arm-none-eabi/11.3.1/../../../../arm-none-eabi/lib/thumb/v7-m/nofp\libc_nano.a(libc_a-findfp.o) (_fwalk_sglue)
C:/ST/STM32CubeIDE_1.13.1/STM32CubeIDE/plugins/com.st.stm32cube.ide.mcu.externaltools.gnu-tools-for-stm32.11.3.rel1.win32_1.1.0.202305231506/tools/bin/../lib/gcc/arm-none-eabi/11.3.1/../../../../arm-none-eabi/lib/thumb/v7-m/nofp\libc_nano.a(libc_a-stdio.o)
                              C:/ST/STM32CubeIDE_1.13.1/STM32CubeIDE/plugins/com.st.stm32cube.ide.mcu.externaltools.gnu-tools-for-stm32.11.3.rel1.win32_1.1.0.202305231506/tools/bin/../lib/gcc/arm-none-eabi/11.3.1/../../../../arm-none-eabi/lib/thumb/v7-m/nofp\libc_nano.a(libc_a-findfp.o) (__sread)
C:/ST/STM32CubeIDE_1.13.1/STM32CubeIDE/plugins/com.st.stm32cube.ide.mcu.externaltools.gnu-tools-for-stm32.11.3.rel1.win32_1.1.0.202305231506/tools/bin/../lib/gcc/arm-none-eabi/11.3.1/../../../../arm-none-eabi/lib/thumb/v7-m/nofp\libc_nano.a(libc_a-memset.o)
                              C:/ST/STM32CubeIDE_1.13.1/STM32CubeIDE/plugins/com.st.stm32cube.ide.mcu.externaltools.gnu-tools-for-stm32.11.3.rel1.win32_1.1.0.202305231506/tools/bin/../lib/gcc/arm-none-eabi/11.3.1/../../../../arm-none-eabi/lib/thumb/v7-m/nofp/crt0.o (memset)
C:/ST/STM32CubeIDE_1.13.1/STM32CubeIDE/plugins/com.st.stm32cube.ide.mcu.externaltools.gnu-tools-for-stm32.11.3.rel1.win32_1.1.0.202305231506/tools/bin/../lib/gcc/arm-none-eabi/11.3.1/../../../../arm-none-eabi/lib/thumb/v7-m/nofp\libc_nano.a(libc_a-closer.o)
                              C:/ST/STM32CubeIDE_1.13.1/STM32CubeIDE/plugins/com.st.stm32cube.ide.mcu.externaltools.gnu-tools-for-stm32.11.3.rel1.win32_1.1.0.202305231506/tools/bin/../lib/gcc/arm-none-eabi/11.3.1/../../../../arm-none-eabi/lib/thumb/v7-m/nofp\libc_nano.a(libc_a-stdio.o) (_close_r)
C:/ST/STM32CubeIDE_1.13.1/STM32CubeIDE/plugins/com.st.stm32cube.ide.mcu.externaltools.gnu-tools-for-stm32.11.3.rel1.win32_1.1.0.202305231506/tools/bin/../lib/gcc/arm-none-eabi/11.3.1/../../../../arm-none-eabi/lib/thumb/v7-m/nofp\libc_nano.a(libc_a-reent.o)
                              C:/ST/STM32CubeIDE_1.13.1/STM32CubeIDE/plugins/com.st.stm32cube.ide.mcu.externaltools.gnu-tools-for-stm32.11.3.rel1.win32_1.1.0.202305231506/tools/bin/../lib/gcc/arm-none-eabi/11.3.1/../../../../arm-none-eabi/lib/thumb/v7-m/nofp\libc_nano.a(libc_a-closer.o) (errno)
C:/ST/STM32CubeIDE_1.13.1/STM32CubeIDE/plugins/com.st.stm32cube.ide.mcu.externaltools.gnu-tools-for-stm32.11.3.rel1.win32_1.1.0.202305231506/tools/bin/../lib/gcc/arm-none-eabi/11.3.1/../../../../arm-none-eabi/lib/thumb/v7-m/nofp\libc_nano.a(libc_a-impure.o)
                              ./Middlewares/Third_Party/FreeRTOS/Source/tasks.o (_impure_ptr)
C:/ST/STM32CubeIDE_1.13.1/STM32CubeIDE/plugins/com.st.stm32cube.ide.mcu.externaltools.gnu-tools-for-stm32.11.3.rel1.win32_1.1.0.202305231506/tools/bin/../lib/gcc/arm-none-eabi/11.3.1/../../../../arm-none-eabi/lib/thumb/v7-m/nofp\libc_nano.a(libc_a-lseekr.o)
                              C:/ST/STM32CubeIDE_1.13.1/STM32CubeIDE/plugins/com.st.stm32cube.ide.mcu.externaltools.gnu-tools-for-stm32.11.3.rel1.win32_1.1.0.202305231506/tools/bin/../lib/gcc/arm-none-eabi/11.3.1/../../../../arm-none-eabi/lib/thumb/v7-m/nofp\libc_nano.a(libc_a-stdio.o) (_lseek_r)
C:/ST/STM32CubeIDE_1.13.1/STM32CubeIDE/plugins/com.st.stm32cube.ide.mcu.externaltools.gnu-tools-for-stm32.11.3.rel1.win32_1.1.0.202305231506/tools/bin/../lib/gcc/arm-none-eabi/11.3.1/../../../../arm-none-eabi/lib/thumb/v7-m/nofp\libc_nano.a(libc_a-readr.o)
[...]
Memory Configuration

Name             Origin             Length             Attributes
RAM              0x0000000020000000 0x0000000000005000 xrw
FLASH            0x0000000008000000 0x0000000000010000 xr
*default*        0x0000000000000000 0xffffffffffffffff

Linker script and memory map

LOAD C:/ST/STM32CubeIDE_1.13.1/STM32CubeIDE/plugins/com.st.stm32cube.ide.mcu.externaltools.gnu-tools-for-stm32.11.3.rel1.win32_1.1.0.202305231506/tools/bin/../lib/gcc/arm-none-eabi/11.3.1/thumb/v7-m/nofp/crti.o
LOAD C:/ST/STM32CubeIDE_1.13.1/STM32CubeIDE/plugins/com.st.stm32cube.ide.mcu.externaltools.gnu-tools-for-stm32.11.3.rel1.win32_1.1.0.202305231506/tools/bin/../lib/gcc/arm-none-eabi/11.3.1/thumb/v7-m/nofp/crtbegin.o
LOAD C:/ST/STM32CubeIDE_1.13.1/STM32CubeIDE/plugins/com.st.stm32cube.ide.mcu.externaltools.gnu-tools-for-stm32.11.3.rel1.win32_1.1.0.202305231506/tools/bin/../lib/gcc/arm-none-eabi/11.3.1/../../../../arm-none-eabi/lib/thumb/v7-m/nofp/crt0.o
LOAD ./Core/Src/DC_program.o
LOAD ./Core/Src/DIO_program.o
LOAD ./Core/Src/LED_program.o
LOAD ./Core/Src/RCC_program.o
LOAD ./Core/Src/SERVO_program.o
LOAD ./Core/Src/TIM1_program.o
LOAD ./Core/Src/TIM2_program.o
LOAD ./Core/Src/TIM3_program.o
LOAD ./Core/Src/ULTRASONIC_program.o
LOAD ./Core/Src/USART_program.o
LOAD ./Core/Src/app.o
LOAD ./Core/Src/freertos.o
LOAD ./Core/Src/main.o
LOAD ./Core/Src/stm32f1xx_hal_msp.o
LOAD ./Core/Src/stm32f1xx_it.o
LOAD ./Core/Src/syscalls.o
LOAD ./Core/Src/system_stm32f1xx.o
LOAD ./Core/Startup/startup_stm32f103c8tx.o
LOAD ./Drivers/STM32F1xx_HAL_Driver/Src/stm32f1xx_hal.o
LOAD ./Drivers/STM32F1xx_HAL_Driver/Src/stm32f1xx_hal_cortex.o
LOAD ./Drivers/STM32F1xx_HAL_Driver/Src/stm32f1xx_hal_dma.o
LOAD ./Drivers/STM32F1xx_HAL_Driver/Src/stm32f1xx_hal_exti.o
LOAD ./Drivers/STM32F1xx_HAL_Driver/Src/stm32f1xx_hal_flash.o
LOAD ./Drivers/STM32F1xx_HAL_Driver/Src/stm32f1xx_hal_flash_ex.o
LOAD ./Drivers/STM32F1xx_HAL_Driver/Src/stm32f1xx_hal_gpio.o
LOAD ./Drivers/STM32F1xx_HAL_Driver/Src/stm32f1xx_hal_gpio_ex.o
LOAD ./Drivers/STM32F1xx_HAL_Driver/Src/stm32f1xx_hal_pwr.o
LOAD ./Drivers/STM32F1xx_HAL_Driver/Src/stm32f1xx_hal_rcc.o
LOAD ./Drivers/STM32F1xx_HAL_Driver/Src/stm32f1xx_hal_rcc_ex.o
LOAD ./Drivers/STM32F1xx_HAL_Driver/Src/stm32f1xx_hal_tim.o
LOAD ./Drivers/STM32F1xx_HAL_Driver/Src/stm32f1xx_hal_tim_ex.o
LOAD ./Middlewares/Third_Party/FreeRTOS/Source/CMSIS_RTOS/cmsis_os.o
LOAD ./Middlewares/Third_Party/FreeRTOS/Source/croutine.o
LOAD ./Middlewares/Third_Party/FreeRTOS/Source/event_groups.o
LOAD ./Middlewares/Third_Party/FreeRTOS/Source/list.o
LOAD ./Middlewares/Third_Party/FreeRTOS/Source/queue.o
LOAD ./Middlewares/Third_Party/FreeRTOS/Source/stream_buffer.o
LOAD ./Middlewares/Third_Party/FreeRTOS/Source/tasks.o
LOAD ./Middlewares/Third_Party/FreeRTOS/Source/timers.o
LOAD ./Middlewares/Third_Party/FreeRTOS/Source/portable/GCC/ARM_CM3/port.o
LOAD ./Middlewares/Third_Party/FreeRTOS/Source/portable/MemMang/heap_4.o
START GROUP
LOAD C:/ST/STM32CubeIDE_1.13.1/STM32CubeIDE/plugins/com.st.stm32cube.ide.mcu.externaltools.gnu-tools-for-stm32.11.3.rel1.win32_1.1.0.202305231506/tools/bin/../lib/gcc/arm-none-eabi/11.3.1/../../../../arm-none-eabi/lib/thumb/v7-m/nofp\libc_nano.a
LOAD C:/ST/STM32CubeIDE_1.13.1/STM32CubeIDE/plugins/com.st.stm32cube.ide.mcu.externaltools.gnu-tools-for-stm32.11.3.rel1.win32_1.1.0.202305231506/tools/bin/../lib/gcc/arm-none-eabi/11.3.1/../../../../arm-none-eabi/lib/thumb/v7-m/nofp\libm.a
END GROUP
START GROUP
LOAD C:/ST/STM32CubeIDE_1.13.1/STM32CubeIDE/plugins/com.st.stm32cube.ide.mcu.externaltools.gnu-tools-for-stm32.11.3.rel1.win32_1.1.0.202305231506/tools/bin/../lib/gcc/arm-none-eabi/11.3.1/thumb/v7-m/nofp\libgcc.a
LOAD C:/ST/STM32CubeIDE_1.13.1/STM32CubeIDE/plugins/com.st.stm32cube.ide.mcu.externaltools.gnu-tools-for-stm32.11.3.rel1.win32_1.1.0.202305231506/tools/bin/../lib/gcc/arm-none-eabi/11.3.1/../../../../arm-none-eabi/lib/thumb/v7-m/nofp\libc_nano.a
END GROUP
START GROUP
LOAD C:/ST/STM32CubeIDE_1.13.1/STM32CubeIDE/plugins/com.st.stm32cube.ide.mcu.externaltools.gnu-tools-for-stm32.11.3.rel1.win32_1.1.0.202305231506/tools/bin/../lib/gcc/arm-none-eabi/11.3.1/thumb/v7-m/nofp\libgcc.a
LOAD C:/ST/STM32CubeIDE_1.13.1/STM32CubeIDE/plugins/com.st.stm32cube.ide.mcu.externaltools.gnu-tools-for-stm32.11.3.rel1.win32_1.1.0.202305231506/tools/bin/../lib/gcc/arm-none-eabi/11.3.1/../../../../arm-none-eabi/lib/thumb/v7-m/nofp\libc_nano.a
LOAD C:/ST/STM32CubeIDE_1.13.1/STM32CubeIDE/plugins/com.st.stm32cube.ide.mcu.externaltools.gnu-tools-for-stm32.11.3.rel1.win32_1.1.0.202305231506/tools/bin/../lib/gcc/arm-none-eabi/11.3.1/../../../../arm-none-eabi/lib/thumb/v7-m/nofp\libnosys.a
END GROUP
START GROUP
LOAD C:/ST/STM32CubeIDE_1.13.1/STM32CubeIDE/plugins/com.st.stm32cube.ide.mcu.externaltools.gnu-tools-for-stm32.11.3.rel1.win32_1.1.0.202305231506/tools/bin/../lib/gcc/arm-none-eabi/11.3.1/thumb/v7-m/nofp\libgcc.a
LOAD C:/ST/STM32CubeIDE_1.13.1/STM32CubeIDE/plugins/com.st.stm32cube.ide.mcu.externaltools.gnu-tools-for-stm32.11.3.rel1.win32_1.1.0.202305231506/tools/bin/../lib/gcc/arm-none-eabi/11.3.1/../../../../arm-none-eabi/lib/thumb/v7-m/nofp\libc_nano.a
LOAD C:/ST/STM32CubeIDE_1.13.1/STM32CubeIDE/plugins/com.st.stm32cube.ide.mcu.externaltools.gnu-tools-for-stm32.11.3.rel1.win32_1.1.0.202305231506/tools/bin/../lib/gcc/arm-none-eabi/11.3.1/../../../../arm-none-eabi/lib/thumb/v7-m/nofp\libnosys.a
END GROUP
LOAD C:/ST/STM32CubeIDE_1.13.1/STM32CubeIDE/plugins/com.st.stm32cube.ide.mcu.externaltools.gnu-tools-for-stm32.11.3.rel1.win32_1.1.0.202305231506/tools/bin/../lib/gcc/arm-none-eabi/11.3.1/thumb/v7-m/nofp/crtend.o
LOAD C:/ST/STM32CubeIDE_1.13.1/STM32CubeIDE/plugins/com.st.stm32cube.ide.mcu.externaltools.gnu-tools-for-stm32.11.3.rel1.win32_1.1.0.202305231506/tools/bin/../lib/gcc/arm-none-eabi/11.3.1/thumb/v7-m/nofp/crtn.o
                0x0000000020005000                _estack = (ORIGIN (RAM) + LENGTH (RAM))
                0x0000000000000200                _Min_Heap_Size = 0x200
                0x0000000000000400                _Min_Stack_Size = 0x400

.isr_vector     0x0000000008000000      0x10c
                0x0000000008000000                . = ALIGN (0x4)
 *(.isr_vector)
 .isr_vector    0x0000000008000000      0x10c ./Core/Startup/startup_stm32f103c8tx.o
                0x0000000008000000                g_pfnVectors
                0x000000000800010c                . = ALIGN (0x4)

.text           0x0000000008000110     0x37a0
                0x0000000008000110                . = ALIGN (0x4)
 *(.text)
 .text          0x0000000008000110       0x40 C:/ST/STM32CubeIDE_1.13.1/STM32CubeIDE/plugins/com.st.stm32cube.ide.mcu.externaltools.gnu-tools-for-stm32.11.3.rel1.win32_1.1.0.202305231506/tools/bin/../lib/gcc/arm-none-eabi/11.3.1/thumb/v7-m/nofp/crtbegin.o
 .text          0x0000000008000150      0x21c C:/ST/STM32CubeIDE_1.13.1/STM32CubeIDE/plugins/com.st.stm32cube.ide.mcu.externaltools.gnu-tools-for-stm32.11.3.rel1.win32_1.1.0.202305231506/tools/bin/../lib/gcc/arm-none-eabi/11.3.1/thumb/v7-m/nofp\libgcc.a(_arm_addsubsf3.o)
                0x0000000008000150                __aeabi_frsub
                0x0000000008000158                __subsf3
                0x0000000008000158                __aeabi_fsub
                0x000000000800015c                __aeabi_fadd
                0x000000000800015c                __addsf3
                0x00000000080002bc                __aeabi_ui2f
                0x00000000080002bc                __floatunsisf
                0x00000000080002c4                __aeabi_i2f
                0x00000000080002c4                __floatsisf
                0x00000000080002e0                __aeabi_ul2f
                0x00000000080002e0                __floatundisf
                0x00000000080002f0                __aeabi_l2f
                0x00000000080002f0                __floatdisf
 .text          0x000000000800036c      0x2a0 C:/ST/STM32CubeIDE_1.13.1/STM32CubeIDE/plugins/com.st.stm32cube.ide.mcu.externaltools.gnu-tools-for-stm32.11.3.rel1.win32_1.1.0.202305231506/tools/bin/../lib/gcc/arm-none-eabi/11.3.1/thumb/v7-m/nofp\libgcc.a(_arm_muldivsf3.o)
                0x000000000800036c                __mulsf3
                0x000000000800036c                __aeabi_fmul
                0x00000000080004d4                __aeabi_fdiv
                0x00000000080004d4                __divsf3
 .text          0x000000000800060c       0xec C:/ST/STM32CubeIDE_1.13.1/STM32CubeIDE/plugins/com.st.stm32cube.ide.mcu.externaltools.gnu-tools-for-stm32.11.3.rel1.win32_1.1.0.202305231506/tools/bin/../lib/gcc/arm-none-eabi/11.3.1/thumb/v7-m/nofp\libgcc.a(_arm_cmpsf2.o)
                0x000000000800060c                __gesf2
                0x000000000800060c                __gtsf2
                0x0000000008000614                __lesf2
                0x0000000008000614                __ltsf2
                0x000000000800061c                __nesf2
                0x000000000800061c                __eqsf2
                0x000000000800061c                __cmpsf2
                0x000000000800067c                __aeabi_cfrcmple
                0x0000000008000684                __aeabi_cfcmpeq
                0x0000000008000684                __aeabi_cfcmple
                0x0000000008000694                __aeabi_fcmpeq
                0x00000000080006a8                __aeabi_fcmplt
                0x00000000080006bc                __aeabi_fcmple
                0x00000000080006d0                __aeabi_fcmpge
                0x00000000080006e4                __aeabi_fcmpgt
 .text          0x00000000080006f8       0x40 C:/ST/STM32CubeIDE_1.13.1/STM32CubeIDE/plugins/com.st.stm32cube.ide.mcu.externaltools.gnu-tools-for-stm32.11.3.rel1.win32_1.1.0.202305231506/tools/bin/../lib/gcc/arm-none-eabi/11.3.1/thumb/v7-m/nofp\libgcc.a(_arm_fixunssfsi.o)
                0x00000000080006f8                __fixunssfsi
                0x00000000080006f8                __aeabi_f2uiz
 *(.text*)
 .text.DC_voidInit
                0x0000000008000738       0x42 ./Core/Src/DC_program.o
                0x0000000008000738                DC_voidInit
 *fill*         0x000000000800077a        0x2 
 .text.DC_voidSetSpeed
                0x000000000800077c       0x38 ./Core/Src/DC_program.o
                0x000000000800077c                DC_voidSetSpeed
 .text.DC_voidStart
                0x00000000080007b4       0x1c ./Core/Src/DC_program.o
                0x00000000080007b4                DC_voidStart
 .text.DC_voidStop
                0x00000000080007d0       0x1c ./Core/Src/DC_program.o
                0x00000000080007d0                DC_voidStop
 .text.MDIO_voidSetPinDirection
                0x00000000080007ec      0x1b8 ./Core/Src/DIO_program.o
                0x00000000080007ec                MDIO_voidSetPinDirection
 .text.MDIO_voidSetPinValue
                0x00000000080009a4       0xf4 ./Core/Src/DIO_program.o
                0x00000000080009a4                MDIO_voidSetPinValue
 .text.MDIO_u8GetPinValue
                0x0000000008000a98       0x7c ./Core/Src/DIO_program.o
                0x0000000008000a98                MDIO_u8GetPinValue
 .text.RCC_voidInitSysClock
                0x0000000008000b14       0x38 ./Core/Src/RCC_program.o
                0x0000000008000b14                RCC_voidInitSysClock
 .text.RCC_voidEnablePeripheralClock
                0x0000000008000b4c       0x84 ./Core/Src/RCC_program.o
                0x0000000008000b4c                RCC_voidEnablePeripheralClock
 .text.SERVO_voidInit
                0x0000000008000bd0       0x44 ./Core/Src/SERVO_program.o
                0x0000000008000bd0                SERVO_voidInit
 .text.SERVO_voidSetAngle
                0x0000000008000c14       0x4c ./Core/Src/SERVO_program.o
                0x0000000008000c14                SERVO_voidSetAngle
 .text.TIM1_voidInit
                0x0000000008000c60       0xec ./Core/Src/TIM1_program.o
                0x0000000008000c60                TIM1_voidInit
 .text.TIM1_voidStart
                0x0000000008000d4c       0x14 ./Core/Src/TIM1_program.o
                0x0000000008000d4c                TIM1_voidStart
 .text.TIM1_voidGeneratePwm
                0x0000000008000d60       0x64 ./Core/Src/TIM1_program.o
                0x0000000008000d60                TIM1_voidGeneratePwm
 .text.TIM2_voidInit
                0x0000000008000dc4       0xcc ./Core/Src/TIM2_program.o
                0x0000000008000dc4                TIM2_voidInit
 .text.TIM2_voidStart
                0x0000000008000e90       0x2c ./Core/Src/TIM2_program.o
                0x0000000008000e90                TIM2_voidStart
 .text.TIM2_voidGeneratePwm
                0x0000000008000ebc       0xa0 ./Core/Src/TIM2_program.o
                0x0000000008000ebc                TIM2_voidGeneratePwm
 .text.TIM3_voidInit
                0x0000000008000f5c       0x68 ./Core/Src/TIM3_program.o
                0x0000000008000f5c                TIM3_voidInit
 .text.TIM3_voidStart
                0x0000000008000fc4       0x14 ./Core/Src/TIM3_program.o
                0x0000000008000fc4                TIM3_voidStart
 .text.TIM3_voidStop
                0x0000000008000fd8       0x14 ./Core/Src/TIM3_program.o
                0x0000000008000fd8                TIM3_voidStop
 .text.TIM3_voidSetTimerValue
                0x0000000008000fec       0x20 ./Core/Src/TIM3_program.o
                0x0000000008000fec                TIM3_voidSetTimerValue
 .text.TIM3_u16GetTimerValue
                0x000000000800100c       0x18 ./Core/Src/TIM3_program.o
                0x000000000800100c                TIM3_u16GetTimerValue
 .text.TIM3_voidDelay
                0x0000000008001024      0x158 ./Core/Src/TIM3_program.o
                0x0000000008001024                TIM3_voidDelay
 .text.ULTRASONIC_voidInit
                0x000000000800117c       0x3a ./Core/Src/ULTRASONIC_program.o
                0x000000000800117c                ULTRASONIC_voidInit
 *fill*         0x00000000080011b6        0x2 
 .text.ULTRASONIC_f32GetDistance
                0x00000000080011b8       0x94 ./Core/Src/ULTRASONIC_program.o
                0x00000000080011b8                ULTRASONIC_f32GetDistance
 .text.USART_voidInit
                0x000000000800124c       0x30 ./Core/Src/USART_program.o
                0x000000000800124c                USART_voidInit
 .text.appInit  0x000000000800127c       0x5e ./Core/Src/app.o
                0x000000000800127c                appInit
 *fill*         0x00000000080012da        0x2 
 .text.getDistance
                0x00000000080012dc       0x2c ./Core/Src/app.o
                0x00000000080012dc                getDistance
 .text.updateSpeedAndDirection
                0x0000000008001308       0xf4 ./Core/Src/app.o
                0x0000000008001308                updateSpeedAndDirection
 .text.main     0x00000000080013fc       0x58 ./Core/Src/main.o
                0x00000000080013fc                main
 .text.HAL_TIM_PWM_MspInit
                0x0000000008001454       0x60 ./Core/Src/stm32f1xx_hal_msp.o
                0x0000000008001454                HAL_TIM_PWM_MspInit
 .text.HAL_TIM_Base_MspInit
                0x00000000080014b4       0x3c ./Core/Src/stm32f1xx_hal_msp.o
                0x00000000080014b4                HAL_TIM_Base_MspInit
 .text.HAL_TIM_MspPostInit
                0x00000000080014f0       0xa4 ./Core/Src/stm32f1xx_hal_msp.o
                0x00000000080014f0                HAL_TIM_MspPostInit
 .text.NMI_Handler
                0x0000000008001594        0x6 ./Core/Src/stm32f1xx_it.o
                0x0000000008001594                NMI_Handler
 .text.HardFault_Handler
                0x000000000800159a        0x6 ./Core/Src/stm32f1xx_it.o
                0x000000000800159a                HardFault_Handler
 .text.MemManage_Handler
                0x00000000080015a0        0x6 ./Core/Src/stm32f1xx_it.o
                0x00000000080015a0                MemManage_Handler
 .text.BusFault_Handler
                0x00000000080015a6        0x6 ./Core/Src/stm32f1xx_it.o
                0x00000000080015a6                BusFault_Handler
 .text.UsageFault_Handler
                0x00000000080015ac        0x6 ./Core/Src/stm32f1xx_it.o
                0x00000000080015ac                UsageFault_Handler
 .text.DebugMon_Handler
                0x00000000080015b2        0xc ./Core/Src/stm32f1xx_it.o
                0x00000000080015b2                DebugMon_Handler
 .text.SysTick_Handler
                0x00000000080015be       0x10 ./Core/Src/stm32f1xx_it.o
                0x00000000080015be                SysTick_Handler
 .text.SystemInit
                0x00000000080015ce        0xc ./Core/Src/system_stm32f1xx.o
                0x00000000080015ce                SystemInit
 *fill*         0x00000000080015da        0x2 
 .text.Reset_Handler
                0x00000000080015dc       0x48 ./Core/Startup/startup_stm32f103c8tx.o
                0x00000000080015dc                Reset_Handler
 .text.Default_Handler
                0x0000000008001624        0x2 ./Core/Startup/startup_stm32f103c8tx.o
                0x0000000008001624                RTC_Alarm_IRQHandler
                0x0000000008001624                EXTI2_IRQHandler
                0x0000000008001624                TIM1_CC_IRQHandler
                0x0000000008001624                PVD_IRQHandler
                0x0000000008001624                EXTI3_IRQHandler
                0x0000000008001624                EXTI0_IRQHandler
                0x0000000008001624                I2C2_EV_IRQHandler
                0x0000000008001624                ADC1_2_IRQHandler
                0x0000000008001624                SPI1_IRQHandler
                0x0000000008001624                TAMPER_IRQHandler
                0x0000000008001624                DMA1_Channel4_IRQHandler
                0x0000000008001624                USART3_IRQHandler
                0x0000000008001624                RTC_IRQHandler
                0x0000000008001624                DMA1_Channel7_IRQHandler
                0x0000000008001624                CAN1_RX1_IRQHandler
                0x0000000008001624                TIM4_IRQHandler
                0x0000000008001624                I2C1_EV_IRQHandler
                0x0000000008001624                DMA1_Channel6_IRQHandler
                0x0000000008001624                TIM3_IRQHandler
                0x0000000008001624                RCC_IRQHandler
                0x0000000008001624                TIM1_TRG_COM_IRQHandler
                0x0000000008001624                DMA1_Channel1_IRQHandler
                0x0000000008001624                Default_Handler
                0x0000000008001624                EXTI15_10_IRQHandler
                0x0000000008001624                EXTI9_5_IRQHandler
                0x0000000008001624                SPI2_IRQHandler
                0x0000000008001624                DMA1_Channel5_IRQHandler
                0x0000000008001624                EXTI4_IRQHandler
                0x0000000008001624                USB_LP_CAN1_RX0_IRQHandler
                0x0000000008001624                USB_HP_CAN1_TX_IRQHandler
                0x0000000008001624                DMA1_Channel3_IRQHandler
                0x0000000008001624                TIM1_UP_IRQHandler
                0x0000000008001624                WWDG_IRQHandler
                0x0000000008001624                TIM2_IRQHandler
                0x0000000008001624                TIM1_BRK_IRQHandler
                0x0000000008001624                EXTI1_IRQHandler
                0x0000000008001624                USART2_IRQHandler
                0x0000000008001624                I2C2_ER_IRQHandler
                0x0000000008001624                DMA1_Channel2_IRQHandler
                0x0000000008001624                CAN1_SCE_IRQHandler
                0x0000000008001624                FLASH_IRQHandler
                0x0000000008001624                USART1_IRQHandler
                0x0000000008001624                I2C1_ER_IRQHandler
                0x0000000008001624                USBWakeUp_IRQHandler
 *fill*         0x0000000008001626        0x2 
 .text.HAL_IncTick
                0x0000000008001628       0x24 ./Drivers/STM32F1xx_HAL_Driver/Src/stm32f1xx_hal.o
                0x0000000008001628                HAL_IncTick
 .text.HAL_GPIO_Init
                0x000000000800164c      0x308 ./Drivers/STM32F1xx_HAL_Driver/Src/stm32f1xx_hal_gpio.o
                0x000000000800164c                HAL_GPIO_Init
 .text.HAL_TIM_Base_Init
                0x0000000008001954       0x9e ./Drivers/STM32F1xx_HAL_Driver/Src/stm32f1xx_hal_tim.o
                0x0000000008001954                HAL_TIM_Base_Init
 *fill*         0x00000000080019f2        0x2 
 .text.HAL_TIM_Base_Start
                0x00000000080019f4       0x94 ./Drivers/STM32F1xx_HAL_Driver/Src/stm32f1xx_hal_tim.o
                0x00000000080019f4                HAL_TIM_Base_Start
 .text.HAL_TIM_Base_Stop
                0x0000000008001a88       0x4c ./Drivers/STM32F1xx_HAL_Driver/Src/stm32f1xx_hal_tim.o
                0x0000000008001a88                HAL_TIM_Base_Stop
 .text.HAL_TIM_PWM_Init
                0x0000000008001ad4       0x9e ./Drivers/STM32F1xx_HAL_Driver/Src/stm32f1xx_hal_tim.o
                0x0000000008001ad4                HAL_TIM_PWM_Init
 *fill*         0x0000000008001b72        0x2 
 .text.HAL_TIM_PWM_Start
                0x0000000008001b74      0x144 ./Drivers/STM32F1xx_HAL_Driver/Src/stm32f1xx_hal_tim.o
                0x0000000008001b74                HAL_TIM_PWM_Start
 .text.HAL_TIM_PWM_ConfigChannel
                0x0000000008001cb8      0x184 ./Drivers/STM32F1xx_HAL_Driver/Src/stm32f1xx_hal_tim.o
                0x0000000008001cb8                HAL_TIM_PWM_ConfigChannel
 .text.HAL_TIM_ConfigClockSource
                0x0000000008001e3c      0x18e ./Drivers/STM32F1xx_HAL_Driver/Src/stm32f1xx_hal_tim.o
                0x0000000008001e3c                HAL_TIM_ConfigClockSource
 *fill*         0x0000000008001fca        0x2 
 .text.TIM_Base_SetConfig
                0x0000000008001fcc       0xc4 ./Drivers/STM32F1xx_HAL_Driver/Src/stm32f1xx_hal_tim.o
                0x0000000008001fcc                TIM_Base_SetConfig
 .text.TIM_OC1_SetConfig
                0x0000000008002090       0xcc ./Drivers/STM32F1xx_HAL_Driver/Src/stm32f1xx_hal_tim.o
 .text.TIM_OC2_SetConfig
                0x000000000800215c       0xd4 ./Drivers/STM32F1xx_HAL_Driver/Src/stm32f1xx_hal_tim.o
                0x000000000800215c                TIM_OC2_SetConfig
 .text.TIM_OC3_SetConfig
                0x0000000008002230       0xd4 ./Drivers/STM32F1xx_HAL_Driver/Src/stm32f1xx_hal_tim.o
 .text.TIM_OC4_SetConfig
                0x0000000008002304       0x9c ./Drivers/STM32F1xx_HAL_Driver/Src/stm32f1xx_hal_tim.o
 .text.TIM_TI1_ConfigInputStage
                0x00000000080023a0       0x5c ./Drivers/STM32F1xx_HAL_Driver/Src/stm32f1xx_hal_tim.o
 .text.TIM_TI2_ConfigInputStage
                0x00000000080023fc       0x5e ./Drivers/STM32F1xx_HAL_Driver/Src/stm32f1xx_hal_tim.o
 .text.TIM_ITRx_SetConfig
                0x000000000800245a       0x34 ./Drivers/STM32F1xx_HAL_Driver/Src/stm32f1xx_hal_tim.o
 .text.TIM_ETR_SetConfig
                0x000000000800248e       0x3e ./Drivers/STM32F1xx_HAL_Driver/Src/stm32f1xx_hal_tim.o
                0x000000000800248e                TIM_ETR_SetConfig
 .text.TIM_CCxChannelCmd
                0x00000000080024cc       0x48 ./Drivers/STM32F1xx_HAL_Driver/Src/stm32f1xx_hal_tim.o
                0x00000000080024cc                TIM_CCxChannelCmd
 .text.HAL_TIMEx_MasterConfigSynchronization
                0x0000000008002514       0xbc ./Drivers/STM32F1xx_HAL_Driver/Src/stm32f1xx_hal_tim_ex.o
                0x0000000008002514                HAL_TIMEx_MasterConfigSynchronization
 .text.HAL_TIMEx_ConfigBreakDeadTime
                0x00000000080025d0       0xa2 ./Drivers/STM32F1xx_HAL_Driver/Src/stm32f1xx_hal_tim_ex.o
                0x00000000080025d0                HAL_TIMEx_ConfigBreakDeadTime
 .text.vListInitialise
                0x0000000008002672       0x3e ./Middlewares/Third_Party/FreeRTOS/Source/list.o
                0x0000000008002672                vListInitialise
 .text.vListInitialiseItem
                0x00000000080026b0       0x18 ./Middlewares/Third_Party/FreeRTOS/Source/list.o
                0x00000000080026b0                vListInitialiseItem
 .text.vListInsertEnd
                0x00000000080026c8       0x46 ./Middlewares/Third_Party/FreeRTOS/Source/list.o
                0x00000000080026c8                vListInsertEnd
 .text.vListInsert
                0x000000000800270e       0x70 ./Middlewares/Third_Party/FreeRTOS/Source/list.o
                0x000000000800270e                vListInsert
 .text.uxListRemove
                0x000000000800277e       0x52 ./Middlewares/Third_Party/FreeRTOS/Source/list.o
                0x000000000800277e                uxListRemove
 .text.xTaskCreate
                0x00000000080027d0       0x82 ./Middlewares/Third_Party/FreeRTOS/Source/tasks.o
                0x00000000080027d0                xTaskCreate
 *fill*         0x0000000008002852        0x2 
 .text.prvInitialiseNewTask
                0x0000000008002854      0x120 ./Middlewares/Third_Party/FreeRTOS/Source/tasks.o
 .text.prvAddNewTaskToReadyList
                0x0000000008002974       0xd4 ./Middlewares/Third_Party/FreeRTOS/Source/tasks.o
 .text.vTaskDelayUntil
                0x0000000008002a48       0xfc ./Middlewares/Third_Party/FreeRTOS/Source/tasks.o
                0x0000000008002a48                vTaskDelayUntil
 .text.vTaskStartScheduler
                0x0000000008002b44       0xa0 ./Middlewares/Third_Party/FreeRTOS/Source/tasks.o
                0x0000000008002b44                vTaskStartScheduler
 .text.vTaskSuspendAll
                0x0000000008002be4       0x1c ./Middlewares/Third_Party/FreeRTOS/Source/tasks.o
                0x0000000008002be4                vTaskSuspendAll
 .text.xTaskResumeAll
                0x0000000008002c00      0x138 ./Middlewares/Third_Party/FreeRTOS/Source/tasks.o
                0x0000000008002c00                xTaskResumeAll
 .text.xTaskGetTickCount
                0x0000000008002d38       0x1c ./Middlewares/Third_Party/FreeRTOS/Source/tasks.o
                0x0000000008002d38                xTaskGetTickCount
 .text.xTaskIncrementTick
                0x0000000008002d54      0x17c ./Middlewares/Third_Party/FreeRTOS/Source/tasks.o
                0x0000000008002d54                xTaskIncrementTick
 .text.vTaskSwitchContext
                0x0000000008002ed0       0xc4 ./Middlewares/Third_Party/FreeRTOS/Source/tasks.o
                0x0000000008002ed0                vTaskSwitchContext
 .text.prvIdleTask
                0x0000000008002f94       0x30 ./Middlewares/Third_Party/FreeRTOS/Source/tasks.o
 .text.prvInitialiseTaskLists
                0x0000000008002fc4       0x6c ./Middlewares/Third_Party/FreeRTOS/Source/tasks.o
 .text.prvCheckTasksWaitingTermination
                0x0000000008003030        0xc ./Middlewares/Third_Party/FreeRTOS/Source/tasks.o
 .text.prvResetNextTaskUnblockTime
                0x000000000800303c       0x48 ./Middlewares/Third_Party/FreeRTOS/Source/tasks.o
 .text.prvAddCurrentTaskToDelayedList
                0x0000000008003084       0xa8 ./Middlewares/Third_Party/FreeRTOS/Source/tasks.o
 .text.pxPortInitialiseStack
                0x000000000800312c       0x58 ./Middlewares/Third_Party/FreeRTOS/Source/portable/GCC/ARM_CM3/port.o
                0x000000000800312c                pxPortInitialiseStack
 .text.prvTaskExitError
                0x0000000008003184       0x58 ./Middlewares/Third_Party/FreeRTOS/Source/portable/GCC/ARM_CM3/port.o
 *fill*         0x00000000080031dc        0x4 
 .text.SVC_Handler
                0x00000000080031e0       0x28 ./Middlewares/Third_Party/FreeRTOS/Source/portable/GCC/ARM_CM3/port.o
                0x00000000080031e0                SVC_Handler
 .text.prvPortStartFirstTask
                0x0000000008003208       0x20 ./Middlewares/Third_Party/FreeRTOS/Source/portable/GCC/ARM_CM3/port.o
 .text.xPortStartScheduler
                0x0000000008003228       0xe4 ./Middlewares/Third_Party/FreeRTOS/Source/portable/GCC/ARM_CM3/port.o
                0x0000000008003228                xPortStartScheduler
 .text.vPortEnterCritical
                0x000000000800330c       0x60 ./Middlewares/Third_Party/FreeRTOS/Source/portable/GCC/ARM_CM3/port.o
                0x000000000800330c                vPortEnterCritical
 .text.vPortExitCritical
                0x000000000800336c       0x50 ./Middlewares/Third_Party/FreeRTOS/Source/portable/GCC/ARM_CM3/port.o
                0x000000000800336c                vPortExitCritical
 *fill*         0x00000000080033bc        0x4 
 .text.PendSV_Handler
                0x00000000080033c0       0x48 ./Middlewares/Third_Party/FreeRTOS/Source/portable/GCC/ARM_CM3/port.o
                0x00000000080033c0                PendSV_Handler
 .text.xPortSysTickHandler
                0x0000000008003408       0x44 ./Middlewares/Third_Party/FreeRTOS/Source/portable/GCC/ARM_CM3/port.o
                0x0000000008003408                xPortSysTickHandler
 .text.vPortSetupTimerInterrupt
                0x000000000800344c       0x44 ./Middlewares/Third_Party/FreeRTOS/Source/portable/GCC/ARM_CM3/port.o
                0x000000000800344c                vPortSetupTimerInterrupt
 .text.pvPortMalloc
                0x0000000008003490      0x188 ./Middlewares/Third_Party/FreeRTOS/Source/portable/MemMang/heap_4.o
                0x0000000008003490                pvPortMalloc
 .text.vPortFree
                0x0000000008003618       0xb4 ./Middlewares/Third_Party/FreeRTOS/Source/portable/MemMang/heap_4.o
                0x0000000008003618                vPortFree
 .text.prvHeapInit
                0x00000000080036cc       0xc4 ./Middlewares/Third_Party/FreeRTOS/Source/portable/MemMang/heap_4.o
 .text.prvInsertBlockIntoFreeList
                0x0000000008003790       0xb0 ./Middlewares/Third_Party/FreeRTOS/Source/portable/MemMang/heap_4.o
 .text.memset   0x0000000008003840       0x10 C:/ST/STM32CubeIDE_1.13.1/STM32CubeIDE/plugins/com.st.stm32cube.ide.mcu.externaltools.gnu-tools-for-stm32.11.3.rel1.win32_1.1.0.202305231506/tools/bin/../lib/gcc/arm-none-eabi/11.3.1/../../../../arm-none-eabi/lib/thumb/v7-m/nofp\libc_nano.a(libc_a-memset.o)
                0x0000000008003840                memset
 .text.__libc_init_array
                0x0000000008003850       0x48 C:/ST/STM32CubeIDE_1.13.1/STM32CubeIDE/plugins/com.st.stm32cube.ide.mcu.externaltools.gnu-tools-for-stm32.11.3.rel1.win32_1.1.0.202305231506/tools/bin/../lib/gcc/arm-none-eabi/11.3.1/../../../../arm-none-eabi/lib/thumb/v7-m/nofp\libc_nano.a(libc_a-init.o)
                0x0000000008003850                __libc_init_array
 *(.glue_7)
 .glue_7        0x0000000008003898        0x0 linker stubs
 *(.glue_7t)
 .glue_7t       0x0000000008003898        0x0 linker stubs
 *(.eh_frame)
 .eh_frame      0x0000000008003898        0x0 C:/ST/STM32CubeIDE_1.13.1/STM32CubeIDE/plugins/com.st.stm32cube.ide.mcu.externaltools.gnu-tools-for-stm32.11.3.rel1.win32_1.1.0.202305231506/tools/bin/../lib/gcc/arm-none-eabi/11.3.1/thumb/v7-m/nofp/crtbegin.o
 *(.init)
 .init          0x0000000008003898        0x4 C:/ST/STM32CubeIDE_1.13.1/STM32CubeIDE/plugins/com.st.stm32cube.ide.mcu.externaltools.gnu-tools-for-stm32.11.3.rel1.win32_1.1.0.202305231506/tools/bin/../lib/gcc/arm-none-eabi/11.3.1/thumb/v7-m/nofp/crti.o
                0x0000000008003898                _init
 .init          0x000000000800389c        0x8 C:/ST/STM32CubeIDE_1.13.1/STM32CubeIDE/plugins/com.st.stm32cube.ide.mcu.externaltools.gnu-tools-for-stm32.11.3.rel1.win32_1.1.0.202305231506/tools/bin/../lib/gcc/arm-none-eabi/11.3.1/thumb/v7-m/nofp/crtn.o
 *(.fini)
 .fini          0x00000000080038a4        0x4 C:/ST/STM32CubeIDE_1.13.1/STM32CubeIDE/plugins/com.st.stm32cube.ide.mcu.externaltools.gnu-tools-for-stm32.11.3.rel1.win32_1.1.0.202305231506/tools/bin/../lib/gcc/arm-none-eabi/11.3.1/thumb/v7-m/nofp/crti.o
                0x00000000080038a4                _fini
 .fini          0x00000000080038a8        0x8 C:/ST/STM32CubeIDE_1.13.1/STM32CubeIDE/plugins/com.st.stm32cube.ide.mcu.externaltools.gnu-tools-for-stm32.11.3.rel1.win32_1.1.0.202305231506/tools/bin/../lib/gcc/arm-none-eabi/11.3.1/thumb/v7-m/nofp/crtn.o
                0x00000000080038b0                . = ALIGN (0x4)
                0x00000000080038b0                _etext = .

.vfp11_veneer   0x00000000080038b0        0x0
 .vfp11_veneer  0x00000000080038b0        0x0 linker stubs

.v4_bx          0x00000000080038b0        0x0
 .v4_bx         0x00000000080038b0        0x0 linker stubs

.iplt           0x00000000080038b0        0x0
 .iplt          0x00000000080038b0        0x0 C:/ST/STM32CubeIDE_1.13.1/STM32CubeIDE/plugins/com.st.stm32cube.ide.mcu.externaltools.gnu-tools-for-stm32.11.3.rel1.win32_1.1.0.202305231506/tools/bin/../lib/gcc/arm-none-eabi/11.3.1/thumb/v7-m/nofp/crtbegin.o

.rodata         0x00000000080038b0       0x34
                0x00000000080038b0                . = ALIGN (0x4)
 *(.rodata)
 .rodata        0x00000000080038b0       0x29 ./Core/Src/main.o
 *fill*         0x00000000080038d9        0x3 
 .rodata        0x00000000080038dc        0x5 ./Middlewares/Third_Party/FreeRTOS/Source/tasks.o
 *(.rodata*)
                0x00000000080038e4                . = ALIGN (0x4)
 *fill*         0x00000000080038e1        0x3 

.rel.dyn        0x00000000080038e4        0x0
 .rel.iplt      0x00000000080038e4        0x0 C:/ST/STM32CubeIDE_1.13.1/STM32CubeIDE/plugins/com.st.stm32cube.ide.mcu.externaltools.gnu-tools-for-stm32.11.3.rel1.win32_1.1.0.202305231506/tools/bin/../lib/gcc/arm-none-eabi/11.3.1/thumb/v7-m/nofp/crtbegin.o

.ARM.extab      0x00000000080038e4        0x0
                0x00000000080038e4                . = ALIGN (0x4)
 *(.ARM.extab* .gnu.linkonce.armextab.*)
                0x00000000080038e4                . = ALIGN (0x4)

.ARM            0x00000000080038e4        0x0
                0x00000000080038e4                . = ALIGN (0x4)
                0x00000000080038e4                __exidx_start = .
 *(.ARM.exidx*)
                0x00000000080038e4                __exidx_end = .
                0x00000000080038e4                . = ALIGN (0x4)

.preinit_array  0x00000000080038e4        0x0
                0x00000000080038e4                . = ALIGN (0x4)
                0x00000000080038e4                PROVIDE (__preinit_array_start = .)
 *(.preinit_array*)
                0x00000000080038e4                PROVIDE (__preinit_array_end = .)
                0x00000000080038e4                . = ALIGN (0x4)

.init_array     0x00000000080038e4        0x4
                0x00000000080038e4                . = ALIGN (0x4)
                0x00000000080038e4                PROVIDE (__init_array_start = .)
 *(SORT_BY_NAME(.init_array.*))
 *(.init_array*)
 .init_array    0x00000000080038e4        0x4 C:/ST/STM32CubeIDE_1.13.1/STM32CubeIDE/plugins/com.st.stm32cube.ide.mcu.externaltools.gnu-tools-for-stm32.11.3.rel1.win32_1.1.0.202305231506/tools/bin/../lib/gcc/arm-none-eabi/11.3.1/thumb/v7-m/nofp/crtbegin.o
                0x00000000080038e8                PROVIDE (__init_array_end = .)
                0x00000000080038e8                . = ALIGN (0x4)

.fini_array     0x00000000080038e8        0x4
                0x00000000080038e8                . = ALIGN (0x4)
                [!provide]                        PROVIDE (__fini_array_start = .)
 *(SORT_BY_NAME(.fini_array.*))
 *(.fini_array*)
 .fini_array    0x00000000080038e8        0x4 C:/ST/STM32CubeIDE_1.13.1/STM32CubeIDE/plugins/com.st.stm32cube.ide.mcu.externaltools.gnu-tools-for-stm32.11.3.rel1.win32_1.1.0.202305231506/tools/bin/../lib/gcc/arm-none-eabi/11.3.1/thumb/v7-m/nofp/crtbegin.o
                [!provide]                        PROVIDE (__fini_array_end = .)
                0x00000000080038ec                . = ALIGN (0x4)
                0x00000000080038ec                _sidata = LOADADDR (.data)

.data           0x0000000020000000       0x64 load address 0x00000000080038ec
                0x0000000020000000                . = ALIGN (0x4)
                0x0000000020000000                _sdata = .
 *(.data)
 *(.data*)
 .data.distance
                0x0000000020000000        0x4 ./Core/Src/app.o
 .data.speed    0x0000000020000004        0x1 ./Core/Src/app.o
 .data.angle    0x0000000020000005        0x1 ./Core/Src/app.o
 .data.angle_temp
                0x0000000020000006        0x1 ./Core/Src/app.o
 *fill*         0x0000000020000007        0x1 
 .data.SystemCoreClock
                0x0000000020000008        0x4 ./Core/Src/system_stm32f1xx.o
                0x0000000020000008                SystemCoreClock
 .data.uwTickFreq
                0x000000002000000c        0x1 ./Drivers/STM32F1xx_HAL_Driver/Src/stm32f1xx_hal.o
                0x000000002000000c                uwTickFreq
 *fill*         0x000000002000000d        0x3 
 .data.uxCriticalNesting
                0x0000000020000010        0x4 ./Middlewares/Third_Party/FreeRTOS/Source/portable/GCC/ARM_CM3/port.o
 .data._impure_data
                0x0000000020000014       0x4c C:/ST/STM32CubeIDE_1.13.1/STM32CubeIDE/plugins/com.st.stm32cube.ide.mcu.externaltools.gnu-tools-for-stm32.11.3.rel1.win32_1.1.0.202305231506/tools/bin/../lib/gcc/arm-none-eabi/11.3.1/../../../../arm-none-eabi/lib/thumb/v7-m/nofp\libc_nano.a(libc_a-impure.o)
                0x0000000020000014                _impure_data
 .data._impure_ptr
                0x0000000020000060        0x4 C:/ST/STM32CubeIDE_1.13.1/STM32CubeIDE/plugins/com.st.stm32cube.ide.mcu.externaltools.gnu-tools-for-stm32.11.3.rel1.win32_1.1.0.202305231506/tools/bin/../lib/gcc/arm-none-eabi/11.3.1/../../../../arm-none-eabi/lib/thumb/v7-m/nofp\libc_nano.a(libc_a-impure.o)
                0x0000000020000060                _impure_ptr
 *(.RamFunc)
 *(.RamFunc*)
                0x0000000020000064                . = ALIGN (0x4)
                0x0000000020000064                _edata = .

.igot.plt       0x0000000020000064        0x0 load address 0x0000000008003950
 .igot.plt      0x0000000020000064        0x0 C:/ST/STM32CubeIDE_1.13.1/STM32CubeIDE/plugins/com.st.stm32cube.ide.mcu.externaltools.gnu-tools-for-stm32.11.3.rel1.win32_1.1.0.202305231506/tools/bin/../lib/gcc/arm-none-eabi/11.3.1/thumb/v7-m/nofp/crtbegin.o
                0x0000000020000064                . = ALIGN (0x4)

.bss            0x0000000020000064      0xfd8 load address 0x0000000008003950
                0x0000000020000064                _sbss = .
                0x0000000020000064                __bss_start__ = _sbss
 *(.bss)
 .bss           0x0000000020000064       0x1c C:/ST/STM32CubeIDE_1.13.1/STM32CubeIDE/plugins/com.st.stm32cube.ide.mcu.externaltools.gnu-tools-for-stm32.11.3.rel1.win32_1.1.0.202305231506/tools/bin/../lib/gcc/arm-none-eabi/11.3.1/thumb/v7-m/nofp/crtbegin.o
 *(.bss*)
 .bss.htim11    0x0000000020000080       0x48 ./Core/Src/TIM1_program.o
                0x0000000020000080                htim11
 .bss.sClockSourceConfig
                0x00000000200000c8       0x10 ./Core/Src/TIM1_program.o
                0x00000000200000c8                sClockSourceConfig
 .bss.sMasterConfig
                0x00000000200000d8        0x8 ./Core/Src/TIM1_program.o
                0x00000000200000d8                sMasterConfig
 .bss.sConfigOC
                0x00000000200000e0       0x1c ./Core/Src/TIM1_program.o
                0x00000000200000e0                sConfigOC
 .bss.sBreakDeadTimeConfig
                0x00000000200000fc       0x20 ./Core/Src/TIM1_program.o
                0x00000000200000fc                sBreakDeadTimeConfig
 .bss.htim22    0x000000002000011c       0x48 ./Core/Src/TIM2_program.o
                0x000000002000011c                htim22
 .bss.sConfigOC2
                0x0000000020000164       0x1c ./Core/Src/TIM2_program.o
                0x0000000020000164                sConfigOC2
 .bss.htim33    0x0000000020000180       0x48 ./Core/Src/TIM3_program.o
                0x0000000020000180                htim33
 .bss.sClockSourceConfig3
                0x00000000200001c8       0x10 ./Core/Src/TIM3_program.o
                0x00000000200001c8                sClockSourceConfig3
 .bss.sMasterConfig3
                0x00000000200001d8        0x8 ./Core/Src/TIM3_program.o
                0x00000000200001d8                sMasterConfig3
 .bss.uwTick    0x00000000200001e0        0x4 ./Drivers/STM32F1xx_HAL_Driver/Src/stm32f1xx_hal.o
                0x00000000200001e0                uwTick
 .bss.pxCurrentTCB
                0x00000000200001e4        0x4 ./Middlewares/Third_Party/FreeRTOS/Source/tasks.o
                0x00000000200001e4                pxCurrentTCB
 .bss.pxReadyTasksLists
                0x00000000200001e8       0x8c ./Middlewares/Third_Party/FreeRTOS/Source/tasks.o
 .bss.xDelayedTaskList1
                0x0000000020000274       0x14 ./Middlewares/Third_Party/FreeRTOS/Source/tasks.o
 .bss.xDelayedTaskList2
                0x0000000020000288       0x14 ./Middlewares/Third_Party/FreeRTOS/Source/tasks.o
 .bss.pxDelayedTaskList
                0x000000002000029c        0x4 ./Middlewares/Third_Party/FreeRTOS/Source/tasks.o
 .bss.pxOverflowDelayedTaskList
                0x00000000200002a0        0x4 ./Middlewares/Third_Party/FreeRTOS/Source/tasks.o
 .bss.xPendingReadyList
                0x00000000200002a4       0x14 ./Middlewares/Third_Party/FreeRTOS/Source/tasks.o
 .bss.uxCurrentNumberOfTasks
                0x00000000200002b8        0x4 ./Middlewares/Third_Party/FreeRTOS/Source/tasks.o
 .bss.xTickCount
                0x00000000200002bc        0x4 ./Middlewares/Third_Party/FreeRTOS/Source/tasks.o
 .bss.uxTopReadyPriority
                0x00000000200002c0        0x4 ./Middlewares/Third_Party/FreeRTOS/Source/tasks.o
 .bss.xSchedulerRunning
                0x00000000200002c4        0x4 ./Middlewares/Third_Party/FreeRTOS/Source/tasks.o
 .bss.uxPendedTicks
                0x00000000200002c8        0x4 ./Middlewares/Third_Party/FreeRTOS/Source/tasks.o
 .bss.xYieldPending
                0x00000000200002cc        0x4 ./Middlewares/Third_Party/FreeRTOS/Source/tasks.o
 .bss.xNumOfOverflows
                0x00000000200002d0        0x4 ./Middlewares/Third_Party/FreeRTOS/Source/tasks.o
 .bss.uxTaskNumber
                0x00000000200002d4        0x4 ./Middlewares/Third_Party/FreeRTOS/Source/tasks.o
 .bss.xNextTaskUnblockTime
                0x00000000200002d8        0x4 ./Middlewares/Third_Party/FreeRTOS/Source/tasks.o
 .bss.xIdleTaskHandle
                0x00000000200002dc        0x4 ./Middlewares/Third_Party/FreeRTOS/Source/tasks.o
 .bss.uxSchedulerSuspended
                0x00000000200002e0        0x4 ./Middlewares/Third_Party/FreeRTOS/Source/tasks.o
 .bss.ucMaxSysCallPriority
                0x00000000200002e4        0x1 ./Middlewares/Third_Party/FreeRTOS/Source/portable/GCC/ARM_CM3/port.o
 *fill*         0x00000000200002e5        0x3 
 .bss.ulMaxPRIGROUPValue
                0x00000000200002e8        0x4 ./Middlewares/Third_Party/FreeRTOS/Source/portable/GCC/ARM_CM3/port.o
 .bss.ucHeap    0x00000000200002ec      0xc00 ./Middlewares/Third_Party/FreeRTOS/Source/portable/MemMang/heap_4.o
 .bss.xStart    0x0000000020000eec        0x8 ./Middlewares/Third_Party/FreeRTOS/Source/portable/MemMang/heap_4.o
 .bss.pxEnd     0x0000000020000ef4        0x4 ./Middlewares/Third_Party/FreeRTOS/Source/portable/MemMang/heap_4.o
 .bss.xFreeBytesRemaining
                0x0000000020000ef8        0x4 ./Middlewares/Third_Party/FreeRTOS/Source/portable/MemMang/heap_4.o
 .bss.xMinimumEverFreeBytesRemaining
                0x0000000020000efc        0x4 ./Middlewares/Third_Party/FreeRTOS/Source/portable/MemMang/heap_4.o
 .bss.xBlockAllocatedBit
                0x0000000020000f00        0x4 ./Middlewares/Third_Party/FreeRTOS/Source/portable/MemMang/heap_4.o
 .bss.__sf      0x0000000020000f04      0x138 C:/ST/STM32CubeIDE_1.13.1/STM32CubeIDE/plugins/com.st.stm32cube.ide.mcu.externaltools.gnu-tools-for-stm32.11.3.rel1.win32_1.1.0.202305231506/tools/bin/../lib/gcc/arm-none-eabi/11.3.1/../../../../arm-none-eabi/lib/thumb/v7-m/nofp\libc_nano.a(libc_a-findfp.o)
                0x0000000020000f04                __sf
 *(COMMON)
                0x000000002000103c                . = ALIGN (0x4)
                0x000000002000103c                _ebss = .
                0x000000002000103c                __bss_end__ = _ebss

._user_heap_stack
                0x000000002000103c      0x604 load address 0x0000000008003950
                0x0000000020001040                . = ALIGN (0x8)
 *fill*         0x000000002000103c        0x4 
                0x0000000020001040                PROVIDE (end = .)
                [!provide]                        PROVIDE (_end = .)
                0x0000000020001240                . = (. + _Min_Heap_Size)
 *fill*         0x0000000020001040      0x200 
                0x0000000020001640                . = (. + _Min_Stack_Size)
 *fill*         0x0000000020001240      0x400 
                0x0000000020001640                . = ALIGN (0x8)

/DISCARD/
 libc.a(*)
 libm.a(*)
 libgcc.a(*)

.ARM.attributes
                0x0000000000000000       0x29
 *(.ARM.attributes)
 .ARM.attributes
                0x0000000000000000       0x1d C:/ST/STM32CubeIDE_1.13.1/STM32CubeIDE/plugins/com.st.stm32cube.ide.mcu.externaltools.gnu-tools-for-stm32.11.3.rel1.win32_1.1.0.202305231506/tools/bin/../lib/gcc/arm-none-eabi/11.3.1/thumb/v7-m/nofp/crti.o
 .ARM.attributes
                0x000000000000001d       0x2d C:/ST/STM32CubeIDE_1.13.1/STM32CubeIDE/plugins/com.st.stm32cube.ide.mcu.externaltools.gnu-tools-for-stm32.11.3.rel1.win32_1.1.0.202305231506/tools/bin/../lib/gcc/arm-none-eabi/11.3.1/thumb/v7-m/nofp/crtbegin.o
 .ARM.attributes
                0x000000000000004a       0x2d ./Core/Src/DC_program.o
 .ARM.attributes
                0x0000000000000077       0x2d ./Core/Src/DIO_program.o
 .ARM.attributes
                0x00000000000000a4       0x2d ./Core/Src/RCC_program.o
 .ARM.attributes
                0x00000000000000d1       0x2d ./Core/Src/SERVO_program.o
 .ARM.attributes
                0x00000000000000fe       0x2d ./Core/Src/TIM1_program.o
 .ARM.attributes
                0x000000000000012b       0x2d ./Core/Src/TIM2_program.o
 .ARM.attributes
                0x0000000000000158       0x2d ./Core/Src/TIM3_program.o
 .ARM.attributes
                0x0000000000000185       0x2d ./Core/Src/ULTRASONIC_program.o
 .ARM.attributes
                0x00000000000001b2       0x2d ./Core/Src/USART_program.o
 .ARM.attributes
                0x00000000000001df       0x2d ./Core/Src/app.o
 .ARM.attributes
                0x000000000000020c       0x2d ./Core/Src/main.o
 .ARM.attributes
                0x0000000000000239       0x2d ./Core/Src/stm32f1xx_hal_msp.o
 .ARM.attributes
                0x0000000000000266       0x2d ./Core/Src/stm32f1xx_it.o
 .ARM.attributes
                0x0000000000000293       0x2d ./Core/Src/system_stm32f1xx.o
 .ARM.attributes
                0x00000000000002c0       0x21 ./Core/Startup/startup_stm32f103c8tx.o
 .ARM.attributes
                0x00000000000002e1       0x2d ./Drivers/STM32F1xx_HAL_Driver/Src/stm32f1xx_hal.o
 .ARM.attributes
                0x000000000000030e       0x2d ./Drivers/STM32F1xx_HAL_Driver/Src/stm32f1xx_hal_gpio.o
 .ARM.attributes
                0x000000000000033b       0x2d ./Drivers/STM32F1xx_HAL_Driver/Src/stm32f1xx_hal_tim.o
 .ARM.attributes
                0x0000000000000368       0x2d ./Drivers/STM32F1xx_HAL_Driver/Src/stm32f1xx_hal_tim_ex.o
 .ARM.attributes
                0x0000000000000395       0x2d ./Middlewares/Third_Party/FreeRTOS/Source/list.o
 .ARM.attributes
                0x00000000000003c2       0x2d ./Middlewares/Third_Party/FreeRTOS/Source/tasks.o
 .ARM.attributes
                0x00000000000003ef       0x2d ./Middlewares/Third_Party/FreeRTOS/Source/portable/GCC/ARM_CM3/port.o
 .ARM.attributes
                0x000000000000041c       0x2d ./Middlewares/Third_Party/FreeRTOS/Source/portable/MemMang/heap_4.o
 .ARM.attributes
                0x0000000000000449       0x2d C:/ST/STM32CubeIDE_1.13.1/STM32CubeIDE/plugins/com.st.stm32cube.ide.mcu.externaltools.gnu-tools-for-stm32.11.3.rel1.win32_1.1.0.202305231506/tools/bin/../lib/gcc/arm-none-eabi/11.3.1/../../../../arm-none-eabi/lib/thumb/v7-m/nofp\libc_nano.a(libc_a-findfp.o)
 .ARM.attributes
                0x0000000000000476       0x2d C:/ST/STM32CubeIDE_1.13.1/STM32CubeIDE/plugins/com.st.stm32cube.ide.mcu.externaltools.gnu-tools-for-stm32.11.3.rel1.win32_1.1.0.202305231506/tools/bin/../lib/gcc/arm-none-eabi/11.3.1/../../../../arm-none-eabi/lib/thumb/v7-m/nofp\libc_nano.a(libc_a-memset.o)
 .ARM.attributes
                0x00000000000004a3       0x2d C:/ST/STM32CubeIDE_1.13.1/STM32CubeIDE/plugins/com.st.stm32cube.ide.mcu.externaltools.gnu-tools-for-stm32.11.3.rel1.win32_1.1.0.202305231506/tools/bin/../lib/gcc/arm-none-eabi/11.3.1/../../../../arm-none-eabi/lib/thumb/v7-m/nofp\libc_nano.a(libc_a-impure.o)
 .ARM.attributes
                0x00000000000004d0       0x2d C:/ST/STM32CubeIDE_1.13.1/STM32CubeIDE/plugins/com.st.stm32cube.ide.mcu.externaltools.gnu-tools-for-stm32.11.3.rel1.win32_1.1.0.202305231506/tools/bin/../lib/gcc/arm-none-eabi/11.3.1/../../../../arm-none-eabi/lib/thumb/v7-m/nofp\libc_nano.a(libc_a-init.o)
 .ARM.attributes
                0x00000000000004fd       0x1d C:/ST/STM32CubeIDE_1.13.1/STM32CubeIDE/plugins/com.st.stm32cube.ide.mcu.externaltools.gnu-tools-for-stm32.11.3.rel1.win32_1.1.0.202305231506/tools/bin/../lib/gcc/arm-none-eabi/11.3.1/thumb/v7-m/nofp\libgcc.a(_arm_addsubsf3.o)
 .ARM.attributes
                0x000000000000051a       0x1d C:/ST/STM32CubeIDE_1.13.1/STM32CubeIDE/plugins/com.st.stm32cube.ide.mcu.externaltools.gnu-tools-for-stm32.11.3.rel1.win32_1.1.0.202305231506/tools/bin/../lib/gcc/arm-none-eabi/11.3.1/thumb/v7-m/nofp\libgcc.a(_arm_muldivsf3.o)
 .ARM.attributes
                0x0000000000000537       0x1d C:/ST/STM32CubeIDE_1.13.1/STM32CubeIDE/plugins/com.st.stm32cube.ide.mcu.externaltools.gnu-tools-for-stm32.11.3.rel1.win32_1.1.0.202305231506/tools/bin/../lib/gcc/arm-none-eabi/11.3.1/thumb/v7-m/nofp\libgcc.a(_arm_cmpsf2.o)
 .ARM.attributes
                0x0000000000000554       0x1d C:/ST/STM32CubeIDE_1.13.1/STM32CubeIDE/plugins/com.st.stm32cube.ide.mcu.externaltools.gnu-tools-for-stm32.11.3.rel1.win32_1.1.0.202305231506/tools/bin/../lib/gcc/arm-none-eabi/11.3.1/thumb/v7-m/nofp\libgcc.a(_arm_fixunssfsi.o)
 .ARM.attributes
                0x0000000000000571       0x1d C:/ST/STM32CubeIDE_1.13.1/STM32CubeIDE/plugins/com.st.stm32cube.ide.mcu.externaltools.gnu-tools-for-stm32.11.3.rel1.win32_1.1.0.202305231506/tools/bin/../lib/gcc/arm-none-eabi/11.3.1/thumb/v7-m/nofp/crtn.o
OUTPUT(C8.elf elf32-littlearm)
LOAD linker stubs
LOAD C:/ST/STM32CubeIDE_1.13.1/STM32CubeIDE/plugins/com.st.stm32cube.ide.mcu.externaltools.gnu-tools-for-stm32.11.3.rel1.win32_1.1.0.202305231506/tools/bin/../lib/gcc/arm-none-eabi/11.3.1/../../../../arm-none-eabi/lib/thumb/v7-m/nofp\libc.a
LOAD C:/ST/STM32CubeIDE_1.13.1/STM32CubeIDE/plugins/com.st.stm32cube.ide.mcu.externaltools.gnu-tools-for-stm32.11.3.rel1.win32_1.1.0.202305231506/tools/bin/../lib/gcc/arm-none-eabi/11.3.1/../../../../arm-none-eabi/lib/thumb/v7-m/nofp\libm.a
LOAD C:/ST/STM32CubeIDE_1.13.1/STM32CubeIDE/plugins/com.st.stm32cube.ide.mcu.externaltools.gnu-tools-for-stm32.11.3.rel1.win32_1.1.0.202305231506/tools/bin/../lib/gcc/arm-none-eabi/11.3.1/thumb/v7-m/nofp\libgcc.a

.comment        0x0000000000000000       0x43
 .comment       0x0000000000000000       0x43 C:/ST/STM32CubeIDE_1.13.1/STM32CubeIDE/plugins/com.st.stm32cube.ide.mcu.externaltools.gnu-tools-for-stm32.11.3.rel1.win32_1.1.0.202305231506/tools/bin/../lib/gcc/arm-none-eabi/11.3.1/thumb/v7-m/nofp/crtbegin.o
                                         0x44 (size before relaxing)
 .comment       0x0000000000000043       0x44 ./Core/Src/DC_program.o
 .comment       0x0000000000000043       0x44 ./Core/Src/DIO_program.o
 .comment       0x0000000000000043       0x44 ./Core/Src/RCC_program.o
 .comment       0x0000000000000043       0x44 ./Core/Src/SERVO_program.o
 .comment       0x0000000000000043       0x44 ./Core/Src/TIM1_program.o
 .comment       0x0000000000000043       0x44 ./Core/Src/TIM2_program.o
 .comment       0x0000000000000043       0x44 ./Core/Src/TIM3_program.o
 .comment       0x0000000000000043       0x44 ./Core/Src/ULTRASONIC_program.o
 .comment       0x0000000000000043       0x44 ./Core/Src/USART_program.o
 .comment       0x0000000000000043       0x44 ./Core/Src/app.o
 .comment       0x0000000000000043       0x44 ./Core/Src/main.o
 .comment       0x0000000000000043       0x44 ./Core/Src/stm32f1xx_hal_msp.o
 .comment       0x0000000000000043       0x44 ./Core/Src/stm32f1xx_it.o
 .comment       0x0000000000000043       0x44 ./Core/Src/system_stm32f1xx.o
 .comment       0x0000000000000043       0x44 ./Drivers/STM32F1xx_HAL_Driver/Src/stm32f1xx_hal.o
 .comment       0x0000000000000043       0x44 ./Drivers/STM32F1xx_HAL_Driver/Src/stm32f1xx_hal_gpio.o
 .comment       0x0000000000000043       0x44 ./Drivers/STM32F1xx_HAL_Driver/Src/stm32f1xx_hal_tim.o
 .comment       0x0000000000000043       0x44 ./Drivers/STM32F1xx_HAL_Driver/Src/stm32f1xx_hal_tim_ex.o
 .comment       0x0000000000000043       0x44 ./Middlewares/Third_Party/FreeRTOS/Source/list.o
 .comment       0x0000000000000043       0x44 ./Middlewares/Third_Party/FreeRTOS/Source/tasks.o
 .comment       0x0000000000000043       0x44 ./Middlewares/Third_Party/FreeRTOS/Source/portable/GCC/ARM_CM3/port.o
 .comment       0x0000000000000043       0x44 ./Middlewares/Third_Party/FreeRTOS/Source/portable/MemMang/heap_4.o

.debug_info     0x0000000000000000     0xa747
 .debug_info    0x0000000000000000      0x156 ./Core/Src/DC_program.o
 .debug_info    0x0000000000000156      0x226 ./Core/Src/DIO_program.o
 .debug_info    0x000000000000037c       0xf8 ./Core/Src/RCC_program.o
 .debug_info    0x0000000000000474      0x129 ./Core/Src/SERVO_program.o
 .debug_info    0x000000000000059d      0x9c7 ./Core/Src/TIM1_program.o
 .debug_info    0x0000000000000f64      0xad8 ./Core/Src/TIM2_program.o
 .debug_info    0x0000000000001a3c      0x846 ./Core/Src/TIM3_program.o
 .debug_info    0x0000000000002282      0x178 ./Core/Src/ULTRASONIC_program.o
 .debug_info    0x00000000000023fa       0xac ./Core/Src/USART_program.o
 .debug_info    0x00000000000024a6      0x34b ./Core/Src/app.o
 .debug_info    0x00000000000027f1      0x1cb ./Core/Src/main.o
 .debug_info    0x00000000000029bc      0xa5c ./Core/Src/stm32f1xx_hal_msp.o
 .debug_info    0x0000000000003418      0x102 ./Core/Src/stm32f1xx_it.o
 .debug_info    0x000000000000351a      0x222 ./Core/Src/system_stm32f1xx.o
 .debug_info    0x000000000000373c       0x23 ./Core/Startup/startup_stm32f103c8tx.o
 .debug_info    0x000000000000375f      0x704 ./Drivers/STM32F1xx_HAL_Driver/Src/stm32f1xx_hal.o
 .debug_info    0x0000000000003e63      0x5ab ./Drivers/STM32F1xx_HAL_Driver/Src/stm32f1xx_hal_gpio.o
 .debug_info    0x000000000000440e     0x293b ./Drivers/STM32F1xx_HAL_Driver/Src/stm32f1xx_hal_tim.o
 .debug_info    0x0000000000006d49     0x149b ./Drivers/STM32F1xx_HAL_Driver/Src/stm32f1xx_hal_tim_ex.o
 .debug_info    0x00000000000081e4      0x2aa ./Middlewares/Third_Party/FreeRTOS/Source/list.o
 .debug_info    0x000000000000848e     0x1a62 ./Middlewares/Third_Party/FreeRTOS/Source/tasks.o
 .debug_info    0x0000000000009ef0      0x494 ./Middlewares/Third_Party/FreeRTOS/Source/portable/GCC/ARM_CM3/port.o
 .debug_info    0x000000000000a384      0x3c3 ./Middlewares/Third_Party/FreeRTOS/Source/portable/MemMang/heap_4.o

.debug_abbrev   0x0000000000000000     0x2285
 .debug_abbrev  0x0000000000000000       0xad ./Core/Src/DC_program.o
 .debug_abbrev  0x00000000000000ad       0xe5 ./Core/Src/DIO_program.o
 .debug_abbrev  0x0000000000000192       0x7a ./Core/Src/RCC_program.o
 .debug_abbrev  0x000000000000020c       0xab ./Core/Src/SERVO_program.o
 .debug_abbrev  0x00000000000002b7      0x24c ./Core/Src/TIM1_program.o
 .debug_abbrev  0x0000000000000503      0x24b ./Core/Src/TIM2_program.o
 .debug_abbrev  0x000000000000074e      0x21f ./Core/Src/TIM3_program.o
 .debug_abbrev  0x000000000000096d       0xc4 ./Core/Src/ULTRASONIC_program.o
 .debug_abbrev  0x0000000000000a31       0x62 ./Core/Src/USART_program.o
 .debug_abbrev  0x0000000000000a93      0x141 ./Core/Src/app.o
 .debug_abbrev  0x0000000000000bd4      0x10b ./Core/Src/main.o
 .debug_abbrev  0x0000000000000cdf      0x1ec ./Core/Src/stm32f1xx_hal_msp.o
 .debug_abbrev  0x0000000000000ecb       0x86 ./Core/Src/stm32f1xx_it.o
 .debug_abbrev  0x0000000000000f51      0x13f ./Core/Src/system_stm32f1xx.o
 .debug_abbrev  0x0000000000001090       0x12 ./Core/Startup/startup_stm32f103c8tx.o
 .debug_abbrev  0x00000000000010a2      0x201 ./Drivers/STM32F1xx_HAL_Driver/Src/stm32f1xx_hal.o
 .debug_abbrev  0x00000000000012a3      0x1ca ./Drivers/STM32F1xx_HAL_Driver/Src/stm32f1xx_hal_gpio.o
 .debug_abbrev  0x000000000000146d      0x277 ./Drivers/STM32F1xx_HAL_Driver/Src/stm32f1xx_hal_tim.o
 .debug_abbrev  0x00000000000016e4      0x282 ./Drivers/STM32F1xx_HAL_Driver/Src/stm32f1xx_hal_tim_ex.o
 .debug_abbrev  0x0000000000001966       0xf5 ./Middlewares/Third_Party/FreeRTOS/Source/list.o
 .debug_abbrev  0x0000000000001a5b      0x3cd ./Middlewares/Third_Party/FreeRTOS/Source/tasks.o
 .debug_abbrev  0x0000000000001e28      0x258 ./Middlewares/Third_Party/FreeRTOS/Source/portable/GCC/ARM_CM3/port.o
 .debug_abbrev  0x0000000000002080      0x205 ./Middlewares/Third_Party/FreeRTOS/Source/portable/MemMang/heap_4.o

.debug_aranges  0x0000000000000000      0xbe8
 .debug_aranges
                0x0000000000000000       0x38 ./Core/Src/DC_program.o
 .debug_aranges
                0x0000000000000038       0x40 ./Core/Src/DIO_program.o
 .debug_aranges
                0x0000000000000078       0x30 ./Core/Src/RCC_program.o
 .debug_aranges
                0x00000000000000a8       0x28 ./Core/Src/SERVO_program.o
 .debug_aranges
                0x00000000000000d0       0x48 ./Core/Src/TIM1_program.o
 .debug_aranges
                0x0000000000000118       0x48 ./Core/Src/TIM2_program.o
 .debug_aranges
                0x0000000000000160       0x48 ./Core/Src/TIM3_program.o
 .debug_aranges
                0x00000000000001a8       0x28 ./Core/Src/ULTRASONIC_program.o
 .debug_aranges
                0x00000000000001d0       0x28 ./Core/Src/USART_program.o
 .debug_aranges
                0x00000000000001f8       0x48 ./Core/Src/app.o
 .debug_aranges
                0x0000000000000240       0x20 ./Core/Src/main.o
 .debug_aranges
                0x0000000000000260       0x48 ./Core/Src/stm32f1xx_hal_msp.o
 .debug_aranges
                0x00000000000002a8       0x50 ./Core/Src/stm32f1xx_it.o
 .debug_aranges
                0x00000000000002f8       0x28 ./Core/Src/system_stm32f1xx.o
 .debug_aranges
                0x0000000000000320       0x28 ./Core/Startup/startup_stm32f103c8tx.o
 .debug_aranges
                0x0000000000000348       0xe0 ./Drivers/STM32F1xx_HAL_Driver/Src/stm32f1xx_hal.o
 .debug_aranges
                0x0000000000000428       0x58 ./Drivers/STM32F1xx_HAL_Driver/Src/stm32f1xx_hal_gpio.o
 .debug_aranges
                0x0000000000000480      0x3d0 ./Drivers/STM32F1xx_HAL_Driver/Src/stm32f1xx_hal_tim.o
 .debug_aranges
                0x0000000000000850      0x168 ./Drivers/STM32F1xx_HAL_Driver/Src/stm32f1xx_hal_tim_ex.o
 .debug_aranges
                0x00000000000009b8       0x40 ./Middlewares/Third_Party/FreeRTOS/Source/list.o
 .debug_aranges
                0x00000000000009f8      0x128 ./Middlewares/Third_Party/FreeRTOS/Source/tasks.o
 .debug_aranges
                0x0000000000000b20       0x78 ./Middlewares/Third_Party/FreeRTOS/Source/portable/GCC/ARM_CM3/port.o
 .debug_aranges
                0x0000000000000b98       0x50 ./Middlewares/Third_Party/FreeRTOS/Source/portable/MemMang/heap_4.o

.debug_rnglists
                0x0000000000000000      0x90f
 .debug_rnglists
                0x0000000000000000       0x25 ./Core/Src/DC_program.o
 .debug_rnglists
                0x0000000000000025       0x2f ./Core/Src/DIO_program.o
 .debug_rnglists
                0x0000000000000054       0x21 ./Core/Src/RCC_program.o
 .debug_rnglists
                0x0000000000000075       0x19 ./Core/Src/SERVO_program.o
 .debug_rnglists
                0x000000000000008e       0x32 ./Core/Src/TIM1_program.o
 .debug_rnglists
                0x00000000000000c0       0x33 ./Core/Src/TIM2_program.o
 .debug_rnglists
                0x00000000000000f3       0x40 ./Core/Src/TIM3_program.o
 .debug_rnglists
                0x0000000000000133       0x1a ./Core/Src/ULTRASONIC_program.o
 .debug_rnglists
                0x000000000000014d       0x19 ./Core/Src/USART_program.o
 .debug_rnglists
                0x0000000000000166       0x33 ./Core/Src/app.o
 .debug_rnglists
                0x0000000000000199       0x13 ./Core/Src/main.o
 .debug_rnglists
                0x00000000000001ac       0x32 ./Core/Src/stm32f1xx_hal_msp.o
 .debug_rnglists
                0x00000000000001de       0x37 ./Core/Src/stm32f1xx_it.o
 .debug_rnglists
                0x0000000000000215       0x1a ./Core/Src/system_stm32f1xx.o
 .debug_rnglists
                0x000000000000022f       0x19 ./Core/Startup/startup_stm32f103c8tx.o
 .debug_rnglists
                0x0000000000000248       0xa3 ./Drivers/STM32F1xx_HAL_Driver/Src/stm32f1xx_hal.o
 .debug_rnglists
                0x00000000000002eb       0x3f ./Drivers/STM32F1xx_HAL_Driver/Src/stm32f1xx_hal_gpio.o
 .debug_rnglists
                0x000000000000032a      0x31a ./Drivers/STM32F1xx_HAL_Driver/Src/stm32f1xx_hal_tim.o
 .debug_rnglists
                0x0000000000000644      0x125 ./Drivers/STM32F1xx_HAL_Driver/Src/stm32f1xx_hal_tim_ex.o
 .debug_rnglists
                0x0000000000000769       0x2b ./Middlewares/Third_Party/FreeRTOS/Source/list.o
 .debug_rnglists
                0x0000000000000794       0xea ./Middlewares/Third_Party/FreeRTOS/Source/tasks.o
 .debug_rnglists
                0x000000000000087e       0x56 ./Middlewares/Third_Party/FreeRTOS/Source/portable/GCC/ARM_CM3/port.o
 .debug_rnglists
                0x00000000000008d4       0x3b ./Middlewares/Third_Party/FreeRTOS/Source/portable/MemMang/heap_4.o

.debug_macro    0x0000000000000000    0x18acd
 .debug_macro   0x0000000000000000       0x74 ./Core/Src/DC_program.o
 .debug_macro   0x0000000000000074      0xa9c ./Core/Src/DC_program.o
 .debug_macro   0x0000000000000b10       0x22 ./Core/Src/DC_program.o
 .debug_macro   0x0000000000000b32       0x22 ./Core/Src/DC_program.o
 .debug_macro   0x0000000000000b54       0x94 ./Core/Src/DC_program.o
 .debug_macro   0x0000000000000be8       0x52 ./Core/Src/DC_program.o
 .debug_macro   0x0000000000000c3a       0xdc ./Core/Src/DC_program.o
 .debug_macro   0x0000000000000d16      0x1e4 ./Core/Src/DC_program.o
 .debug_macro   0x0000000000000efa       0x46 ./Core/Src/DC_program.o
 .debug_macro   0x0000000000000f40       0x4c ./Core/Src/DIO_program.o
 .debug_macro   0x0000000000000f8c       0x4c ./Core/Src/DIO_program.o
 .debug_macro   0x0000000000000fd8       0x22 ./Core/Src/DIO_program.o
 .debug_macro   0x0000000000000ffa       0x3f ./Core/Src/RCC_program.o
 .debug_macro   0x0000000000001039       0x28 ./Core/Src/RCC_program.o
 .debug_macro   0x0000000000001061       0x90 ./Core/Src/SERVO_program.o
 .debug_macro   0x00000000000010f1       0x2e ./Core/Src/SERVO_program.o
 .debug_macro   0x000000000000111f       0x34 ./Core/Src/SERVO_program.o
 .debug_macro   0x0000000000001153       0x16 ./Core/Src/SERVO_program.o
 .debug_macro   0x0000000000001169       0x58 ./Core/Src/SERVO_program.o
 .debug_macro   0x00000000000011c1      0x1ce ./Core/Src/TIM1_program.o
 .debug_macro   0x000000000000138f       0x2e ./Core/Src/TIM1_program.o
 .debug_macro   0x00000000000013bd       0x22 ./Core/Src/TIM1_program.o
 .debug_macro   0x00000000000013df       0x22 ./Core/Src/TIM1_program.o
 .debug_macro   0x0000000000001401       0x8e ./Core/Src/TIM1_program.o
 .debug_macro   0x000000000000148f       0x51 ./Core/Src/TIM1_program.o
 .debug_macro   0x00000000000014e0      0x103 ./Core/Src/TIM1_program.o
 .debug_macro   0x00000000000015e3       0x6a ./Core/Src/TIM1_program.o
 .debug_macro   0x000000000000164d      0x1df ./Core/Src/TIM1_program.o
 .debug_macro   0x000000000000182c       0x1c ./Core/Src/TIM1_program.o
 .debug_macro   0x0000000000001848       0x22 ./Core/Src/TIM1_program.o
 .debug_macro   0x000000000000186a       0xbd ./Core/Src/TIM1_program.o
 .debug_macro   0x0000000000001927      0xd23 ./Core/Src/TIM1_program.o
 .debug_macro   0x000000000000264a     0xe09e ./Core/Src/TIM1_program.o
 .debug_macro   0x00000000000106e8       0x6d ./Core/Src/TIM1_program.o
 .debug_macro   0x0000000000010755      0x215 ./Core/Src/TIM1_program.o
 .debug_macro   0x000000000001096a     0x348d ./Core/Src/TIM1_program.o
 .debug_macro   0x0000000000013df7      0x174 ./Core/Src/TIM1_program.o
 .debug_macro   0x0000000000013f6b       0x5c ./Core/Src/TIM1_program.o
 .debug_macro   0x0000000000013fc7      0x5bc ./Core/Src/TIM1_program.o
 .debug_macro   0x0000000000014583      0x289 ./Core/Src/TIM1_program.o
 .debug_macro   0x000000000001480c      0x1cb ./Core/Src/TIM1_program.o
 .debug_macro   0x00000000000149d7      0x114 ./Core/Src/TIM1_program.o
 .debug_macro   0x0000000000014aeb      0x1b2 ./Core/Src/TIM1_program.o
 .debug_macro   0x0000000000014c9d       0x27 ./Core/Src/TIM1_program.o
 .debug_macro   0x0000000000014cc4      0x136 ./Core/Src/TIM1_program.o
 .debug_macro   0x0000000000014dfa      0x1bc ./Core/Src/TIM1_program.o
 .debug_macro   0x0000000000014fb6       0x34 ./Core/Src/TIM1_program.o
 .debug_macro   0x0000000000014fea       0x3c ./Core/Src/TIM1_program.o
 .debug_macro   0x0000000000015026       0x57 ./Core/Src/TIM1_program.o
 .debug_macro   0x000000000001507d       0x87 ./Core/Src/TIM1_program.o
 .debug_macro   0x0000000000015104      0x240 ./Core/Src/TIM1_program.o
 .debug_macro   0x0000000000015344      0x140 ./Core/Src/TIM1_program.o
 .debug_macro   0x0000000000015484       0x83 ./Core/Src/TIM1_program.o
 .debug_macro   0x0000000000015507      0x8e7 ./Core/Src/TIM1_program.o
 .debug_macro   0x0000000000015dee      0x1dd ./Core/Src/TIM2_program.o
 .debug_macro   0x0000000000015fcb      0x1db ./Core/Src/TIM3_program.o
 .debug_macro   0x00000000000161a6       0x1c ./Core/Src/TIM3_program.o
 .debug_macro   0x00000000000161c2       0x10 ./Core/Src/TIM3_program.o
 .debug_macro   0x00000000000161d2       0x7c ./Core/Src/TIM3_program.o
 .debug_macro   0x000000000001624e       0x6b ./Core/Src/ULTRASONIC_program.o
 .debug_macro   0x00000000000162b9       0x22 ./Core/Src/ULTRASONIC_program.o
 .debug_macro   0x00000000000162db       0x3d ./Core/Src/USART_program.o
 .debug_macro   0x0000000000016318       0x3a ./Core/Src/USART_program.o
 .debug_macro   0x0000000000016352      0x204 ./Core/Src/app.o
 .debug_macro   0x0000000000016556       0x40 ./Core/Src/app.o
 .debug_macro   0x0000000000016596       0x10 ./Core/Src/app.o
 .debug_macro   0x00000000000165a6       0x3a ./Core/Src/app.o
 .debug_macro   0x00000000000165e0       0x22 ./Core/Src/app.o
 .debug_macro   0x0000000000016602       0xd6 ./Core/Src/app.o
 .debug_macro   0x00000000000166d8      0x15a ./Core/Src/app.o
 .debug_macro   0x0000000000016832       0xd7 ./Core/Src/app.o
 .debug_macro   0x0000000000016909       0x10 ./Core/Src/app.o
 .debug_macro   0x0000000000016919       0x1f ./Core/Src/app.o
 .debug_macro   0x0000000000016938       0x61 ./Core/Src/app.o
 .debug_macro   0x0000000000016999       0x24 ./Core/Src/app.o
 .debug_macro   0x00000000000169bd       0x43 ./Core/Src/app.o
 .debug_macro   0x0000000000016a00       0x34 ./Core/Src/app.o
 .debug_macro   0x0000000000016a34       0x16 ./Core/Src/app.o
 .debug_macro   0x0000000000016a4a       0x43 ./Core/Src/app.o
 .debug_macro   0x0000000000016a8d       0x34 ./Core/Src/app.o
 .debug_macro   0x0000000000016ac1       0x10 ./Core/Src/app.o
 .debug_macro   0x0000000000016ad1       0x58 ./Core/Src/app.o
 .debug_macro   0x0000000000016b29       0x8e ./Core/Src/app.o
 .debug_macro   0x0000000000016bb7       0x1c ./Core/Src/app.o
 .debug_macro   0x0000000000016bd3      0x177 ./Core/Src/app.o
 .debug_macro   0x0000000000016d4a       0x10 ./Core/Src/app.o
 .debug_macro   0x0000000000016d5a       0x35 ./Core/Src/app.o
 .debug_macro   0x0000000000016d8f      0x4b1 ./Core/Src/app.o
 .debug_macro   0x0000000000017240       0xb5 ./Core/Src/app.o
 .debug_macro   0x00000000000172f5       0x8c ./Core/Src/app.o
 .debug_macro   0x0000000000017381      0x18a ./Core/Src/main.o
 .debug_macro   0x000000000001750b      0x1a3 ./Core/Src/stm32f1xx_hal_msp.o
 .debug_macro   0x00000000000176ae      0x2b2 ./Core/Src/stm32f1xx_it.o
 .debug_macro   0x0000000000017960       0xd6 ./Core/Src/stm32f1xx_it.o
 .debug_macro   0x0000000000017a36      0x199 ./Core/Src/system_stm32f1xx.o
 .debug_macro   0x0000000000017bcf      0x1bd ./Drivers/STM32F1xx_HAL_Driver/Src/stm32f1xx_hal.o
 .debug_macro   0x0000000000017d8c      0x204 ./Drivers/STM32F1xx_HAL_Driver/Src/stm32f1xx_hal_gpio.o
 .debug_macro   0x0000000000017f90      0x19a ./Drivers/STM32F1xx_HAL_Driver/Src/stm32f1xx_hal_tim.o
 .debug_macro   0x000000000001812a      0x199 ./Drivers/STM32F1xx_HAL_Driver/Src/stm32f1xx_hal_tim_ex.o
 .debug_macro   0x00000000000182c3      0x199 ./Middlewares/Third_Party/FreeRTOS/Source/list.o
 .debug_macro   0x000000000001845c      0x292 ./Middlewares/Third_Party/FreeRTOS/Source/tasks.o
 .debug_macro   0x00000000000186ee       0x10 ./Middlewares/Third_Party/FreeRTOS/Source/tasks.o
 .debug_macro   0x00000000000186fe      0x20f ./Middlewares/Third_Party/FreeRTOS/Source/portable/GCC/ARM_CM3/port.o
 .debug_macro   0x000000000001890d      0x1c0 ./Middlewares/Third_Party/FreeRTOS/Source/portable/MemMang/heap_4.o

.debug_line     0x0000000000000000     0xd942
 .debug_line    0x0000000000000000      0x191 ./Core/Src/DC_program.o
 .debug_line    0x0000000000000191      0x386 ./Core/Src/DIO_program.o
 .debug_line    0x0000000000000517      0x110 ./Core/Src/RCC_program.o
 .debug_line    0x0000000000000627      0x18b ./Core/Src/SERVO_program.o
 .debug_line    0x00000000000007b2      0x825 ./Core/Src/TIM1_program.o
 .debug_line    0x0000000000000fd7      0x827 ./Core/Src/TIM2_program.o
 .debug_line    0x00000000000017fe      0x88b ./Core/Src/TIM3_program.o
 .debug_line    0x0000000000002089      0x193 ./Core/Src/ULTRASONIC_program.o
 .debug_line    0x000000000000221c       0xdb ./Core/Src/USART_program.o
 .debug_line    0x00000000000022f7      0x8de ./Core/Src/app.o
 .debug_line    0x0000000000002bd5      0x6a9 ./Core/Src/main.o
 .debug_line    0x000000000000327e      0x7bd ./Core/Src/stm32f1xx_hal_msp.o
 .debug_line    0x0000000000003a3b      0x9b3 ./Core/Src/stm32f1xx_it.o
 .debug_line    0x00000000000043ee      0x763 ./Core/Src/system_stm32f1xx.o
 .debug_line    0x0000000000004b51       0x78 ./Core/Startup/startup_stm32f103c8tx.o
 .debug_line    0x0000000000004bc9      0x990 ./Drivers/STM32F1xx_HAL_Driver/Src/stm32f1xx_hal.o
 .debug_line    0x0000000000005559      0xa29 ./Drivers/STM32F1xx_HAL_Driver/Src/stm32f1xx_hal_gpio.o
 .debug_line    0x0000000000005f82     0x347c ./Drivers/STM32F1xx_HAL_Driver/Src/stm32f1xx_hal_tim.o
 .debug_line    0x00000000000093fe     0x18ef ./Drivers/STM32F1xx_HAL_Driver/Src/stm32f1xx_hal_tim_ex.o
 .debug_line    0x000000000000aced      0x796 ./Middlewares/Third_Party/FreeRTOS/Source/list.o
 .debug_line    0x000000000000b483     0x126a ./Middlewares/Third_Party/FreeRTOS/Source/tasks.o
 .debug_line    0x000000000000c6ed      0x8fd ./Middlewares/Third_Party/FreeRTOS/Source/portable/GCC/ARM_CM3/port.o
 .debug_line    0x000000000000cfea      0x958 ./Middlewares/Third_Party/FreeRTOS/Source/portable/MemMang/heap_4.o

.debug_str      0x0000000000000000    0x8eb30
 .debug_str     0x0000000000000000     0x3d0e ./Core/Src/DC_program.o
                                       0x3d92 (size before relaxing)
 .debug_str     0x0000000000003d0e      0x167 ./Core/Src/DIO_program.o
                                       0x3360 (size before relaxing)
 .debug_str     0x0000000000003e75      0x131 ./Core/Src/RCC_program.o
                                       0x36b1 (size before relaxing)
 .debug_str     0x0000000000003fa6      0x337 ./Core/Src/SERVO_program.o
                                       0x3cd8 (size before relaxing)
 .debug_str     0x00000000000042dd    0x7ef6a ./Core/Src/TIM1_program.o
                                      0x82580 (size before relaxing)
 .debug_str     0x0000000000083247      0x177 ./Core/Src/TIM2_program.o
                                      0x824be (size before relaxing)
 .debug_str     0x00000000000833be      0x484 ./Core/Src/TIM3_program.o
                                      0x82403 (size before relaxing)
 .debug_str     0x0000000000083842       0xd8 ./Core/Src/ULTRASONIC_program.o
                                       0x3a9f (size before relaxing)
 .debug_str     0x000000000008391a      0x19d ./Core/Src/USART_program.o
                                       0x3021 (size before relaxing)
 .debug_str     0x0000000000083ab7     0x5686 ./Core/Src/app.o
                                       0xa4d8 (size before relaxing)
 .debug_str     0x000000000008913d       0x4f ./Core/Src/main.o
                                       0x9653 (size before relaxing)
 .debug_str     0x000000000008918c      0x3ae ./Core/Src/stm32f1xx_hal_msp.o
                                      0x821e9 (size before relaxing)
 .debug_str     0x000000000008953a       0xe3 ./Core/Src/stm32f1xx_it.o
                                      0x86ed8 (size before relaxing)
 .debug_str     0x000000000008961d       0x88 ./Core/Src/system_stm32f1xx.o
                                      0x819b3 (size before relaxing)
 .debug_str     0x00000000000896a5       0x34 ./Core/Startup/startup_stm32f103c8tx.o
                                         0x5e (size before relaxing)
 .debug_str     0x00000000000896d9      0x397 ./Drivers/STM32F1xx_HAL_Driver/Src/stm32f1xx_hal.o
                                      0x820e6 (size before relaxing)
 .debug_str     0x0000000000089a70      0x362 ./Drivers/STM32F1xx_HAL_Driver/Src/stm32f1xx_hal_gpio.o
                                      0x81d39 (size before relaxing)
 .debug_str     0x0000000000089dd2      0xd1f ./Drivers/STM32F1xx_HAL_Driver/Src/stm32f1xx_hal_tim.o
                                      0x82dd4 (size before relaxing)
 .debug_str     0x000000000008aaf1      0x3e1 ./Drivers/STM32F1xx_HAL_Driver/Src/stm32f1xx_hal_tim_ex.o
                                      0x825f0 (size before relaxing)
 .debug_str     0x000000000008aed2     0x1798 ./Middlewares/Third_Party/FreeRTOS/Source/list.o
                                       0xa708 (size before relaxing)
 .debug_str     0x000000000008c66a     0x1c15 ./Middlewares/Third_Party/FreeRTOS/Source/tasks.o
                                       0xc989 (size before relaxing)
 .debug_str     0x000000000008e27f      0x66e ./Middlewares/Third_Party/FreeRTOS/Source/portable/GCC/ARM_CM3/port.o
                                       0x9cdb (size before relaxing)
 .debug_str     0x000000000008e8ed      0x243 ./Middlewares/Third_Party/FreeRTOS/Source/portable/MemMang/heap_4.o
                                       0xae55 (size before relaxing)

.debug_frame    0x0000000000000000     0x3014
 .debug_frame   0x0000000000000000       0x88 ./Core/Src/DC_program.o
 .debug_frame   0x0000000000000088       0xd8 ./Core/Src/DIO_program.o
 .debug_frame   0x0000000000000160       0x80 ./Core/Src/RCC_program.o
 .debug_frame   0x00000000000001e0       0x50 ./Core/Src/SERVO_program.o
 .debug_frame   0x0000000000000230       0xd0 ./Core/Src/TIM1_program.o
 .debug_frame   0x0000000000000300       0xd8 ./Core/Src/TIM2_program.o
 .debug_frame   0x00000000000003d8       0xd0 ./Core/Src/TIM3_program.o
 .debug_frame   0x00000000000004a8       0x48 ./Core/Src/ULTRASONIC_program.o
 .debug_frame   0x00000000000004f0       0x50 ./Core/Src/USART_program.o
 .debug_frame   0x0000000000000540       0xd0 ./Core/Src/app.o
 .debug_frame   0x0000000000000610       0x30 ./Core/Src/main.o
 .debug_frame   0x0000000000000640       0xf8 ./Core/Src/stm32f1xx_hal_msp.o
 .debug_frame   0x0000000000000738       0xc4 ./Core/Src/stm32f1xx_it.o
 .debug_frame   0x00000000000007fc       0x58 ./Core/Src/system_stm32f1xx.o
 .debug_frame   0x0000000000000854      0x334 ./Drivers/STM32F1xx_HAL_Driver/Src/stm32f1xx_hal.o
 .debug_frame   0x0000000000000b88      0x14c ./Drivers/STM32F1xx_HAL_Driver/Src/stm32f1xx_hal_gpio.o
 .debug_frame   0x0000000000000cd4     0x11bc ./Drivers/STM32F1xx_HAL_Driver/Src/stm32f1xx_hal_tim.o
 .debug_frame   0x0000000000001e90      0x638 ./Drivers/STM32F1xx_HAL_Driver/Src/stm32f1xx_hal_tim_ex.o
 .debug_frame   0x00000000000024c8       0xd8 ./Middlewares/Third_Party/FreeRTOS/Source/list.o
 .debug_frame   0x00000000000025a0      0x4dc ./Middlewares/Third_Party/FreeRTOS/Source/tasks.o
 .debug_frame   0x0000000000002a7c      0x198 ./Middlewares/Third_Party/FreeRTOS/Source/portable/GCC/ARM_CM3/port.o
 .debug_frame   0x0000000000002c14      0x108 ./Middlewares/Third_Party/FreeRTOS/Source/portable/MemMang/heap_4.o
 .debug_frame   0x0000000000002d1c      0x13c C:/ST/STM32CubeIDE_1.13.1/STM32CubeIDE/plugins/com.st.stm32cube.ide.mcu.externaltools.gnu-tools-for-stm32.11.3.rel1.win32_1.1.0.202305231506/tools/bin/../lib/gcc/arm-none-eabi/11.3.1/../../../../arm-none-eabi/lib/thumb/v7-m/nofp\libc_nano.a(libc_a-findfp.o)
 .debug_frame   0x0000000000002e58       0x20 C:/ST/STM32CubeIDE_1.13.1/STM32CubeIDE/plugins/com.st.stm32cube.ide.mcu.externaltools.gnu-tools-for-stm32.11.3.rel1.win32_1.1.0.202305231506/tools/bin/../lib/gcc/arm-none-eabi/11.3.1/../../../../arm-none-eabi/lib/thumb/v7-m/nofp\libc_nano.a(libc_a-memset.o)
 .debug_frame   0x0000000000002e78       0x2c C:/ST/STM32CubeIDE_1.13.1/STM32CubeIDE/plugins/com.st.stm32cube.ide.mcu.externaltools.gnu-tools-for-stm32.11.3.rel1.win32_1.1.0.202305231506/tools/bin/../lib/gcc/arm-none-eabi/11.3.1/../../../../arm-none-eabi/lib/thumb/v7-m/nofp\libc_nano.a(libc_a-init.o)
 .debug_frame   0x0000000000002ea4       0x4c C:/ST/STM32CubeIDE_1.13.1/STM32CubeIDE/plugins/com.st.stm32cube.ide.mcu.externaltools.gnu-tools-for-stm32.11.3.rel1.win32_1.1.0.202305231506/tools/bin/../lib/gcc/arm-none-eabi/11.3.1/thumb/v7-m/nofp\libgcc.a(_arm_addsubsf3.o)
 .debug_frame   0x0000000000002ef0       0x38 C:/ST/STM32CubeIDE_1.13.1/STM32CubeIDE/plugins/com.st.stm32cube.ide.mcu.externaltools.gnu-tools-for-stm32.11.3.rel1.win32_1.1.0.202305231506/tools/bin/../lib/gcc/arm-none-eabi/11.3.1/thumb/v7-m/nofp\libgcc.a(_arm_muldivsf3.o)
 .debug_frame   0x0000000000002f28       0xc8 C:/ST/STM32CubeIDE_1.13.1/STM32CubeIDE/plugins/com.st.stm32cube.ide.mcu.externaltools.gnu-tools-for-stm32.11.3.rel1.win32_1.1.0.202305231506/tools/bin/../lib/gcc/arm-none-eabi/11.3.1/thumb/v7-m/nofp\libgcc.a(_arm_cmpsf2.o)
 .debug_frame   0x0000000000002ff0       0x24 C:/ST/STM32CubeIDE_1.13.1/STM32CubeIDE/plugins/com.st.stm32cube.ide.mcu.externaltools.gnu-tools-for-stm32.11.3.rel1.win32_1.1.0.202305231506/tools/bin/../lib/gcc/arm-none-eabi/11.3.1/thumb/v7-m/nofp\libgcc.a(_arm_fixunssfsi.o)

.debug_line_str
                0x0000000000000000       0x52
 .debug_line_str
                0x0000000000000000       0x52 ./Core/Startup/startup_stm32f103c8tx.o
                                         0x6a (size before relaxing)
