../Middlewares/Third_Party/FreeRTOS/Source/tasks.c:3218:8:prvIdleTask	0	static,ignoring_inline_asm
../Middlewares/Third_Party/FreeRTOS/Source/tasks.c:3724:13:prvResetNextTaskUnblockTime	0	static
../Middlewares/Third_Party/FreeRTOS/Source/tasks.c:4906:13:prvAddCurrentTaskToDelayedList.constprop	16	static
../Middlewares/Third_Party/FreeRTOS/Source/tasks.c:726:13:xTaskCreate	40	static,ignoring_inline_asm
../Middlewares/Third_Party/FreeRTOS/Source/tasks.c:1895:6:vTaskStartScheduler	16	static,ignoring_inline_asm
../Middlewares/Third_Party/FreeRTOS/Source/tasks.c:2015:6:vTaskEndScheduler	0	static,ignoring_inline_asm
../Middlewares/Third_Party/FreeRTOS/Source/tasks.c:2026:6:vTaskSuspendAll	0	static
../Middlewares/Third_Party/FreeRTOS/Source/tasks.c:2209:12:xTaskGetTickCount	0	static
../Middlewares/Third_Party/FreeRTOS/Source/tasks.c:2224:12:xTaskGetTickCountFromISR	8	static
../Middlewares/Third_Party/FreeRTOS/Source/tasks.c:2255:13:uxTaskGetNumberOfTasks	0	static
../Middlewares/Third_Party/FreeRTOS/Source/tasks.c:2263:7:pcTaskGetName	0	static,ignoring_inline_asm
../Middlewares/Third_Party/FreeRTOS/Source/tasks.c:2583:12:xTaskIncrementTick	40	static,ignoring_inline_asm
../Middlewares/Third_Party/FreeRTOS/Source/tasks.c:2099:12:xTaskResumeAll	32	static,ignoring_inline_asm
../Middlewares/Third_Party/FreeRTOS/Source/tasks.c:1198:7:vTaskDelayUntil	8	static,ignoring_inline_asm
../Middlewares/Third_Party/FreeRTOS/Source/tasks.c:2845:6:vTaskSwitchContext	8	static,ignoring_inline_asm
../Middlewares/Third_Party/FreeRTOS/Source/tasks.c:2904:6:vTaskPlaceOnEventList	8	static,ignoring_inline_asm
../Middlewares/Third_Party/FreeRTOS/Source/tasks.c:2921:6:vTaskPlaceOnUnorderedEventList	8	static,ignoring_inline_asm
../Middlewares/Third_Party/FreeRTOS/Source/tasks.c:2978:12:xTaskRemoveFromEventList	16	static,ignoring_inline_asm
../Middlewares/Third_Party/FreeRTOS/Source/tasks.c:3046:6:vTaskRemoveFromUnorderedEventList	16	static,ignoring_inline_asm
../Middlewares/Third_Party/FreeRTOS/Source/tasks.c:3080:6:vTaskSetTimeOutState	8	static,ignoring_inline_asm
../Middlewares/Third_Party/FreeRTOS/Source/tasks.c:3092:6:vTaskInternalSetTimeOutState	0	static
../Middlewares/Third_Party/FreeRTOS/Source/tasks.c:3100:12:xTaskCheckForTimeOut	16	static,ignoring_inline_asm
../Middlewares/Third_Party/FreeRTOS/Source/tasks.c:3163:6:vTaskMissedYield	0	static
../Middlewares/Third_Party/FreeRTOS/Source/tasks.c:4376:12:uxTaskResetEventItemValue	0	static
../Middlewares/Third_Party/FreeRTOS/Source/tasks.c:4409:11:ulTaskNotifyTake	16	static,ignoring_inline_asm
../Middlewares/Third_Party/FreeRTOS/Source/tasks.c:4477:13:xTaskNotifyWait	24	static,ignoring_inline_asm
../Middlewares/Third_Party/FreeRTOS/Source/tasks.c:4557:13:xTaskGenericNotify	24	static,ignoring_inline_asm
../Middlewares/Third_Party/FreeRTOS/Source/tasks.c:4663:13:xTaskGenericNotifyFromISR	32	static,ignoring_inline_asm
../Middlewares/Third_Party/FreeRTOS/Source/tasks.c:4787:7:vTaskNotifyGiveFromISR	24	static,ignoring_inline_asm
../Middlewares/Third_Party/FreeRTOS/Source/tasks.c:4876:13:xTaskNotifyStateClear	8	static
