Archive member included to satisfy reference by file (symbol)

C:/ST/STM32CubeIDE_1.13.1/STM32CubeIDE/plugins/com.st.stm32cube.ide.mcu.externaltools.gnu-tools-for-stm32.11.3.rel1.win32_1.1.0.202305231506/tools/bin/../lib/gcc/arm-none-eabi/11.3.1/../../../../arm-none-eabi/lib/thumb/v7-m/nofp\libc_nano.a(libc_a-exit.o)
                              C:/ST/STM32CubeIDE_1.13.1/STM32CubeIDE/plugins/com.st.stm32cube.ide.mcu.externaltools.gnu-tools-for-stm32.11.3.rel1.win32_1.1.0.202305231506/tools/bin/../lib/gcc/arm-none-eabi/11.3.1/../../../../arm-none-eabi/lib/thumb/v7-m/nofp/crt0.o (exit)
C:/ST/STM32CubeIDE_1.13.1/STM32CubeIDE/plugins/com.st.stm32cube.ide.mcu.externaltools.gnu-tools-for-stm32.11.3.rel1.win32_1.1.0.202305231506/tools/bin/../lib/gcc/arm-none-eabi/11.3.1/../../../../arm-none-eabi/lib/thumb/v7-m/nofp\libc_nano.a(libc_a-findfp.o)
                              ./Middlewares/Third_Party/FreeRTOS/Source/tasks.o (__sf)
C:/ST/STM32CubeIDE_1.13.1/STM32CubeIDE/plugins/com.st.stm32cube.ide.mcu.externaltools.gnu-tools-for-stm32.11.3.rel1.win32_1.1.0.202305231506/tools/bin/../lib/gcc/arm-none-eabi/11.3.1/../../../../arm-none-eabi/lib/thumb/v7-m/nofp\libc_nano.a(libc_a-fwalk.o)
                              C:/ST/STM32CubeIDE_1.13.1/STM32CubeIDE/plugins/com.st.stm32cube.ide.mcu.externaltools.gnu-tools-for-stm32.11.3.rel1.win32_1.1.0.202305231506/tools/bin/../lib/gcc/arm-none-eabi/11.3.1/../../../../arm-none-eabi/lib/thumb/v7-m/nofp\libc_nano.a(libc_a-findfp.o) (_fwalk_sglue)
C:/ST/STM32CubeIDE_1.13.1/STM32CubeIDE/plugins/com.st.stm32cube.ide.mcu.externaltools.gnu-tools-for-stm32.11.3.rel1.win32_1.1.0.202305231506/tools/bin/../lib/gcc/arm-none-eabi/11.3.1/../../../../arm-none-eabi/lib/thumb/v7-m/nofp\libc_nano.a(libc_a-stdio.o)
                              C:/ST/STM32CubeIDE_1.13.1/STM32CubeIDE/plugins/com.st.stm32cube.ide.mcu.externaltools.gnu-tools-for-stm32.11.3.rel1.win32_1.1.0.202305231506/tools/bin/../lib/gcc/arm-none-eabi/11.3.1/../../../../arm-none-eabi/lib/thumb/v7-m/nofp\libc_nano.a(libc_a-findfp.o) (__sread)
C:/ST/STM32CubeIDE_1.13.1/STM32CubeIDE/plugins/com.st.stm32cube.ide.mcu.externaltools.gnu-tools-for-stm32.11.3.rel1.win32_1.1.0.202305231506/tools/bin/../lib/gcc/arm-none-eabi/11.3.1/../../../../arm-none-eabi/lib/thumb/v7-m/nofp\libc_nano.a(libc_a-memset.o)
                              C:/ST/STM32CubeIDE_1.13.1/STM32CubeIDE/plugins/com.st.stm32cube.ide.mcu.externaltools.gnu-tools-for-stm32.11.3.rel1.win32_1.1.0.202305231506/tools/bin/../lib/gcc/arm-none-eabi/11.3.1/../../../../arm-none-eabi/lib/thumb/v7-m/nofp/crt0.o (memset)
C:/ST/STM32CubeIDE_1.13.1/STM32CubeIDE/plugins/com.st.stm32cube.ide.mcu.externaltools.gnu-tools-for-stm32.11.3.rel1.win32_1.1.0.202305231506/tools/bin/../lib/gcc/arm-none-eabi/11.3.1/../../../../arm-none-eabi/lib/thumb/v7-m/nofp\libc_nano.a(libc_a-closer.o)
                              C:/ST/STM32CubeIDE_1.13.1/STM32CubeIDE/plugins/com.st.stm32cube.ide.mcu.externaltools.gnu-tools-for-stm32.11.3.rel1.win32_1.1.0.202305231506/tools/bin/../lib/gcc/arm-none-eabi/11.3.1/../../../../arm-none-eabi/lib/thumb/v7-m/nofp\libc_nano.a(libc_a-stdio.o) (_close_r)
C:/ST/STM32CubeIDE_1.13.1/STM32CubeIDE/plugins/com.st.stm32cube.ide.mcu.externaltools.gnu-tools-for-stm32.11.3.rel1.win32_1.1.0.202305231506/tools/bin/../lib/gcc/arm-none-eabi/11.3.1/../../../../arm-none-eabi/lib/thumb/v7-m/nofp\libc_nano.a(libc_a-reent.o)
                              C:/ST/STM32CubeIDE_1.13.1/STM32CubeIDE/plugins/com.st.stm32cube.ide.mcu.externaltools.gnu-tools-for-stm32.11.3.rel1.win32_1.1.0.202305231506/tools/bin/../lib/gcc/arm-none-eabi/11.3.1/../../../../arm-none-eabi/lib/thumb/v7-m/nofp\libc_nano.a(libc_a-closer.o) (errno)
C:/ST/STM32CubeIDE_1.13.1/STM32CubeIDE/plugins/com.st.stm32cube.ide.mcu.externaltools.gnu-tools-for-stm32.11.3.rel1.win32_1.1.0.202305231506/tools/bin/../lib/gcc/arm-none-eabi/11.3.1/../../../../arm-none-eabi/lib/thumb/v7-m/nofp\libc_nano.a(libc_a-impure.o)
                              ./Middlewares/Third_Party/FreeRTOS/Source/tasks.o (_impure_ptr)
C:/ST/STM32CubeIDE_1.13.1/STM32CubeIDE/plugins/com.st.stm32cube.ide.mcu.externaltools.gnu-tools-for-stm32.11.3.rel1.win32_1.1.0.202305231506/tools/bin/../lib/gcc/arm-none-eabi/11.3.1/../../../../arm-none-eabi/lib/thumb/v7-m/nofp\libc_nano.a(libc_a-lseekr.o)
                              C:/ST/STM32CubeIDE_1.13.1/STM32CubeIDE/plugins/com.st.stm32cube.ide.mcu.externaltools.gnu-tools-for-stm32.11.3.rel1.win32_1.1.0.202305231506/tools/bin/../lib/gcc/arm-none-eabi/11.3.1/../../../../arm-none-eabi/lib/thumb/v7-m/nofp\libc_nano.a(libc_a-stdio.o) (_lseek_r)
C:/ST/STM32CubeIDE_1.13.1/STM32CubeIDE/plugins/com.st.stm32cube.ide.mcu.externaltools.gnu-tools-for-stm32.11.3.rel1.win32_1.1.0.202305231506/tools/bin/../lib/gcc/arm-none-eabi/11.3.1/../../../../arm-none-eabi/lib/thumb/v7-m/nofp\libc_nano.a(libc_a-readr.o)
[...]
Memory Configuration

Name             Origin             Length             Attributes
RAM              0x0000000020000000 0x0000000000002800 xrw
FLASH            0x0000000008000000 0x0000000000008000 xr
*default*        0x0000000000000000 0xffffffffffffffff

Linker script and memory map

LOAD C:/ST/STM32CubeIDE_1.13.1/STM32CubeIDE/plugins/com.st.stm32cube.ide.mcu.externaltools.gnu-tools-for-stm32.11.3.rel1.win32_1.1.0.202305231506/tools/bin/../lib/gcc/arm-none-eabi/11.3.1/thumb/v7-m/nofp/crti.o
LOAD C:/ST/STM32CubeIDE_1.13.1/STM32CubeIDE/plugins/com.st.stm32cube.ide.mcu.externaltools.gnu-tools-for-stm32.11.3.rel1.win32_1.1.0.202305231506/tools/bin/../lib/gcc/arm-none-eabi/11.3.1/thumb/v7-m/nofp/crtbegin.o
LOAD C:/ST/STM32CubeIDE_1.13.1/STM32CubeIDE/plugins/com.st.stm32cube.ide.mcu.externaltools.gnu-tools-for-stm32.11.3.rel1.win32_1.1.0.202305231506/tools/bin/../lib/gcc/arm-none-eabi/11.3.1/../../../../arm-none-eabi/lib/thumb/v7-m/nofp/crt0.o
LOAD ./Core/Src/DC_program.o
LOAD ./Core/Src/DIO_program.o
LOAD ./Core/Src/LED_program.o
LOAD ./Core/Src/RCC_program.o
LOAD ./Core/Src/SERVO_program.o
LOAD ./Core/Src/TIM1_program.o
LOAD ./Core/Src/TIM2_program.o
LOAD ./Core/Src/TIM3_program.o
LOAD ./Core/Src/ULTRASONIC_program.o
LOAD ./Core/Src/USART_program.o
LOAD ./Core/Src/app.o
LOAD ./Core/Src/freertos.o
LOAD ./Core/Src/main.o
LOAD ./Core/Src/stm32f1xx_hal_msp.o
LOAD ./Core/Src/stm32f1xx_it.o
LOAD ./Core/Src/syscalls.o
LOAD ./Core/Src/system_stm32f1xx.o
LOAD ./Core/Startup/startup_stm32f103c6tx.o
LOAD ./Drivers/STM32F1xx_HAL_Driver/Src/stm32f1xx_hal.o
LOAD ./Drivers/STM32F1xx_HAL_Driver/Src/stm32f1xx_hal_cortex.o
LOAD ./Drivers/STM32F1xx_HAL_Driver/Src/stm32f1xx_hal_dma.o
LOAD ./Drivers/STM32F1xx_HAL_Driver/Src/stm32f1xx_hal_exti.o
LOAD ./Drivers/STM32F1xx_HAL_Driver/Src/stm32f1xx_hal_flash.o
LOAD ./Drivers/STM32F1xx_HAL_Driver/Src/stm32f1xx_hal_flash_ex.o
LOAD ./Drivers/STM32F1xx_HAL_Driver/Src/stm32f1xx_hal_gpio.o
LOAD ./Drivers/STM32F1xx_HAL_Driver/Src/stm32f1xx_hal_gpio_ex.o
LOAD ./Drivers/STM32F1xx_HAL_Driver/Src/stm32f1xx_hal_pwr.o
LOAD ./Drivers/STM32F1xx_HAL_Driver/Src/stm32f1xx_hal_rcc.o
LOAD ./Drivers/STM32F1xx_HAL_Driver/Src/stm32f1xx_hal_rcc_ex.o
LOAD ./Drivers/STM32F1xx_HAL_Driver/Src/stm32f1xx_hal_tim.o
LOAD ./Drivers/STM32F1xx_HAL_Driver/Src/stm32f1xx_hal_tim_ex.o
LOAD ./Middlewares/Third_Party/FreeRTOS/Source/CMSIS_RTOS/cmsis_os.o
LOAD ./Middlewares/Third_Party/FreeRTOS/Source/croutine.o
LOAD ./Middlewares/Third_Party/FreeRTOS/Source/event_groups.o
LOAD ./Middlewares/Third_Party/FreeRTOS/Source/list.o
LOAD ./Middlewares/Third_Party/FreeRTOS/Source/queue.o
LOAD ./Middlewares/Third_Party/FreeRTOS/Source/stream_buffer.o
LOAD ./Middlewares/Third_Party/FreeRTOS/Source/tasks.o
LOAD ./Middlewares/Third_Party/FreeRTOS/Source/timers.o
LOAD ./Middlewares/Third_Party/FreeRTOS/Source/portable/GCC/ARM_CM3/port.o
LOAD ./Middlewares/Third_Party/FreeRTOS/Source/portable/MemMang/heap_4.o
START GROUP
LOAD C:/ST/STM32CubeIDE_1.13.1/STM32CubeIDE/plugins/com.st.stm32cube.ide.mcu.externaltools.gnu-tools-for-stm32.11.3.rel1.win32_1.1.0.202305231506/tools/bin/../lib/gcc/arm-none-eabi/11.3.1/../../../../arm-none-eabi/lib/thumb/v7-m/nofp\libc_nano.a
LOAD C:/ST/STM32CubeIDE_1.13.1/STM32CubeIDE/plugins/com.st.stm32cube.ide.mcu.externaltools.gnu-tools-for-stm32.11.3.rel1.win32_1.1.0.202305231506/tools/bin/../lib/gcc/arm-none-eabi/11.3.1/../../../../arm-none-eabi/lib/thumb/v7-m/nofp\libm.a
END GROUP
START GROUP
LOAD C:/ST/STM32CubeIDE_1.13.1/STM32CubeIDE/plugins/com.st.stm32cube.ide.mcu.externaltools.gnu-tools-for-stm32.11.3.rel1.win32_1.1.0.202305231506/tools/bin/../lib/gcc/arm-none-eabi/11.3.1/thumb/v7-m/nofp\libgcc.a
LOAD C:/ST/STM32CubeIDE_1.13.1/STM32CubeIDE/plugins/com.st.stm32cube.ide.mcu.externaltools.gnu-tools-for-stm32.11.3.rel1.win32_1.1.0.202305231506/tools/bin/../lib/gcc/arm-none-eabi/11.3.1/../../../../arm-none-eabi/lib/thumb/v7-m/nofp\libc_nano.a
END GROUP
START GROUP
LOAD C:/ST/STM32CubeIDE_1.13.1/STM32CubeIDE/plugins/com.st.stm32cube.ide.mcu.externaltools.gnu-tools-for-stm32.11.3.rel1.win32_1.1.0.202305231506/tools/bin/../lib/gcc/arm-none-eabi/11.3.1/thumb/v7-m/nofp\libgcc.a
LOAD C:/ST/STM32CubeIDE_1.13.1/STM32CubeIDE/plugins/com.st.stm32cube.ide.mcu.externaltools.gnu-tools-for-stm32.11.3.rel1.win32_1.1.0.202305231506/tools/bin/../lib/gcc/arm-none-eabi/11.3.1/../../../../arm-none-eabi/lib/thumb/v7-m/nofp\libc_nano.a
LOAD C:/ST/STM32CubeIDE_1.13.1/STM32CubeIDE/plugins/com.st.stm32cube.ide.mcu.externaltools.gnu-tools-for-stm32.11.3.rel1.win32_1.1.0.202305231506/tools/bin/../lib/gcc/arm-none-eabi/11.3.1/../../../../arm-none-eabi/lib/thumb/v7-m/nofp\libnosys.a
END GROUP
START GROUP
LOAD C:/ST/STM32CubeIDE_1.13.1/STM32CubeIDE/plugins/com.st.stm32cube.ide.mcu.externaltools.gnu-tools-for-stm32.11.3.rel1.win32_1.1.0.202305231506/tools/bin/../lib/gcc/arm-none-eabi/11.3.1/thumb/v7-m/nofp\libgcc.a
LOAD C:/ST/STM32CubeIDE_1.13.1/STM32CubeIDE/plugins/com.st.stm32cube.ide.mcu.externaltools.gnu-tools-for-stm32.11.3.rel1.win32_1.1.0.202305231506/tools/bin/../lib/gcc/arm-none-eabi/11.3.1/../../../../arm-none-eabi/lib/thumb/v7-m/nofp\libc_nano.a
LOAD C:/ST/STM32CubeIDE_1.13.1/STM32CubeIDE/plugins/com.st.stm32cube.ide.mcu.externaltools.gnu-tools-for-stm32.11.3.rel1.win32_1.1.0.202305231506/tools/bin/../lib/gcc/arm-none-eabi/11.3.1/../../../../arm-none-eabi/lib/thumb/v7-m/nofp\libnosys.a
END GROUP
LOAD C:/ST/STM32CubeIDE_1.13.1/STM32CubeIDE/plugins/com.st.stm32cube.ide.mcu.externaltools.gnu-tools-for-stm32.11.3.rel1.win32_1.1.0.202305231506/tools/bin/../lib/gcc/arm-none-eabi/11.3.1/thumb/v7-m/nofp/crtend.o
LOAD C:/ST/STM32CubeIDE_1.13.1/STM32CubeIDE/plugins/com.st.stm32cube.ide.mcu.externaltools.gnu-tools-for-stm32.11.3.rel1.win32_1.1.0.202305231506/tools/bin/../lib/gcc/arm-none-eabi/11.3.1/thumb/v7-m/nofp/crtn.o
                0x0000000020002800                _estack = (ORIGIN (RAM) + LENGTH (RAM))
                0x0000000000000200                _Min_Heap_Size = 0x200
                0x0000000000000400                _Min_Stack_Size = 0x400

.isr_vector     0x0000000008000000      0x10c
                0x0000000008000000                . = ALIGN (0x4)
 *(.isr_vector)
 .isr_vector    0x0000000008000000      0x10c ./Core/Startup/startup_stm32f103c6tx.o
                0x0000000008000000                g_pfnVectors
                0x000000000800010c                . = ALIGN (0x4)

.text           0x0000000008000110     0x23bc
                0x0000000008000110                . = ALIGN (0x4)
 *(.text)
 .text          0x0000000008000110       0x40 C:/ST/STM32CubeIDE_1.13.1/STM32CubeIDE/plugins/com.st.stm32cube.ide.mcu.externaltools.gnu-tools-for-stm32.11.3.rel1.win32_1.1.0.202305231506/tools/bin/../lib/gcc/arm-none-eabi/11.3.1/thumb/v7-m/nofp/crtbegin.o
 .text          0x0000000008000150      0x21c C:/ST/STM32CubeIDE_1.13.1/STM32CubeIDE/plugins/com.st.stm32cube.ide.mcu.externaltools.gnu-tools-for-stm32.11.3.rel1.win32_1.1.0.202305231506/tools/bin/../lib/gcc/arm-none-eabi/11.3.1/thumb/v7-m/nofp\libgcc.a(_arm_addsubsf3.o)
                0x0000000008000150                __aeabi_frsub
                0x0000000008000158                __subsf3
                0x0000000008000158                __aeabi_fsub
                0x000000000800015c                __aeabi_fadd
                0x000000000800015c                __addsf3
                0x00000000080002bc                __aeabi_ui2f
                0x00000000080002bc                __floatunsisf
                0x00000000080002c4                __aeabi_i2f
                0x00000000080002c4                __floatsisf
                0x00000000080002e0                __aeabi_ul2f
                0x00000000080002e0                __floatundisf
                0x00000000080002f0                __aeabi_l2f
                0x00000000080002f0                __floatdisf
 .text          0x000000000800036c      0x2a0 C:/ST/STM32CubeIDE_1.13.1/STM32CubeIDE/plugins/com.st.stm32cube.ide.mcu.externaltools.gnu-tools-for-stm32.11.3.rel1.win32_1.1.0.202305231506/tools/bin/../lib/gcc/arm-none-eabi/11.3.1/thumb/v7-m/nofp\libgcc.a(_arm_muldivsf3.o)
                0x000000000800036c                __mulsf3
                0x000000000800036c                __aeabi_fmul
                0x00000000080004d4                __aeabi_fdiv
                0x00000000080004d4                __divsf3
 .text          0x000000000800060c       0xec C:/ST/STM32CubeIDE_1.13.1/STM32CubeIDE/plugins/com.st.stm32cube.ide.mcu.externaltools.gnu-tools-for-stm32.11.3.rel1.win32_1.1.0.202305231506/tools/bin/../lib/gcc/arm-none-eabi/11.3.1/thumb/v7-m/nofp\libgcc.a(_arm_cmpsf2.o)
                0x000000000800060c                __gesf2
                0x000000000800060c                __gtsf2
                0x0000000008000614                __lesf2
                0x0000000008000614                __ltsf2
                0x000000000800061c                __nesf2
                0x000000000800061c                __eqsf2
                0x000000000800061c                __cmpsf2
                0x000000000800067c                __aeabi_cfrcmple
                0x0000000008000684                __aeabi_cfcmpeq
                0x0000000008000684                __aeabi_cfcmple
                0x0000000008000694                __aeabi_fcmpeq
                0x00000000080006a8                __aeabi_fcmplt
                0x00000000080006bc                __aeabi_fcmple
                0x00000000080006d0                __aeabi_fcmpge
                0x00000000080006e4                __aeabi_fcmpgt
 .text          0x00000000080006f8       0x40 C:/ST/STM32CubeIDE_1.13.1/STM32CubeIDE/plugins/com.st.stm32cube.ide.mcu.externaltools.gnu-tools-for-stm32.11.3.rel1.win32_1.1.0.202305231506/tools/bin/../lib/gcc/arm-none-eabi/11.3.1/thumb/v7-m/nofp\libgcc.a(_arm_fixunssfsi.o)
                0x00000000080006f8                __fixunssfsi
                0x00000000080006f8                __aeabi_f2uiz
 *(.text*)
 .text.DC_voidInit
                0x0000000008000738       0x40 ./Core/Src/DC_program.o
                0x0000000008000738                DC_voidInit
 .text.DC_voidSetSpeed
                0x0000000008000778       0x20 ./Core/Src/DC_program.o
                0x0000000008000778                DC_voidSetSpeed
 .text.DC_voidStart
                0x0000000008000798       0x1a ./Core/Src/DC_program.o
                0x0000000008000798                DC_voidStart
 .text.DC_voidStop
                0x00000000080007b2       0x1a ./Core/Src/DC_program.o
                0x00000000080007b2                DC_voidStop
 .text.MDIO_voidSetPinDirection
                0x00000000080007cc       0xb8 ./Core/Src/DIO_program.o
                0x00000000080007cc                MDIO_voidSetPinDirection
 .text.MDIO_voidSetPinValue
                0x0000000008000884       0x68 ./Core/Src/DIO_program.o
                0x0000000008000884                MDIO_voidSetPinValue
 .text.MDIO_u8GetPinValue
                0x00000000080008ec       0x30 ./Core/Src/DIO_program.o
                0x00000000080008ec                MDIO_u8GetPinValue
 .text.RCC_voidInitSysClock
                0x000000000800091c       0x20 ./Core/Src/RCC_program.o
                0x000000000800091c                RCC_voidInitSysClock
 .text.RCC_voidEnablePeripheralClock
                0x000000000800093c       0x3c ./Core/Src/RCC_program.o
                0x000000000800093c                RCC_voidEnablePeripheralClock
 .text.SERVO_voidInit
                0x0000000008000978       0x42 ./Core/Src/SERVO_program.o
                0x0000000008000978                SERVO_voidInit
 *fill*         0x00000000080009ba        0x2 
 .text.SERVO_voidSetAngle
                0x00000000080009bc       0x2c ./Core/Src/SERVO_program.o
                0x00000000080009bc                SERVO_voidSetAngle
 .text.TIM1_voidInit
                0x00000000080009e8       0x9c ./Core/Src/TIM1_program.o
                0x00000000080009e8                TIM1_voidInit
 .text.TIM1_voidStart
                0x0000000008000a84        0xc ./Core/Src/TIM1_program.o
                0x0000000008000a84                TIM1_voidStart
 .text.TIM1_voidGeneratePwm
                0x0000000008000a90       0x44 ./Core/Src/TIM1_program.o
                0x0000000008000a90                TIM1_voidGeneratePwm
 .text.TIM2_voidInit
                0x0000000008000ad4       0x9c ./Core/Src/TIM2_program.o
                0x0000000008000ad4                TIM2_voidInit
 .text.TIM2_voidStart
                0x0000000008000b70       0x2c ./Core/Src/TIM2_program.o
                0x0000000008000b70                TIM2_voidStart
 .text.TIM2_voidGeneratePwm
                0x0000000008000b9c       0x5c ./Core/Src/TIM2_program.o
                0x0000000008000b9c                TIM2_voidGeneratePwm
 .text.TIM3_voidInit
                0x0000000008000bf8       0x50 ./Core/Src/TIM3_program.o
                0x0000000008000bf8                TIM3_voidInit
 .text.TIM3_voidStart
                0x0000000008000c48        0xc ./Core/Src/TIM3_program.o
                0x0000000008000c48                TIM3_voidStart
 .text.TIM3_voidStop
                0x0000000008000c54        0xc ./Core/Src/TIM3_program.o
                0x0000000008000c54                TIM3_voidStop
 .text.TIM3_voidSetTimerValue
                0x0000000008000c60        0xa ./Core/Src/TIM3_program.o
                0x0000000008000c60                TIM3_voidSetTimerValue
 .text.TIM3_u16GetTimerValue
                0x0000000008000c6a        0xc ./Core/Src/TIM3_program.o
                0x0000000008000c6a                TIM3_u16GetTimerValue
 *fill*         0x0000000008000c76        0x2 
 .text.TIM3_voidDelay
                0x0000000008000c78       0xe4 ./Core/Src/TIM3_program.o
                0x0000000008000c78                TIM3_voidDelay
 .text.ULTRASONIC_voidInit
                0x0000000008000d5c       0x38 ./Core/Src/ULTRASONIC_program.o
                0x0000000008000d5c                ULTRASONIC_voidInit
 .text.ULTRASONIC_f32GetDistance
                0x0000000008000d94       0x70 ./Core/Src/ULTRASONIC_program.o
                0x0000000008000d94                ULTRASONIC_f32GetDistance
 .text.USART_voidInit
                0x0000000008000e04       0x24 ./Core/Src/USART_program.o
                0x0000000008000e04                USART_voidInit
 .text.USART_u8ReceiveData
                0x0000000008000e28       0x18 ./Core/Src/USART_program.o
                0x0000000008000e28                USART_u8ReceiveData
 .text.appInit  0x0000000008000e40       0x54 ./Core/Src/app.o
                0x0000000008000e40                appInit
 .text.applyDriverProfile
                0x0000000008000e94       0x58 ./Core/Src/app.o
                0x0000000008000e94                applyDriverProfile
 .text.getDistance
                0x0000000008000eec       0x20 ./Core/Src/app.o
                0x0000000008000eec                getDistance
 .text.updateSpeedAndDirection
                0x0000000008000f0c       0x80 ./Core/Src/app.o
                0x0000000008000f0c                updateSpeedAndDirection
 .text.receiveUartFrame
                0x0000000008000f8c       0x22 ./Core/Src/app.o
                0x0000000008000f8c                receiveUartFrame
 *fill*         0x0000000008000fae        0x2 
 .text.startup.main
                0x0000000008000fb0       0x6c ./Core/Src/main.o
                0x0000000008000fb0                main
 .text.HAL_TIM_Base_MspInit
                0x000000000800101c       0x68 ./Core/Src/stm32f1xx_hal_msp.o
                0x000000000800101c                HAL_TIM_Base_MspInit
 .text.HAL_TIM_MspPostInit
                0x0000000008001084       0x70 ./Core/Src/stm32f1xx_hal_msp.o
                0x0000000008001084                HAL_TIM_MspPostInit
 .text.NMI_Handler
                0x00000000080010f4        0x2 ./Core/Src/stm32f1xx_it.o
                0x00000000080010f4                NMI_Handler
 .text.HardFault_Handler
                0x00000000080010f6        0x2 ./Core/Src/stm32f1xx_it.o
                0x00000000080010f6                HardFault_Handler
 .text.MemManage_Handler
                0x00000000080010f8        0x2 ./Core/Src/stm32f1xx_it.o
                0x00000000080010f8                MemManage_Handler
 .text.BusFault_Handler
                0x00000000080010fa        0x2 ./Core/Src/stm32f1xx_it.o
                0x00000000080010fa                BusFault_Handler
 .text.UsageFault_Handler
                0x00000000080010fc        0x2 ./Core/Src/stm32f1xx_it.o
                0x00000000080010fc                UsageFault_Handler
 .text.DebugMon_Handler
                0x00000000080010fe        0x2 ./Core/Src/stm32f1xx_it.o
                0x00000000080010fe                DebugMon_Handler
 .text.SysTick_Handler
                0x0000000008001100        0xe ./Core/Src/stm32f1xx_it.o
                0x0000000008001100                SysTick_Handler
 .text.SystemInit
                0x000000000800110e        0x2 ./Core/Src/system_stm32f1xx.o
                0x000000000800110e                SystemInit
 .text.Reset_Handler
                0x0000000008001110       0x48 ./Core/Startup/startup_stm32f103c6tx.o
                0x0000000008001110                Reset_Handler
 .text.Default_Handler
                0x0000000008001158        0x2 ./Core/Startup/startup_stm32f103c6tx.o
                0x0000000008001158                RTC_Alarm_IRQHandler
                0x0000000008001158                EXTI2_IRQHandler
                0x0000000008001158                TIM1_CC_IRQHandler
                0x0000000008001158                PVD_IRQHandler
                0x0000000008001158                EXTI3_IRQHandler
                0x0000000008001158                EXTI0_IRQHandler
                0x0000000008001158                ADC1_2_IRQHandler
                0x0000000008001158                SPI1_IRQHandler
                0x0000000008001158                TAMPER_IRQHandler
                0x0000000008001158                DMA1_Channel4_IRQHandler
                0x0000000008001158                RTC_IRQHandler
                0x0000000008001158                DMA1_Channel7_IRQHandler
                0x0000000008001158                CAN1_RX1_IRQHandler
                0x0000000008001158                I2C1_EV_IRQHandler
                0x0000000008001158                DMA1_Channel6_IRQHandler
                0x0000000008001158                TIM3_IRQHandler
                0x0000000008001158                RCC_IRQHandler
                0x0000000008001158                TIM1_TRG_COM_IRQHandler
                0x0000000008001158                DMA1_Channel1_IRQHandler
                0x0000000008001158                Default_Handler
                0x0000000008001158                EXTI15_10_IRQHandler
                0x0000000008001158                EXTI9_5_IRQHandler
                0x0000000008001158                DMA1_Channel5_IRQHandler
                0x0000000008001158                EXTI4_IRQHandler
                0x0000000008001158                USB_LP_CAN1_RX0_IRQHandler
                0x0000000008001158                USB_HP_CAN1_TX_IRQHandler
                0x0000000008001158                DMA1_Channel3_IRQHandler
                0x0000000008001158                TIM1_UP_IRQHandler
                0x0000000008001158                WWDG_IRQHandler
                0x0000000008001158                TIM2_IRQHandler
                0x0000000008001158                TIM1_BRK_IRQHandler
                0x0000000008001158                EXTI1_IRQHandler
                0x0000000008001158                USART2_IRQHandler
                0x0000000008001158                DMA1_Channel2_IRQHandler
                0x0000000008001158                CAN1_SCE_IRQHandler
                0x0000000008001158                FLASH_IRQHandler
                0x0000000008001158                USART1_IRQHandler
                0x0000000008001158                I2C1_ER_IRQHandler
                0x0000000008001158                USBWakeUp_IRQHandler
 *fill*         0x000000000800115a        0x2 
 .text.HAL_IncTick
                0x000000000800115c       0x18 ./Drivers/STM32F1xx_HAL_Driver/Src/stm32f1xx_hal.o
                0x000000000800115c                HAL_IncTick
 .text.HAL_GPIO_Init
                0x0000000008001174      0x1ac ./Drivers/STM32F1xx_HAL_Driver/Src/stm32f1xx_hal_gpio.o
                0x0000000008001174                HAL_GPIO_Init
 .text.TIM_OC1_SetConfig
                0x0000000008001320       0x50 ./Drivers/STM32F1xx_HAL_Driver/Src/stm32f1xx_hal_tim.o
 .text.TIM_OC3_SetConfig
                0x0000000008001370       0x54 ./Drivers/STM32F1xx_HAL_Driver/Src/stm32f1xx_hal_tim.o
 .text.TIM_OC4_SetConfig
                0x00000000080013c4       0x44 ./Drivers/STM32F1xx_HAL_Driver/Src/stm32f1xx_hal_tim.o
 .text.HAL_TIM_Base_Start
                0x0000000008001408       0x44 ./Drivers/STM32F1xx_HAL_Driver/Src/stm32f1xx_hal_tim.o
                0x0000000008001408                HAL_TIM_Base_Start
 .text.HAL_TIM_Base_Stop
                0x000000000800144c       0x28 ./Drivers/STM32F1xx_HAL_Driver/Src/stm32f1xx_hal_tim.o
                0x000000000800144c                HAL_TIM_Base_Stop
 .text.HAL_TIM_PWM_MspInit
                0x0000000008001474        0x2 ./Drivers/STM32F1xx_HAL_Driver/Src/stm32f1xx_hal_tim.o
                0x0000000008001474                HAL_TIM_PWM_MspInit
 *fill*         0x0000000008001476        0x2 
 .text.TIM_Base_SetConfig
                0x0000000008001478       0x64 ./Drivers/STM32F1xx_HAL_Driver/Src/stm32f1xx_hal_tim.o
                0x0000000008001478                TIM_Base_SetConfig
 .text.HAL_TIM_Base_Init
                0x00000000080014dc       0x58 ./Drivers/STM32F1xx_HAL_Driver/Src/stm32f1xx_hal_tim.o
                0x00000000080014dc                HAL_TIM_Base_Init
 .text.HAL_TIM_PWM_Init
                0x0000000008001534       0x58 ./Drivers/STM32F1xx_HAL_Driver/Src/stm32f1xx_hal_tim.o
                0x0000000008001534                HAL_TIM_PWM_Init
 .text.TIM_OC2_SetConfig
                0x000000000800158c       0x58 ./Drivers/STM32F1xx_HAL_Driver/Src/stm32f1xx_hal_tim.o
                0x000000000800158c                TIM_OC2_SetConfig
 .text.HAL_TIM_PWM_ConfigChannel
                0x00000000080015e4       0xb2 ./Drivers/STM32F1xx_HAL_Driver/Src/stm32f1xx_hal_tim.o
                0x00000000080015e4                HAL_TIM_PWM_ConfigChannel
 .text.TIM_ETR_SetConfig
                0x0000000008001696       0x14 ./Drivers/STM32F1xx_HAL_Driver/Src/stm32f1xx_hal_tim.o
                0x0000000008001696                TIM_ETR_SetConfig
 .text.HAL_TIM_ConfigClockSource
                0x00000000080016aa      0x132 ./Drivers/STM32F1xx_HAL_Driver/Src/stm32f1xx_hal_tim.o
                0x00000000080016aa                HAL_TIM_ConfigClockSource
 .text.TIM_CCxChannelCmd
                0x00000000080017dc       0x1c ./Drivers/STM32F1xx_HAL_Driver/Src/stm32f1xx_hal_tim.o
                0x00000000080017dc                TIM_CCxChannelCmd
 .text.HAL_TIM_OC_Start
                0x00000000080017f8       0x98 ./Drivers/STM32F1xx_HAL_Driver/Src/stm32f1xx_hal_tim.o
                0x00000000080017f8                HAL_TIM_OC_Start
 .text.HAL_TIM_PWM_Start
                0x0000000008001890        0x4 ./Drivers/STM32F1xx_HAL_Driver/Src/stm32f1xx_hal_tim.o
                0x0000000008001890                HAL_TIM_PWM_Start
 .text.HAL_TIMEx_MasterConfigSynchronization
                0x0000000008001894       0x54 ./Drivers/STM32F1xx_HAL_Driver/Src/stm32f1xx_hal_tim_ex.o
                0x0000000008001894                HAL_TIMEx_MasterConfigSynchronization
 .text.HAL_TIMEx_ConfigBreakDeadTime
                0x00000000080018e8       0x4c ./Drivers/STM32F1xx_HAL_Driver/Src/stm32f1xx_hal_tim_ex.o
                0x00000000080018e8                HAL_TIMEx_ConfigBreakDeadTime
 .text.vListInitialise
                0x0000000008001934       0x16 ./Middlewares/Third_Party/FreeRTOS/Source/list.o
                0x0000000008001934                vListInitialise
 .text.vListInitialiseItem
                0x000000000800194a        0x6 ./Middlewares/Third_Party/FreeRTOS/Source/list.o
                0x000000000800194a                vListInitialiseItem
 .text.vListInsertEnd
                0x0000000008001950       0x18 ./Middlewares/Third_Party/FreeRTOS/Source/list.o
                0x0000000008001950                vListInsertEnd
 .text.vListInsert
                0x0000000008001968       0x2e ./Middlewares/Third_Party/FreeRTOS/Source/list.o
                0x0000000008001968                vListInsert
 .text.uxListRemove
                0x0000000008001996       0x20 ./Middlewares/Third_Party/FreeRTOS/Source/list.o
                0x0000000008001996                uxListRemove
 *fill*         0x00000000080019b6        0x2 
 .text.prvIdleTask
                0x00000000080019b8       0x24 ./Middlewares/Third_Party/FreeRTOS/Source/tasks.o
 .text.prvResetNextTaskUnblockTime
                0x00000000080019dc       0x24 ./Middlewares/Third_Party/FreeRTOS/Source/tasks.o
 .text.prvAddCurrentTaskToDelayedList.constprop.0
                0x0000000008001a00       0x70 ./Middlewares/Third_Party/FreeRTOS/Source/tasks.o
 .text.xTaskCreate
                0x0000000008001a70      0x1a0 ./Middlewares/Third_Party/FreeRTOS/Source/tasks.o
                0x0000000008001a70                xTaskCreate
 .text.vTaskStartScheduler
                0x0000000008001c10       0x88 ./Middlewares/Third_Party/FreeRTOS/Source/tasks.o
                0x0000000008001c10                vTaskStartScheduler
 .text.vTaskEndScheduler
                0x0000000008001c98       0x20 ./Middlewares/Third_Party/FreeRTOS/Source/tasks.o
                0x0000000008001c98                vTaskEndScheduler
 .text.vTaskSuspendAll
                0x0000000008001cb8       0x10 ./Middlewares/Third_Party/FreeRTOS/Source/tasks.o
                0x0000000008001cb8                vTaskSuspendAll
 .text.xTaskGetTickCount
                0x0000000008001cc8        0xc ./Middlewares/Third_Party/FreeRTOS/Source/tasks.o
                0x0000000008001cc8                xTaskGetTickCount
 .text.xTaskIncrementTick
                0x0000000008001cd4      0x124 ./Middlewares/Third_Party/FreeRTOS/Source/tasks.o
                0x0000000008001cd4                xTaskIncrementTick
 .text.xTaskResumeAll
                0x0000000008001df8       0xec ./Middlewares/Third_Party/FreeRTOS/Source/tasks.o
                0x0000000008001df8                xTaskResumeAll
 .text.vTaskDelayUntil
                0x0000000008001ee4       0x90 ./Middlewares/Third_Party/FreeRTOS/Source/tasks.o
                0x0000000008001ee4                vTaskDelayUntil
 .text.vTaskSwitchContext
                0x0000000008001f74       0x84 ./Middlewares/Third_Party/FreeRTOS/Source/tasks.o
                0x0000000008001f74                vTaskSwitchContext
 .text.prvPortStartFirstTask
                0x0000000008001ff8       0x20 ./Middlewares/Third_Party/FreeRTOS/Source/portable/GCC/ARM_CM3/port.o
 .text.prvTaskExitError
                0x0000000008002018       0x40 ./Middlewares/Third_Party/FreeRTOS/Source/portable/GCC/ARM_CM3/port.o
 .text.pxPortInitialiseStack
                0x0000000008002058       0x24 ./Middlewares/Third_Party/FreeRTOS/Source/portable/GCC/ARM_CM3/port.o
                0x0000000008002058                pxPortInitialiseStack
 *fill*         0x000000000800207c        0x4 
 .text.SVC_Handler
                0x0000000008002080       0x24 ./Middlewares/Third_Party/FreeRTOS/Source/portable/GCC/ARM_CM3/port.o
                0x0000000008002080                SVC_Handler
 .text.vPortEndScheduler
                0x00000000080020a4       0x24 ./Middlewares/Third_Party/FreeRTOS/Source/portable/GCC/ARM_CM3/port.o
                0x00000000080020a4                vPortEndScheduler
 .text.vPortEnterCritical
                0x00000000080020c8       0x40 ./Middlewares/Third_Party/FreeRTOS/Source/portable/GCC/ARM_CM3/port.o
                0x00000000080020c8                vPortEnterCritical
 .text.vPortExitCritical
                0x0000000008002108       0x28 ./Middlewares/Third_Party/FreeRTOS/Source/portable/GCC/ARM_CM3/port.o
                0x0000000008002108                vPortExitCritical
 .text.PendSV_Handler
                0x0000000008002130       0x44 ./Middlewares/Third_Party/FreeRTOS/Source/portable/GCC/ARM_CM3/port.o
                0x0000000008002130                PendSV_Handler
 .text.xPortSysTickHandler
                0x0000000008002174       0x2c ./Middlewares/Third_Party/FreeRTOS/Source/portable/GCC/ARM_CM3/port.o
                0x0000000008002174                xPortSysTickHandler
 .text.vPortSetupTimerInterrupt
                0x00000000080021a0       0x24 ./Middlewares/Third_Party/FreeRTOS/Source/portable/GCC/ARM_CM3/port.o
                0x00000000080021a0                vPortSetupTimerInterrupt
 .text.xPortStartScheduler
                0x00000000080021c4       0xb8 ./Middlewares/Third_Party/FreeRTOS/Source/portable/GCC/ARM_CM3/port.o
                0x00000000080021c4                xPortStartScheduler
 .text.prvInsertBlockIntoFreeList
                0x000000000800227c       0x4c ./Middlewares/Third_Party/FreeRTOS/Source/portable/MemMang/heap_4.o
 .text.pvPortMalloc
                0x00000000080022c8      0x124 ./Middlewares/Third_Party/FreeRTOS/Source/portable/MemMang/heap_4.o
                0x00000000080022c8                pvPortMalloc
 .text.vPortFree
                0x00000000080023ec       0x70 ./Middlewares/Third_Party/FreeRTOS/Source/portable/MemMang/heap_4.o
                0x00000000080023ec                vPortFree
 .text.memset   0x000000000800245c       0x10 C:/ST/STM32CubeIDE_1.13.1/STM32CubeIDE/plugins/com.st.stm32cube.ide.mcu.externaltools.gnu-tools-for-stm32.11.3.rel1.win32_1.1.0.202305231506/tools/bin/../lib/gcc/arm-none-eabi/11.3.1/../../../../arm-none-eabi/lib/thumb/v7-m/nofp\libc_nano.a(libc_a-memset.o)
                0x000000000800245c                memset
 .text.__libc_init_array
                0x000000000800246c       0x48 C:/ST/STM32CubeIDE_1.13.1/STM32CubeIDE/plugins/com.st.stm32cube.ide.mcu.externaltools.gnu-tools-for-stm32.11.3.rel1.win32_1.1.0.202305231506/tools/bin/../lib/gcc/arm-none-eabi/11.3.1/../../../../arm-none-eabi/lib/thumb/v7-m/nofp\libc_nano.a(libc_a-init.o)
                0x000000000800246c                __libc_init_array
 *(.glue_7)
 .glue_7        0x00000000080024b4        0x0 linker stubs
 *(.glue_7t)
 .glue_7t       0x00000000080024b4        0x0 linker stubs
 *(.eh_frame)
 .eh_frame      0x00000000080024b4        0x0 C:/ST/STM32CubeIDE_1.13.1/STM32CubeIDE/plugins/com.st.stm32cube.ide.mcu.externaltools.gnu-tools-for-stm32.11.3.rel1.win32_1.1.0.202305231506/tools/bin/../lib/gcc/arm-none-eabi/11.3.1/thumb/v7-m/nofp/crtbegin.o
 *(.init)
 .init          0x00000000080024b4        0x4 C:/ST/STM32CubeIDE_1.13.1/STM32CubeIDE/plugins/com.st.stm32cube.ide.mcu.externaltools.gnu-tools-for-stm32.11.3.rel1.win32_1.1.0.202305231506/tools/bin/../lib/gcc/arm-none-eabi/11.3.1/thumb/v7-m/nofp/crti.o
                0x00000000080024b4                _init
 .init          0x00000000080024b8        0x8 C:/ST/STM32CubeIDE_1.13.1/STM32CubeIDE/plugins/com.st.stm32cube.ide.mcu.externaltools.gnu-tools-for-stm32.11.3.rel1.win32_1.1.0.202305231506/tools/bin/../lib/gcc/arm-none-eabi/11.3.1/thumb/v7-m/nofp/crtn.o
 *(.fini)
 .fini          0x00000000080024c0        0x4 C:/ST/STM32CubeIDE_1.13.1/STM32CubeIDE/plugins/com.st.stm32cube.ide.mcu.externaltools.gnu-tools-for-stm32.11.3.rel1.win32_1.1.0.202305231506/tools/bin/../lib/gcc/arm-none-eabi/11.3.1/thumb/v7-m/nofp/crti.o
                0x00000000080024c0                _fini
 .fini          0x00000000080024c4        0x8 C:/ST/STM32CubeIDE_1.13.1/STM32CubeIDE/plugins/com.st.stm32cube.ide.mcu.externaltools.gnu-tools-for-stm32.11.3.rel1.win32_1.1.0.202305231506/tools/bin/../lib/gcc/arm-none-eabi/11.3.1/thumb/v7-m/nofp/crtn.o
                0x00000000080024cc                . = ALIGN (0x4)
                0x00000000080024cc                _etext = .

.vfp11_veneer   0x00000000080024cc        0x0
 .vfp11_veneer  0x00000000080024cc        0x0 linker stubs

.v4_bx          0x00000000080024cc        0x0
 .v4_bx         0x00000000080024cc        0x0 linker stubs

.iplt           0x00000000080024cc        0x0
 .iplt          0x00000000080024cc        0x0 C:/ST/STM32CubeIDE_1.13.1/STM32CubeIDE/plugins/com.st.stm32cube.ide.mcu.externaltools.gnu-tools-for-stm32.11.3.rel1.win32_1.1.0.202305231506/tools/bin/../lib/gcc/arm-none-eabi/11.3.1/thumb/v7-m/nofp/crtbegin.o

.rodata         0x00000000080024cc       0x4c
                0x00000000080024cc                . = ALIGN (0x4)
 *(.rodata)
 *(.rodata*)
 .rodata.main.str1.1
                0x00000000080024cc       0x44 ./Core/Src/main.o
 .rodata.vTaskStartScheduler.str1.1
                0x0000000008002510        0x5 ./Middlewares/Third_Party/FreeRTOS/Source/tasks.o
                0x0000000008002518                . = ALIGN (0x4)
 *fill*         0x0000000008002515        0x3 

.rel.dyn        0x0000000008002518        0x0
 .rel.iplt      0x0000000008002518        0x0 C:/ST/STM32CubeIDE_1.13.1/STM32CubeIDE/plugins/com.st.stm32cube.ide.mcu.externaltools.gnu-tools-for-stm32.11.3.rel1.win32_1.1.0.202305231506/tools/bin/../lib/gcc/arm-none-eabi/11.3.1/thumb/v7-m/nofp/crtbegin.o

.ARM.extab      0x0000000008002518        0x0
                0x0000000008002518                . = ALIGN (0x4)
 *(.ARM.extab* .gnu.linkonce.armextab.*)
                0x0000000008002518                . = ALIGN (0x4)

.ARM            0x0000000008002518        0x0
                0x0000000008002518                . = ALIGN (0x4)
                0x0000000008002518                __exidx_start = .
 *(.ARM.exidx*)
                0x0000000008002518                __exidx_end = .
                0x0000000008002518                . = ALIGN (0x4)

.preinit_array  0x0000000008002518        0x0
                0x0000000008002518                . = ALIGN (0x4)
                0x0000000008002518                PROVIDE (__preinit_array_start = .)
 *(.preinit_array*)
                0x0000000008002518                PROVIDE (__preinit_array_end = .)
                0x0000000008002518                . = ALIGN (0x4)

.init_array     0x0000000008002518        0x4
                0x0000000008002518                . = ALIGN (0x4)
                0x0000000008002518                PROVIDE (__init_array_start = .)
 *(SORT_BY_NAME(.init_array.*))
 *(.init_array*)
 .init_array    0x0000000008002518        0x4 C:/ST/STM32CubeIDE_1.13.1/STM32CubeIDE/plugins/com.st.stm32cube.ide.mcu.externaltools.gnu-tools-for-stm32.11.3.rel1.win32_1.1.0.202305231506/tools/bin/../lib/gcc/arm-none-eabi/11.3.1/thumb/v7-m/nofp/crtbegin.o
                0x000000000800251c                PROVIDE (__init_array_end = .)
                0x000000000800251c                . = ALIGN (0x4)

.fini_array     0x000000000800251c        0x4
                0x000000000800251c                . = ALIGN (0x4)
                [!provide]                        PROVIDE (__fini_array_start = .)
 *(SORT_BY_NAME(.fini_array.*))
 *(.fini_array*)
 .fini_array    0x000000000800251c        0x4 C:/ST/STM32CubeIDE_1.13.1/STM32CubeIDE/plugins/com.st.stm32cube.ide.mcu.externaltools.gnu-tools-for-stm32.11.3.rel1.win32_1.1.0.202305231506/tools/bin/../lib/gcc/arm-none-eabi/11.3.1/thumb/v7-m/nofp/crtbegin.o
                [!provide]                        PROVIDE (__fini_array_end = .)
                0x0000000008002520                . = ALIGN (0x4)
                0x0000000008002520                _sidata = LOADADDR (.data)

.data           0x0000000020000000       0x64 load address 0x0000000008002520
                0x0000000020000000                . = ALIGN (0x4)
                0x0000000020000000                _sdata = .
 *(.data)
 *(.data*)
 .data.distance
                0x0000000020000000        0x4 ./Core/Src/app.o
 .data.speed    0x0000000020000004        0x1 ./Core/Src/app.o
 *fill*         0x0000000020000005        0x3 
 .data.SystemCoreClock
                0x0000000020000008        0x4 ./Core/Src/system_stm32f1xx.o
                0x0000000020000008                SystemCoreClock
 .data.uwTickFreq
                0x000000002000000c        0x1 ./Drivers/STM32F1xx_HAL_Driver/Src/stm32f1xx_hal.o
                0x000000002000000c                uwTickFreq
 *fill*         0x000000002000000d        0x3 
 .data.uxCriticalNesting
                0x0000000020000010        0x4 ./Middlewares/Third_Party/FreeRTOS/Source/portable/GCC/ARM_CM3/port.o
 .data._impure_data
                0x0000000020000014       0x4c C:/ST/STM32CubeIDE_1.13.1/STM32CubeIDE/plugins/com.st.stm32cube.ide.mcu.externaltools.gnu-tools-for-stm32.11.3.rel1.win32_1.1.0.202305231506/tools/bin/../lib/gcc/arm-none-eabi/11.3.1/../../../../arm-none-eabi/lib/thumb/v7-m/nofp\libc_nano.a(libc_a-impure.o)
                0x0000000020000014                _impure_data
 .data._impure_ptr
                0x0000000020000060        0x4 C:/ST/STM32CubeIDE_1.13.1/STM32CubeIDE/plugins/com.st.stm32cube.ide.mcu.externaltools.gnu-tools-for-stm32.11.3.rel1.win32_1.1.0.202305231506/tools/bin/../lib/gcc/arm-none-eabi/11.3.1/../../../../arm-none-eabi/lib/thumb/v7-m/nofp\libc_nano.a(libc_a-impure.o)
                0x0000000020000060                _impure_ptr
 *(.RamFunc)
 *(.RamFunc*)
                0x0000000020000064                . = ALIGN (0x4)
                0x0000000020000064                _edata = .

.igot.plt       0x0000000020000064        0x0 load address 0x0000000008002584
 .igot.plt      0x0000000020000064        0x0 C:/ST/STM32CubeIDE_1.13.1/STM32CubeIDE/plugins/com.st.stm32cube.ide.mcu.externaltools.gnu-tools-for-stm32.11.3.rel1.win32_1.1.0.202305231506/tools/bin/../lib/gcc/arm-none-eabi/11.3.1/thumb/v7-m/nofp/crtbegin.o
                0x0000000020000064                . = ALIGN (0x4)

.bss            0x0000000020000064      0xfd8 load address 0x0000000008002584
                0x0000000020000064                _sbss = .
                0x0000000020000064                __bss_start__ = _sbss
 *(.bss)
 .bss           0x0000000020000064       0x1c C:/ST/STM32CubeIDE_1.13.1/STM32CubeIDE/plugins/com.st.stm32cube.ide.mcu.externaltools.gnu-tools-for-stm32.11.3.rel1.win32_1.1.0.202305231506/tools/bin/../lib/gcc/arm-none-eabi/11.3.1/thumb/v7-m/nofp/crtbegin.o
 *(.bss*)
 .bss.htim11    0x0000000020000080       0x48 ./Core/Src/TIM1_program.o
                0x0000000020000080                htim11
 .bss.sBreakDeadTimeConfig
                0x00000000200000c8       0x20 ./Core/Src/TIM1_program.o
                0x00000000200000c8                sBreakDeadTimeConfig
 .bss.sClockSourceConfig
                0x00000000200000e8       0x10 ./Core/Src/TIM1_program.o
                0x00000000200000e8                sClockSourceConfig
 .bss.sConfigOC
                0x00000000200000f8       0x1c ./Core/Src/TIM1_program.o
                0x00000000200000f8                sConfigOC
 .bss.sMasterConfig
                0x0000000020000114        0x8 ./Core/Src/TIM1_program.o
                0x0000000020000114                sMasterConfig
 .bss.htim22    0x000000002000011c       0x48 ./Core/Src/TIM2_program.o
                0x000000002000011c                htim22
 .bss.sConfigOC2
                0x0000000020000164       0x1c ./Core/Src/TIM2_program.o
                0x0000000020000164                sConfigOC2
 .bss.htim33    0x0000000020000180       0x48 ./Core/Src/TIM3_program.o
                0x0000000020000180                htim33
 .bss.sClockSourceConfig3
                0x00000000200001c8       0x10 ./Core/Src/TIM3_program.o
                0x00000000200001c8                sClockSourceConfig3
 .bss.sMasterConfig3
                0x00000000200001d8        0x8 ./Core/Src/TIM3_program.o
                0x00000000200001d8                sMasterConfig3
 .bss.uwTick    0x00000000200001e0        0x4 ./Drivers/STM32F1xx_HAL_Driver/Src/stm32f1xx_hal.o
                0x00000000200001e0                uwTick
 .bss.pxCurrentTCB
                0x00000000200001e4        0x4 ./Middlewares/Third_Party/FreeRTOS/Source/tasks.o
                0x00000000200001e4                pxCurrentTCB
 .bss.pxDelayedTaskList
                0x00000000200001e8        0x4 ./Middlewares/Third_Party/FreeRTOS/Source/tasks.o
 .bss.pxOverflowDelayedTaskList
                0x00000000200001ec        0x4 ./Middlewares/Third_Party/FreeRTOS/Source/tasks.o
 .bss.pxReadyTasksLists
                0x00000000200001f0       0x8c ./Middlewares/Third_Party/FreeRTOS/Source/tasks.o
 .bss.uxCurrentNumberOfTasks
                0x000000002000027c        0x4 ./Middlewares/Third_Party/FreeRTOS/Source/tasks.o
 .bss.uxPendedTicks
                0x0000000020000280        0x4 ./Middlewares/Third_Party/FreeRTOS/Source/tasks.o
 .bss.uxSchedulerSuspended
                0x0000000020000284        0x4 ./Middlewares/Third_Party/FreeRTOS/Source/tasks.o
 .bss.uxTaskNumber
                0x0000000020000288        0x4 ./Middlewares/Third_Party/FreeRTOS/Source/tasks.o
 .bss.uxTopReadyPriority
                0x000000002000028c        0x4 ./Middlewares/Third_Party/FreeRTOS/Source/tasks.o
 .bss.xDelayedTaskList1
                0x0000000020000290       0x14 ./Middlewares/Third_Party/FreeRTOS/Source/tasks.o
 .bss.xDelayedTaskList2
                0x00000000200002a4       0x14 ./Middlewares/Third_Party/FreeRTOS/Source/tasks.o
 .bss.xIdleTaskHandle
                0x00000000200002b8        0x4 ./Middlewares/Third_Party/FreeRTOS/Source/tasks.o
 .bss.xNextTaskUnblockTime
                0x00000000200002bc        0x4 ./Middlewares/Third_Party/FreeRTOS/Source/tasks.o
 .bss.xNumOfOverflows
                0x00000000200002c0        0x4 ./Middlewares/Third_Party/FreeRTOS/Source/tasks.o
 .bss.xPendingReadyList
                0x00000000200002c4       0x14 ./Middlewares/Third_Party/FreeRTOS/Source/tasks.o
 .bss.xSchedulerRunning
                0x00000000200002d8        0x4 ./Middlewares/Third_Party/FreeRTOS/Source/tasks.o
 .bss.xTickCount
                0x00000000200002dc        0x4 ./Middlewares/Third_Party/FreeRTOS/Source/tasks.o
 .bss.xYieldPending
                0x00000000200002e0        0x4 ./Middlewares/Third_Party/FreeRTOS/Source/tasks.o
 .bss.ucMaxSysCallPriority
                0x00000000200002e4        0x1 ./Middlewares/Third_Party/FreeRTOS/Source/portable/GCC/ARM_CM3/port.o
 *fill*         0x00000000200002e5        0x3 
 .bss.ulMaxPRIGROUPValue
                0x00000000200002e8        0x4 ./Middlewares/Third_Party/FreeRTOS/Source/portable/GCC/ARM_CM3/port.o
 .bss.pxEnd     0x00000000200002ec        0x4 ./Middlewares/Third_Party/FreeRTOS/Source/portable/MemMang/heap_4.o
 .bss.ucHeap    0x00000000200002f0      0xc00 ./Middlewares/Third_Party/FreeRTOS/Source/portable/MemMang/heap_4.o
 .bss.xBlockAllocatedBit
                0x0000000020000ef0        0x4 ./Middlewares/Third_Party/FreeRTOS/Source/portable/MemMang/heap_4.o
 .bss.xFreeBytesRemaining
                0x0000000020000ef4        0x4 ./Middlewares/Third_Party/FreeRTOS/Source/portable/MemMang/heap_4.o
 .bss.xMinimumEverFreeBytesRemaining
                0x0000000020000ef8        0x4 ./Middlewares/Third_Party/FreeRTOS/Source/portable/MemMang/heap_4.o
 .bss.xStart    0x0000000020000efc        0x8 ./Middlewares/Third_Party/FreeRTOS/Source/portable/MemMang/heap_4.o
 .bss.__sf      0x0000000020000f04      0x138 C:/ST/STM32CubeIDE_1.13.1/STM32CubeIDE/plugins/com.st.stm32cube.ide.mcu.externaltools.gnu-tools-for-stm32.11.3.rel1.win32_1.1.0.202305231506/tools/bin/../lib/gcc/arm-none-eabi/11.3.1/../../../../arm-none-eabi/lib/thumb/v7-m/nofp\libc_nano.a(libc_a-findfp.o)
                0x0000000020000f04                __sf
 *(COMMON)
                0x000000002000103c                . = ALIGN (0x4)
                0x000000002000103c                _ebss = .
                0x000000002000103c                __bss_end__ = _ebss

._user_heap_stack
                0x000000002000103c      0x604 load address 0x0000000008002584
                0x0000000020001040                . = ALIGN (0x8)
 *fill*         0x000000002000103c        0x4 
                0x0000000020001040                PROVIDE (end = .)
                [!provide]                        PROVIDE (_end = .)
                0x0000000020001240                . = (. + _Min_Heap_Size)
 *fill*         0x0000000020001040      0x200 
                0x0000000020001640                . = (. + _Min_Stack_Size)
 *fill*         0x0000000020001240      0x400 
                0x0000000020001640                . = ALIGN (0x8)

/DISCARD/
 libc.a(*)
 libm.a(*)
 libgcc.a(*)

.ARM.attributes
                0x0000000000000000       0x29
 *(.ARM.attributes)
 .ARM.attributes
                0x0000000000000000       0x1d C:/ST/STM32CubeIDE_1.13.1/STM32CubeIDE/plugins/com.st.stm32cube.ide.mcu.externaltools.gnu-tools-for-stm32.11.3.rel1.win32_1.1.0.202305231506/tools/bin/../lib/gcc/arm-none-eabi/11.3.1/thumb/v7-m/nofp/crti.o
 .ARM.attributes
                0x000000000000001d       0x2d C:/ST/STM32CubeIDE_1.13.1/STM32CubeIDE/plugins/com.st.stm32cube.ide.mcu.externaltools.gnu-tools-for-stm32.11.3.rel1.win32_1.1.0.202305231506/tools/bin/../lib/gcc/arm-none-eabi/11.3.1/thumb/v7-m/nofp/crtbegin.o
 .ARM.attributes
                0x000000000000004a       0x2d ./Core/Src/DC_program.o
 .ARM.attributes
                0x0000000000000077       0x2d ./Core/Src/DIO_program.o
 .ARM.attributes
                0x00000000000000a4       0x2d ./Core/Src/RCC_program.o
 .ARM.attributes
                0x00000000000000d1       0x2d ./Core/Src/SERVO_program.o
 .ARM.attributes
                0x00000000000000fe       0x2d ./Core/Src/TIM1_program.o
 .ARM.attributes
                0x000000000000012b       0x2d ./Core/Src/TIM2_program.o
 .ARM.attributes
                0x0000000000000158       0x2d ./Core/Src/TIM3_program.o
 .ARM.attributes
                0x0000000000000185       0x2d ./Core/Src/ULTRASONIC_program.o
 .ARM.attributes
                0x00000000000001b2       0x2d ./Core/Src/USART_program.o
 .ARM.attributes
                0x00000000000001df       0x2d ./Core/Src/app.o
 .ARM.attributes
                0x000000000000020c       0x2d ./Core/Src/main.o
 .ARM.attributes
                0x0000000000000239       0x2d ./Core/Src/stm32f1xx_hal_msp.o
 .ARM.attributes
                0x0000000000000266       0x2d ./Core/Src/stm32f1xx_it.o
 .ARM.attributes
                0x0000000000000293       0x2d ./Core/Src/system_stm32f1xx.o
 .ARM.attributes
                0x00000000000002c0       0x21 ./Core/Startup/startup_stm32f103c6tx.o
 .ARM.attributes
                0x00000000000002e1       0x2d ./Drivers/STM32F1xx_HAL_Driver/Src/stm32f1xx_hal.o
 .ARM.attributes
                0x000000000000030e       0x2d ./Drivers/STM32F1xx_HAL_Driver/Src/stm32f1xx_hal_gpio.o
 .ARM.attributes
                0x000000000000033b       0x2d ./Drivers/STM32F1xx_HAL_Driver/Src/stm32f1xx_hal_tim.o
 .ARM.attributes
                0x0000000000000368       0x2d ./Drivers/STM32F1xx_HAL_Driver/Src/stm32f1xx_hal_tim_ex.o
 .ARM.attributes
                0x0000000000000395       0x2d ./Middlewares/Third_Party/FreeRTOS/Source/list.o
 .ARM.attributes
                0x00000000000003c2       0x2d ./Middlewares/Third_Party/FreeRTOS/Source/tasks.o
 .ARM.attributes
                0x00000000000003ef       0x2d ./Middlewares/Third_Party/FreeRTOS/Source/portable/GCC/ARM_CM3/port.o
 .ARM.attributes
                0x000000000000041c       0x2d ./Middlewares/Third_Party/FreeRTOS/Source/portable/MemMang/heap_4.o
 .ARM.attributes
                0x0000000000000449       0x2d C:/ST/STM32CubeIDE_1.13.1/STM32CubeIDE/plugins/com.st.stm32cube.ide.mcu.externaltools.gnu-tools-for-stm32.11.3.rel1.win32_1.1.0.202305231506/tools/bin/../lib/gcc/arm-none-eabi/11.3.1/../../../../arm-none-eabi/lib/thumb/v7-m/nofp\libc_nano.a(libc_a-findfp.o)
 .ARM.attributes
                0x0000000000000476       0x2d C:/ST/STM32CubeIDE_1.13.1/STM32CubeIDE/plugins/com.st.stm32cube.ide.mcu.externaltools.gnu-tools-for-stm32.11.3.rel1.win32_1.1.0.202305231506/tools/bin/../lib/gcc/arm-none-eabi/11.3.1/../../../../arm-none-eabi/lib/thumb/v7-m/nofp\libc_nano.a(libc_a-memset.o)
 .ARM.attributes
                0x00000000000004a3       0x2d C:/ST/STM32CubeIDE_1.13.1/STM32CubeIDE/plugins/com.st.stm32cube.ide.mcu.externaltools.gnu-tools-for-stm32.11.3.rel1.win32_1.1.0.202305231506/tools/bin/../lib/gcc/arm-none-eabi/11.3.1/../../../../arm-none-eabi/lib/thumb/v7-m/nofp\libc_nano.a(libc_a-impure.o)
 .ARM.attributes
                0x00000000000004d0       0x2d C:/ST/STM32CubeIDE_1.13.1/STM32CubeIDE/plugins/com.st.stm32cube.ide.mcu.externaltools.gnu-tools-for-stm32.11.3.rel1.win32_1.1.0.202305231506/tools/bin/../lib/gcc/arm-none-eabi/11.3.1/../../../../arm-none-eabi/lib/thumb/v7-m/nofp\libc_nano.a(libc_a-init.o)
 .ARM.attributes
                0x00000000000004fd       0x1d C:/ST/STM32CubeIDE_1.13.1/STM32CubeIDE/plugins/com.st.stm32cube.ide.mcu.externaltools.gnu-tools-for-stm32.11.3.rel1.win32_1.1.0.202305231506/tools/bin/../lib/gcc/arm-none-eabi/11.3.1/thumb/v7-m/nofp\libgcc.a(_arm_addsubsf3.o)
 .ARM.attributes
                0x000000000000051a       0x1d C:/ST/STM32CubeIDE_1.13.1/STM32CubeIDE/plugins/com.st.stm32cube.ide.mcu.externaltools.gnu-tools-for-stm32.11.3.rel1.win32_1.1.0.202305231506/tools/bin/../lib/gcc/arm-none-eabi/11.3.1/thumb/v7-m/nofp\libgcc.a(_arm_muldivsf3.o)
 .ARM.attributes
                0x0000000000000537       0x1d C:/ST/STM32CubeIDE_1.13.1/STM32CubeIDE/plugins/com.st.stm32cube.ide.mcu.externaltools.gnu-tools-for-stm32.11.3.rel1.win32_1.1.0.202305231506/tools/bin/../lib/gcc/arm-none-eabi/11.3.1/thumb/v7-m/nofp\libgcc.a(_arm_cmpsf2.o)
 .ARM.attributes
                0x0000000000000554       0x1d C:/ST/STM32CubeIDE_1.13.1/STM32CubeIDE/plugins/com.st.stm32cube.ide.mcu.externaltools.gnu-tools-for-stm32.11.3.rel1.win32_1.1.0.202305231506/tools/bin/../lib/gcc/arm-none-eabi/11.3.1/thumb/v7-m/nofp\libgcc.a(_arm_fixunssfsi.o)
 .ARM.attributes
                0x0000000000000571       0x1d C:/ST/STM32CubeIDE_1.13.1/STM32CubeIDE/plugins/com.st.stm32cube.ide.mcu.externaltools.gnu-tools-for-stm32.11.3.rel1.win32_1.1.0.202305231506/tools/bin/../lib/gcc/arm-none-eabi/11.3.1/thumb/v7-m/nofp/crtn.o
OUTPUT(Test.elf elf32-littlearm)
LOAD linker stubs
LOAD C:/ST/STM32CubeIDE_1.13.1/STM32CubeIDE/plugins/com.st.stm32cube.ide.mcu.externaltools.gnu-tools-for-stm32.11.3.rel1.win32_1.1.0.202305231506/tools/bin/../lib/gcc/arm-none-eabi/11.3.1/../../../../arm-none-eabi/lib/thumb/v7-m/nofp\libc.a
LOAD C:/ST/STM32CubeIDE_1.13.1/STM32CubeIDE/plugins/com.st.stm32cube.ide.mcu.externaltools.gnu-tools-for-stm32.11.3.rel1.win32_1.1.0.202305231506/tools/bin/../lib/gcc/arm-none-eabi/11.3.1/../../../../arm-none-eabi/lib/thumb/v7-m/nofp\libm.a
LOAD C:/ST/STM32CubeIDE_1.13.1/STM32CubeIDE/plugins/com.st.stm32cube.ide.mcu.externaltools.gnu-tools-for-stm32.11.3.rel1.win32_1.1.0.202305231506/tools/bin/../lib/gcc/arm-none-eabi/11.3.1/thumb/v7-m/nofp\libgcc.a

.comment        0x0000000000000000       0x43
 .comment       0x0000000000000000       0x43 C:/ST/STM32CubeIDE_1.13.1/STM32CubeIDE/plugins/com.st.stm32cube.ide.mcu.externaltools.gnu-tools-for-stm32.11.3.rel1.win32_1.1.0.202305231506/tools/bin/../lib/gcc/arm-none-eabi/11.3.1/thumb/v7-m/nofp/crtbegin.o
                                         0x44 (size before relaxing)
 .comment       0x0000000000000043       0x44 ./Core/Src/DC_program.o
 .comment       0x0000000000000043       0x44 ./Core/Src/DIO_program.o
 .comment       0x0000000000000043       0x44 ./Core/Src/RCC_program.o
 .comment       0x0000000000000043       0x44 ./Core/Src/SERVO_program.o
 .comment       0x0000000000000043       0x44 ./Core/Src/TIM1_program.o
 .comment       0x0000000000000043       0x44 ./Core/Src/TIM2_program.o
 .comment       0x0000000000000043       0x44 ./Core/Src/TIM3_program.o
 .comment       0x0000000000000043       0x44 ./Core/Src/ULTRASONIC_program.o
 .comment       0x0000000000000043       0x44 ./Core/Src/USART_program.o
 .comment       0x0000000000000043       0x44 ./Core/Src/app.o
 .comment       0x0000000000000043       0x44 ./Core/Src/main.o
 .comment       0x0000000000000043       0x44 ./Core/Src/stm32f1xx_hal_msp.o
 .comment       0x0000000000000043       0x44 ./Core/Src/stm32f1xx_it.o
 .comment       0x0000000000000043       0x44 ./Core/Src/system_stm32f1xx.o
 .comment       0x0000000000000043       0x44 ./Drivers/STM32F1xx_HAL_Driver/Src/stm32f1xx_hal.o
 .comment       0x0000000000000043       0x44 ./Drivers/STM32F1xx_HAL_Driver/Src/stm32f1xx_hal_gpio.o
 .comment       0x0000000000000043       0x44 ./Drivers/STM32F1xx_HAL_Driver/Src/stm32f1xx_hal_tim.o
 .comment       0x0000000000000043       0x44 ./Drivers/STM32F1xx_HAL_Driver/Src/stm32f1xx_hal_tim_ex.o
 .comment       0x0000000000000043       0x44 ./Middlewares/Third_Party/FreeRTOS/Source/list.o
 .comment       0x0000000000000043       0x44 ./Middlewares/Third_Party/FreeRTOS/Source/tasks.o
 .comment       0x0000000000000043       0x44 ./Middlewares/Third_Party/FreeRTOS/Source/portable/GCC/ARM_CM3/port.o
 .comment       0x0000000000000043       0x44 ./Middlewares/Third_Party/FreeRTOS/Source/portable/MemMang/heap_4.o

.debug_info     0x0000000000000000     0xd92f
 .debug_info    0x0000000000000000      0x2be ./Core/Src/DC_program.o
 .debug_info    0x00000000000002be      0x253 ./Core/Src/DIO_program.o
 .debug_info    0x0000000000000511      0x100 ./Core/Src/RCC_program.o
 .debug_info    0x0000000000000611      0x224 ./Core/Src/SERVO_program.o
 .debug_info    0x0000000000000835      0xb21 ./Core/Src/TIM1_program.o
 .debug_info    0x0000000000001356      0xd22 ./Core/Src/TIM2_program.o
 .debug_info    0x0000000000002078      0xa41 ./Core/Src/TIM3_program.o
 .debug_info    0x0000000000002ab9      0x2e5 ./Core/Src/ULTRASONIC_program.o
 .debug_info    0x0000000000002d9e       0xac ./Core/Src/USART_program.o
 .debug_info    0x0000000000002e4a      0x535 ./Core/Src/app.o
 .debug_info    0x000000000000337f      0x28c ./Core/Src/main.o
 .debug_info    0x000000000000360b      0xa5c ./Core/Src/stm32f1xx_hal_msp.o
 .debug_info    0x0000000000004067      0x119 ./Core/Src/stm32f1xx_it.o
 .debug_info    0x0000000000004180      0x231 ./Core/Src/system_stm32f1xx.o
 .debug_info    0x00000000000043b1       0x23 ./Core/Startup/startup_stm32f103c6tx.o
 .debug_info    0x00000000000043d4      0x7be ./Drivers/STM32F1xx_HAL_Driver/Src/stm32f1xx_hal.o
 .debug_info    0x0000000000004b92      0x604 ./Drivers/STM32F1xx_HAL_Driver/Src/stm32f1xx_hal_gpio.o
 .debug_info    0x0000000000005196     0x40a0 ./Drivers/STM32F1xx_HAL_Driver/Src/stm32f1xx_hal_tim.o
 .debug_info    0x0000000000009236     0x18bb ./Drivers/STM32F1xx_HAL_Driver/Src/stm32f1xx_hal_tim_ex.o
 .debug_info    0x000000000000aaf1      0x2be ./Middlewares/Third_Party/FreeRTOS/Source/list.o
 .debug_info    0x000000000000adaf     0x21a0 ./Middlewares/Third_Party/FreeRTOS/Source/tasks.o
 .debug_info    0x000000000000cf4f      0x530 ./Middlewares/Third_Party/FreeRTOS/Source/portable/GCC/ARM_CM3/port.o
 .debug_info    0x000000000000d47f      0x4b0 ./Middlewares/Third_Party/FreeRTOS/Source/portable/MemMang/heap_4.o

.debug_abbrev   0x0000000000000000     0x28df
 .debug_abbrev  0x0000000000000000       0xf4 ./Core/Src/DC_program.o
 .debug_abbrev  0x00000000000000f4       0xfd ./Core/Src/DIO_program.o
 .debug_abbrev  0x00000000000001f1       0x8f ./Core/Src/RCC_program.o
 .debug_abbrev  0x0000000000000280       0xe6 ./Core/Src/SERVO_program.o
 .debug_abbrev  0x0000000000000366      0x25b ./Core/Src/TIM1_program.o
 .debug_abbrev  0x00000000000005c1      0x285 ./Core/Src/TIM2_program.o
 .debug_abbrev  0x0000000000000846      0x2bb ./Core/Src/TIM3_program.o
 .debug_abbrev  0x0000000000000b01       0xfe ./Core/Src/ULTRASONIC_program.o
 .debug_abbrev  0x0000000000000bff       0x62 ./Core/Src/USART_program.o
 .debug_abbrev  0x0000000000000c61      0x18b ./Core/Src/app.o
 .debug_abbrev  0x0000000000000dec      0x100 ./Core/Src/main.o
 .debug_abbrev  0x0000000000000eec      0x20f ./Core/Src/stm32f1xx_hal_msp.o
 .debug_abbrev  0x00000000000010fb       0x9d ./Core/Src/stm32f1xx_it.o
 .debug_abbrev  0x0000000000001198      0x145 ./Core/Src/system_stm32f1xx.o
 .debug_abbrev  0x00000000000012dd       0x12 ./Core/Startup/startup_stm32f103c6tx.o
 .debug_abbrev  0x00000000000012ef      0x272 ./Drivers/STM32F1xx_HAL_Driver/Src/stm32f1xx_hal.o
 .debug_abbrev  0x0000000000001561      0x1f7 ./Drivers/STM32F1xx_HAL_Driver/Src/stm32f1xx_hal_gpio.o
 .debug_abbrev  0x0000000000001758      0x380 ./Drivers/STM32F1xx_HAL_Driver/Src/stm32f1xx_hal_tim.o
 .debug_abbrev  0x0000000000001ad8      0x2ea ./Drivers/STM32F1xx_HAL_Driver/Src/stm32f1xx_hal_tim_ex.o
 .debug_abbrev  0x0000000000001dc2      0x10c ./Middlewares/Third_Party/FreeRTOS/Source/list.o
 .debug_abbrev  0x0000000000001ece      0x4d8 ./Middlewares/Third_Party/FreeRTOS/Source/tasks.o
 .debug_abbrev  0x00000000000023a6      0x2b1 ./Middlewares/Third_Party/FreeRTOS/Source/portable/GCC/ARM_CM3/port.o
 .debug_abbrev  0x0000000000002657      0x288 ./Middlewares/Third_Party/FreeRTOS/Source/portable/MemMang/heap_4.o

.debug_loclists
                0x0000000000000000     0x4d8e
 .debug_loclists
                0x0000000000000000       0x23 ./Core/Src/DC_program.o
 .debug_loclists
                0x0000000000000023      0x269 ./Core/Src/DIO_program.o
 .debug_loclists
                0x000000000000028c       0x7e ./Core/Src/RCC_program.o
 .debug_loclists
                0x000000000000030a       0x3a ./Core/Src/SERVO_program.o
 .debug_loclists
                0x0000000000000344       0xc4 ./Core/Src/TIM1_program.o
 .debug_loclists
                0x0000000000000408       0x90 ./Core/Src/TIM2_program.o
 .debug_loclists
                0x0000000000000498      0x126 ./Core/Src/TIM3_program.o
 .debug_loclists
                0x00000000000005be       0x3d ./Core/Src/app.o
 .debug_loclists
                0x00000000000005fb       0x20 ./Core/Src/stm32f1xx_hal_msp.o
 .debug_loclists
                0x000000000000061b       0xac ./Core/Src/system_stm32f1xx.o
 .debug_loclists
                0x00000000000006c7       0xc3 ./Drivers/STM32F1xx_HAL_Driver/Src/stm32f1xx_hal.o
 .debug_loclists
                0x000000000000078a      0x2a4 ./Drivers/STM32F1xx_HAL_Driver/Src/stm32f1xx_hal_gpio.o
 .debug_loclists
                0x0000000000000a2e     0x2a37 ./Drivers/STM32F1xx_HAL_Driver/Src/stm32f1xx_hal_tim.o
 .debug_loclists
                0x0000000000003465      0xc43 ./Drivers/STM32F1xx_HAL_Driver/Src/stm32f1xx_hal_tim_ex.o
 .debug_loclists
                0x00000000000040a8       0x71 ./Middlewares/Third_Party/FreeRTOS/Source/list.o
 .debug_loclists
                0x0000000000004119      0x907 ./Middlewares/Third_Party/FreeRTOS/Source/tasks.o
 .debug_loclists
                0x0000000000004a20       0x92 ./Middlewares/Third_Party/FreeRTOS/Source/portable/GCC/ARM_CM3/port.o
 .debug_loclists
                0x0000000000004ab2      0x2dc ./Middlewares/Third_Party/FreeRTOS/Source/portable/MemMang/heap_4.o

.debug_aranges  0x0000000000000000      0xa18
 .debug_aranges
                0x0000000000000000       0x38 ./Core/Src/DC_program.o
 .debug_aranges
                0x0000000000000038       0x40 ./Core/Src/DIO_program.o
 .debug_aranges
                0x0000000000000078       0x30 ./Core/Src/RCC_program.o
 .debug_aranges
                0x00000000000000a8       0x28 ./Core/Src/SERVO_program.o
 .debug_aranges
                0x00000000000000d0       0x48 ./Core/Src/TIM1_program.o
 .debug_aranges
                0x0000000000000118       0x48 ./Core/Src/TIM2_program.o
 .debug_aranges
                0x0000000000000160       0x48 ./Core/Src/TIM3_program.o
 .debug_aranges
                0x00000000000001a8       0x28 ./Core/Src/ULTRASONIC_program.o
 .debug_aranges
                0x00000000000001d0       0x28 ./Core/Src/USART_program.o
 .debug_aranges
                0x00000000000001f8       0x40 ./Core/Src/app.o
 .debug_aranges
                0x0000000000000238       0x20 ./Core/Src/main.o
 .debug_aranges
                0x0000000000000258       0x38 ./Core/Src/stm32f1xx_hal_msp.o
 .debug_aranges
                0x0000000000000290       0x50 ./Core/Src/stm32f1xx_it.o
 .debug_aranges
                0x00000000000002e0       0x28 ./Core/Src/system_stm32f1xx.o
 .debug_aranges
                0x0000000000000308       0x28 ./Core/Startup/startup_stm32f103c6tx.o
 .debug_aranges
                0x0000000000000330       0xd8 ./Drivers/STM32F1xx_HAL_Driver/Src/stm32f1xx_hal.o
 .debug_aranges
                0x0000000000000408       0x58 ./Drivers/STM32F1xx_HAL_Driver/Src/stm32f1xx_hal_gpio.o
 .debug_aranges
                0x0000000000000460      0x298 ./Drivers/STM32F1xx_HAL_Driver/Src/stm32f1xx_hal_tim.o
 .debug_aranges
                0x00000000000006f8      0x118 ./Drivers/STM32F1xx_HAL_Driver/Src/stm32f1xx_hal_tim_ex.o
 .debug_aranges
                0x0000000000000810       0x40 ./Middlewares/Third_Party/FreeRTOS/Source/list.o
 .debug_aranges
                0x0000000000000850      0x108 ./Middlewares/Third_Party/FreeRTOS/Source/tasks.o
 .debug_aranges
                0x0000000000000958       0x78 ./Middlewares/Third_Party/FreeRTOS/Source/portable/GCC/ARM_CM3/port.o
 .debug_aranges
                0x00000000000009d0       0x48 ./Middlewares/Third_Party/FreeRTOS/Source/portable/MemMang/heap_4.o

.debug_rnglists
                0x0000000000000000      0x8b8
 .debug_rnglists
                0x0000000000000000       0x25 ./Core/Src/DC_program.o
 .debug_rnglists
                0x0000000000000025       0x2c ./Core/Src/DIO_program.o
 .debug_rnglists
                0x0000000000000051       0x1f ./Core/Src/RCC_program.o
 .debug_rnglists
                0x0000000000000070       0x19 ./Core/Src/SERVO_program.o
 .debug_rnglists
                0x0000000000000089       0x32 ./Core/Src/TIM1_program.o
 .debug_rnglists
                0x00000000000000bb       0x32 ./Core/Src/TIM2_program.o
 .debug_rnglists
                0x00000000000000ed       0x64 ./Core/Src/TIM3_program.o
 .debug_rnglists
                0x0000000000000151       0x19 ./Core/Src/ULTRASONIC_program.o
 .debug_rnglists
                0x000000000000016a       0x19 ./Core/Src/USART_program.o
 .debug_rnglists
                0x0000000000000183       0x2c ./Core/Src/app.o
 .debug_rnglists
                0x00000000000001af       0x13 ./Core/Src/main.o
 .debug_rnglists
                0x00000000000001c2       0x43 ./Core/Src/stm32f1xx_hal_msp.o
 .debug_rnglists
                0x0000000000000205       0x37 ./Core/Src/stm32f1xx_it.o
 .debug_rnglists
                0x000000000000023c       0x19 ./Core/Src/system_stm32f1xx.o
 .debug_rnglists
                0x0000000000000255       0x19 ./Core/Startup/startup_stm32f103c6tx.o
 .debug_rnglists
                0x000000000000026e       0x9d ./Drivers/STM32F1xx_HAL_Driver/Src/stm32f1xx_hal.o
 .debug_rnglists
                0x000000000000030b       0x52 ./Drivers/STM32F1xx_HAL_Driver/Src/stm32f1xx_hal_gpio.o
 .debug_rnglists
                0x000000000000035d      0x27e ./Drivers/STM32F1xx_HAL_Driver/Src/stm32f1xx_hal_tim.o
 .debug_rnglists
                0x00000000000005db       0xd5 ./Drivers/STM32F1xx_HAL_Driver/Src/stm32f1xx_hal_tim_ex.o
 .debug_rnglists
                0x00000000000006b0       0x2b ./Middlewares/Third_Party/FreeRTOS/Source/list.o
 .debug_rnglists
                0x00000000000006db      0x13d ./Middlewares/Third_Party/FreeRTOS/Source/tasks.o
 .debug_rnglists
                0x0000000000000818       0x6e ./Middlewares/Third_Party/FreeRTOS/Source/portable/GCC/ARM_CM3/port.o
 .debug_rnglists
                0x0000000000000886       0x32 ./Middlewares/Third_Party/FreeRTOS/Source/portable/MemMang/heap_4.o

.debug_macro    0x0000000000000000    0x186b5
 .debug_macro   0x0000000000000000       0x74 ./Core/Src/DC_program.o
 .debug_macro   0x0000000000000074      0xaa2 ./Core/Src/DC_program.o
 .debug_macro   0x0000000000000b16       0x22 ./Core/Src/DC_program.o
 .debug_macro   0x0000000000000b38       0x22 ./Core/Src/DC_program.o
 .debug_macro   0x0000000000000b5a       0x94 ./Core/Src/DC_program.o
 .debug_macro   0x0000000000000bee       0x52 ./Core/Src/DC_program.o
 .debug_macro   0x0000000000000c40       0xdc ./Core/Src/DC_program.o
 .debug_macro   0x0000000000000d1c      0x1e4 ./Core/Src/DC_program.o
 .debug_macro   0x0000000000000f00       0x46 ./Core/Src/DC_program.o
 .debug_macro   0x0000000000000f46       0x4c ./Core/Src/DIO_program.o
 .debug_macro   0x0000000000000f92       0x4c ./Core/Src/DIO_program.o
 .debug_macro   0x0000000000000fde       0x22 ./Core/Src/DIO_program.o
 .debug_macro   0x0000000000001000       0x3f ./Core/Src/RCC_program.o
 .debug_macro   0x000000000000103f       0x28 ./Core/Src/RCC_program.o
 .debug_macro   0x0000000000001067       0x90 ./Core/Src/SERVO_program.o
 .debug_macro   0x00000000000010f7       0x2e ./Core/Src/SERVO_program.o
 .debug_macro   0x0000000000001125       0x34 ./Core/Src/SERVO_program.o
 .debug_macro   0x0000000000001159       0x16 ./Core/Src/SERVO_program.o
 .debug_macro   0x000000000000116f       0x58 ./Core/Src/SERVO_program.o
 .debug_macro   0x00000000000011c7      0x1cc ./Core/Src/TIM1_program.o
 .debug_macro   0x0000000000001393       0x2e ./Core/Src/TIM1_program.o
 .debug_macro   0x00000000000013c1       0x22 ./Core/Src/TIM1_program.o
 .debug_macro   0x00000000000013e3       0x22 ./Core/Src/TIM1_program.o
 .debug_macro   0x0000000000001405       0x8e ./Core/Src/TIM1_program.o
 .debug_macro   0x0000000000001493       0x51 ./Core/Src/TIM1_program.o
 .debug_macro   0x00000000000014e4      0x103 ./Core/Src/TIM1_program.o
 .debug_macro   0x00000000000015e7       0x6a ./Core/Src/TIM1_program.o
 .debug_macro   0x0000000000001651      0x1df ./Core/Src/TIM1_program.o
 .debug_macro   0x0000000000001830       0x1c ./Core/Src/TIM1_program.o
 .debug_macro   0x000000000000184c       0x22 ./Core/Src/TIM1_program.o
 .debug_macro   0x000000000000186e       0xbd ./Core/Src/TIM1_program.o
 .debug_macro   0x000000000000192b      0xd23 ./Core/Src/TIM1_program.o
 .debug_macro   0x000000000000264e     0xde75 ./Core/Src/TIM1_program.o
 .debug_macro   0x00000000000104c3       0x6d ./Core/Src/TIM1_program.o
 .debug_macro   0x0000000000010530      0x215 ./Core/Src/TIM1_program.o
 .debug_macro   0x0000000000010745     0x348d ./Core/Src/TIM1_program.o
 .debug_macro   0x0000000000013bd2      0x174 ./Core/Src/TIM1_program.o
 .debug_macro   0x0000000000013d46       0x5c ./Core/Src/TIM1_program.o
 .debug_macro   0x0000000000013da2      0x5bc ./Core/Src/TIM1_program.o
 .debug_macro   0x000000000001435e      0x1b7 ./Core/Src/TIM1_program.o
 .debug_macro   0x0000000000014515      0x1cb ./Core/Src/TIM1_program.o
 .debug_macro   0x00000000000146e0      0x114 ./Core/Src/TIM1_program.o
 .debug_macro   0x00000000000147f4      0x1b2 ./Core/Src/TIM1_program.o
 .debug_macro   0x00000000000149a6       0x27 ./Core/Src/TIM1_program.o
 .debug_macro   0x00000000000149cd      0x12f ./Core/Src/TIM1_program.o
 .debug_macro   0x0000000000014afc      0x1bc ./Core/Src/TIM1_program.o
 .debug_macro   0x0000000000014cb8       0x34 ./Core/Src/TIM1_program.o
 .debug_macro   0x0000000000014cec       0x3c ./Core/Src/TIM1_program.o
 .debug_macro   0x0000000000014d28       0x57 ./Core/Src/TIM1_program.o
 .debug_macro   0x0000000000014d7f       0x87 ./Core/Src/TIM1_program.o
 .debug_macro   0x0000000000014e06      0x183 ./Core/Src/TIM1_program.o
 .debug_macro   0x0000000000014f89      0x140 ./Core/Src/TIM1_program.o
 .debug_macro   0x00000000000150c9       0x69 ./Core/Src/TIM1_program.o
 .debug_macro   0x0000000000015132      0x8e7 ./Core/Src/TIM1_program.o
 .debug_macro   0x0000000000015a19      0x1db ./Core/Src/TIM2_program.o
 .debug_macro   0x0000000000015bf4      0x1d9 ./Core/Src/TIM3_program.o
 .debug_macro   0x0000000000015dcd       0x1c ./Core/Src/TIM3_program.o
 .debug_macro   0x0000000000015de9       0x10 ./Core/Src/TIM3_program.o
 .debug_macro   0x0000000000015df9       0x7c ./Core/Src/TIM3_program.o
 .debug_macro   0x0000000000015e75       0x6b ./Core/Src/ULTRASONIC_program.o
 .debug_macro   0x0000000000015ee0       0x22 ./Core/Src/ULTRASONIC_program.o
 .debug_macro   0x0000000000015f02       0x3d ./Core/Src/USART_program.o
 .debug_macro   0x0000000000015f3f       0x3a ./Core/Src/USART_program.o
 .debug_macro   0x0000000000015f79      0x1fb ./Core/Src/app.o
 .debug_macro   0x0000000000016174       0x3a ./Core/Src/app.o
 .debug_macro   0x00000000000161ae       0x10 ./Core/Src/app.o
 .debug_macro   0x00000000000161be       0x3a ./Core/Src/app.o
 .debug_macro   0x00000000000161f8       0xd6 ./Core/Src/app.o
 .debug_macro   0x00000000000162ce      0x15a ./Core/Src/app.o
 .debug_macro   0x0000000000016428       0xd7 ./Core/Src/app.o
 .debug_macro   0x00000000000164ff       0x10 ./Core/Src/app.o
 .debug_macro   0x000000000001650f       0x1f ./Core/Src/app.o
 .debug_macro   0x000000000001652e       0x61 ./Core/Src/app.o
 .debug_macro   0x000000000001658f       0x24 ./Core/Src/app.o
 .debug_macro   0x00000000000165b3       0x43 ./Core/Src/app.o
 .debug_macro   0x00000000000165f6       0x34 ./Core/Src/app.o
 .debug_macro   0x000000000001662a       0x16 ./Core/Src/app.o
 .debug_macro   0x0000000000016640       0x43 ./Core/Src/app.o
 .debug_macro   0x0000000000016683       0x34 ./Core/Src/app.o
 .debug_macro   0x00000000000166b7       0x10 ./Core/Src/app.o
 .debug_macro   0x00000000000166c7       0x58 ./Core/Src/app.o
 .debug_macro   0x000000000001671f       0x8e ./Core/Src/app.o
 .debug_macro   0x00000000000167ad       0x1c ./Core/Src/app.o
 .debug_macro   0x00000000000167c9      0x177 ./Core/Src/app.o
 .debug_macro   0x0000000000016940       0x10 ./Core/Src/app.o
 .debug_macro   0x0000000000016950       0x35 ./Core/Src/app.o
 .debug_macro   0x0000000000016985      0x4b1 ./Core/Src/app.o
 .debug_macro   0x0000000000016e36       0xb5 ./Core/Src/app.o
 .debug_macro   0x0000000000016eeb       0x8c ./Core/Src/app.o
 .debug_macro   0x0000000000016f77      0x18a ./Core/Src/main.o
 .debug_macro   0x0000000000017101      0x1a1 ./Core/Src/stm32f1xx_hal_msp.o
 .debug_macro   0x00000000000172a2      0x2b0 ./Core/Src/stm32f1xx_it.o
 .debug_macro   0x0000000000017552       0xd6 ./Core/Src/stm32f1xx_it.o
 .debug_macro   0x0000000000017628      0x197 ./Core/Src/system_stm32f1xx.o
 .debug_macro   0x00000000000177bf      0x1bb ./Drivers/STM32F1xx_HAL_Driver/Src/stm32f1xx_hal.o
 .debug_macro   0x000000000001797a      0x202 ./Drivers/STM32F1xx_HAL_Driver/Src/stm32f1xx_hal_gpio.o
 .debug_macro   0x0000000000017b7c      0x198 ./Drivers/STM32F1xx_HAL_Driver/Src/stm32f1xx_hal_tim.o
 .debug_macro   0x0000000000017d14      0x197 ./Drivers/STM32F1xx_HAL_Driver/Src/stm32f1xx_hal_tim_ex.o
 .debug_macro   0x0000000000017eab      0x199 ./Middlewares/Third_Party/FreeRTOS/Source/list.o
 .debug_macro   0x0000000000018044      0x292 ./Middlewares/Third_Party/FreeRTOS/Source/tasks.o
 .debug_macro   0x00000000000182d6       0x10 ./Middlewares/Third_Party/FreeRTOS/Source/tasks.o
 .debug_macro   0x00000000000182e6      0x20f ./Middlewares/Third_Party/FreeRTOS/Source/portable/GCC/ARM_CM3/port.o
 .debug_macro   0x00000000000184f5      0x1c0 ./Middlewares/Third_Party/FreeRTOS/Source/portable/MemMang/heap_4.o

.debug_line     0x0000000000000000     0xfdce
 .debug_line    0x0000000000000000      0x1c2 ./Core/Src/DC_program.o
 .debug_line    0x00000000000001c2      0x334 ./Core/Src/DIO_program.o
 .debug_line    0x00000000000004f6      0x12c ./Core/Src/RCC_program.o
 .debug_line    0x0000000000000622      0x1a4 ./Core/Src/SERVO_program.o
 .debug_line    0x00000000000007c6      0x898 ./Core/Src/TIM1_program.o
 .debug_line    0x000000000000105e      0x8ae ./Core/Src/TIM2_program.o
 .debug_line    0x000000000000190c      0x93a ./Core/Src/TIM3_program.o
 .debug_line    0x0000000000002246      0x1ba ./Core/Src/ULTRASONIC_program.o
 .debug_line    0x0000000000002400       0xe9 ./Core/Src/USART_program.o
 .debug_line    0x00000000000024e9      0x939 ./Core/Src/app.o
 .debug_line    0x0000000000002e22      0x6bb ./Core/Src/main.o
 .debug_line    0x00000000000034dd      0x815 ./Core/Src/stm32f1xx_hal_msp.o
 .debug_line    0x0000000000003cf2      0x9fd ./Core/Src/stm32f1xx_it.o
 .debug_line    0x00000000000046ef      0x76b ./Core/Src/system_stm32f1xx.o
 .debug_line    0x0000000000004e5a       0x78 ./Core/Startup/startup_stm32f103c6tx.o
 .debug_line    0x0000000000004ed2      0xa0d ./Drivers/STM32F1xx_HAL_Driver/Src/stm32f1xx_hal.o
 .debug_line    0x00000000000058df      0xaa9 ./Drivers/STM32F1xx_HAL_Driver/Src/stm32f1xx_hal_gpio.o
 .debug_line    0x0000000000006388     0x4618 ./Drivers/STM32F1xx_HAL_Driver/Src/stm32f1xx_hal_tim.o
 .debug_line    0x000000000000a9a0     0x1a75 ./Drivers/STM32F1xx_HAL_Driver/Src/stm32f1xx_hal_tim_ex.o
 .debug_line    0x000000000000c415      0x823 ./Middlewares/Third_Party/FreeRTOS/Source/list.o
 .debug_line    0x000000000000cc38     0x1c6b ./Middlewares/Third_Party/FreeRTOS/Source/tasks.o
 .debug_line    0x000000000000e8a3      0xab6 ./Middlewares/Third_Party/FreeRTOS/Source/portable/GCC/ARM_CM3/port.o
 .debug_line    0x000000000000f359      0xa75 ./Middlewares/Third_Party/FreeRTOS/Source/portable/MemMang/heap_4.o

.debug_str      0x0000000000000000    0x8c7dc
 .debug_str     0x0000000000000000     0x3d3c ./Core/Src/DC_program.o
                                       0x3dc0 (size before relaxing)
 .debug_str     0x0000000000003d3c      0x167 ./Core/Src/DIO_program.o
                                       0x3375 (size before relaxing)
 .debug_str     0x0000000000003ea3      0x131 ./Core/Src/RCC_program.o
                                       0x36c6 (size before relaxing)
 .debug_str     0x0000000000003fd4      0x351 ./Core/Src/SERVO_program.o
                                       0x3d13 (size before relaxing)
 .debug_str     0x0000000000004325    0x7cbfa ./Core/Src/TIM1_program.o
                                      0x80232 (size before relaxing)
 .debug_str     0x0000000000080f1f      0x188 ./Core/Src/TIM2_program.o
                                      0x80188 (size before relaxing)
 .debug_str     0x00000000000810a7      0x4af ./Core/Src/TIM3_program.o
                                      0x800ed (size before relaxing)
 .debug_str     0x0000000000081556       0xd8 ./Core/Src/ULTRASONIC_program.o
                                       0x3acd (size before relaxing)
 .debug_str     0x000000000008162e      0x19d ./Core/Src/USART_program.o
                                       0x3036 (size before relaxing)
 .debug_str     0x00000000000817cb     0x5663 ./Core/Src/app.o
                                       0xa453 (size before relaxing)
 .debug_str     0x0000000000086e2e       0x4f ./Core/Src/main.o
                                       0x9666 (size before relaxing)
 .debug_str     0x0000000000086e7d      0x341 ./Core/Src/stm32f1xx_hal_msp.o
                                      0x7fe1e (size before relaxing)
 .debug_str     0x00000000000871be       0xe3 ./Core/Src/stm32f1xx_it.o
                                      0x84b62 (size before relaxing)
 .debug_str     0x00000000000872a1       0x88 ./Core/Src/system_stm32f1xx.o
                                      0x7f63d (size before relaxing)
 .debug_str     0x0000000000087329       0x34 ./Core/Startup/startup_stm32f103c6tx.o
                                         0x60 (size before relaxing)
 .debug_str     0x000000000008735d      0x397 ./Drivers/STM32F1xx_HAL_Driver/Src/stm32f1xx_hal.o
                                      0x7fd36 (size before relaxing)
 .debug_str     0x00000000000876f4      0x367 ./Drivers/STM32F1xx_HAL_Driver/Src/stm32f1xx_hal_gpio.o
                                      0x7f9c3 (size before relaxing)
 .debug_str     0x0000000000087a5b      0xd49 ./Drivers/STM32F1xx_HAL_Driver/Src/stm32f1xx_hal_tim.o
                                      0x80a5e (size before relaxing)
 .debug_str     0x00000000000887a4      0x3e1 ./Drivers/STM32F1xx_HAL_Driver/Src/stm32f1xx_hal_tim_ex.o
                                      0x8027a (size before relaxing)
 .debug_str     0x0000000000088b85     0x1798 ./Middlewares/Third_Party/FreeRTOS/Source/list.o
                                       0xa71d (size before relaxing)
 .debug_str     0x000000000008a31d     0x1c0e ./Middlewares/Third_Party/FreeRTOS/Source/tasks.o
                                       0xc9af (size before relaxing)
 .debug_str     0x000000000008bf2b      0x66e ./Middlewares/Third_Party/FreeRTOS/Source/portable/GCC/ARM_CM3/port.o
                                       0x9cf0 (size before relaxing)
 .debug_str     0x000000000008c599      0x243 ./Middlewares/Third_Party/FreeRTOS/Source/portable/MemMang/heap_4.o
                                       0xae6a (size before relaxing)

.debug_frame    0x0000000000000000     0x1e20
 .debug_frame   0x0000000000000000       0x80 ./Core/Src/DC_program.o
 .debug_frame   0x0000000000000080       0x68 ./Core/Src/DIO_program.o
 .debug_frame   0x00000000000000e8       0x40 ./Core/Src/RCC_program.o
 .debug_frame   0x0000000000000128       0x48 ./Core/Src/SERVO_program.o
 .debug_frame   0x0000000000000170       0x94 ./Core/Src/TIM1_program.o
 .debug_frame   0x0000000000000204       0xac ./Core/Src/TIM2_program.o
 .debug_frame   0x00000000000002b0       0x94 ./Core/Src/TIM3_program.o
 .debug_frame   0x0000000000000344       0x44 ./Core/Src/ULTRASONIC_program.o
 .debug_frame   0x0000000000000388       0x30 ./Core/Src/USART_program.o
 .debug_frame   0x00000000000003b8       0xa0 ./Core/Src/app.o
 .debug_frame   0x0000000000000458       0x28 ./Core/Src/main.o
 .debug_frame   0x0000000000000480       0x74 ./Core/Src/stm32f1xx_hal_msp.o
 .debug_frame   0x00000000000004f4       0x8c ./Core/Src/stm32f1xx_it.o
 .debug_frame   0x0000000000000580       0x30 ./Core/Src/system_stm32f1xx.o
 .debug_frame   0x00000000000005b0      0x1d4 ./Drivers/STM32F1xx_HAL_Driver/Src/stm32f1xx_hal.o
 .debug_frame   0x0000000000000784       0xd8 ./Drivers/STM32F1xx_HAL_Driver/Src/stm32f1xx_hal_gpio.o
 .debug_frame   0x000000000000085c      0x9f0 ./Drivers/STM32F1xx_HAL_Driver/Src/stm32f1xx_hal_tim.o
 .debug_frame   0x000000000000124c      0x3d0 ./Drivers/STM32F1xx_HAL_Driver/Src/stm32f1xx_hal_tim_ex.o
 .debug_frame   0x000000000000161c       0x6c ./Middlewares/Third_Party/FreeRTOS/Source/list.o
 .debug_frame   0x0000000000001688      0x31c ./Middlewares/Third_Party/FreeRTOS/Source/tasks.o
 .debug_frame   0x00000000000019a4       0xec ./Middlewares/Third_Party/FreeRTOS/Source/portable/GCC/ARM_CM3/port.o
 .debug_frame   0x0000000000001a90       0x98 ./Middlewares/Third_Party/FreeRTOS/Source/portable/MemMang/heap_4.o
 .debug_frame   0x0000000000001b28      0x13c C:/ST/STM32CubeIDE_1.13.1/STM32CubeIDE/plugins/com.st.stm32cube.ide.mcu.externaltools.gnu-tools-for-stm32.11.3.rel1.win32_1.1.0.202305231506/tools/bin/../lib/gcc/arm-none-eabi/11.3.1/../../../../arm-none-eabi/lib/thumb/v7-m/nofp\libc_nano.a(libc_a-findfp.o)
 .debug_frame   0x0000000000001c64       0x20 C:/ST/STM32CubeIDE_1.13.1/STM32CubeIDE/plugins/com.st.stm32cube.ide.mcu.externaltools.gnu-tools-for-stm32.11.3.rel1.win32_1.1.0.202305231506/tools/bin/../lib/gcc/arm-none-eabi/11.3.1/../../../../arm-none-eabi/lib/thumb/v7-m/nofp\libc_nano.a(libc_a-memset.o)
 .debug_frame   0x0000000000001c84       0x2c C:/ST/STM32CubeIDE_1.13.1/STM32CubeIDE/plugins/com.st.stm32cube.ide.mcu.externaltools.gnu-tools-for-stm32.11.3.rel1.win32_1.1.0.202305231506/tools/bin/../lib/gcc/arm-none-eabi/11.3.1/../../../../arm-none-eabi/lib/thumb/v7-m/nofp\libc_nano.a(libc_a-init.o)
 .debug_frame   0x0000000000001cb0       0x4c C:/ST/STM32CubeIDE_1.13.1/STM32CubeIDE/plugins/com.st.stm32cube.ide.mcu.externaltools.gnu-tools-for-stm32.11.3.rel1.win32_1.1.0.202305231506/tools/bin/../lib/gcc/arm-none-eabi/11.3.1/thumb/v7-m/nofp\libgcc.a(_arm_addsubsf3.o)
 .debug_frame   0x0000000000001cfc       0x38 C:/ST/STM32CubeIDE_1.13.1/STM32CubeIDE/plugins/com.st.stm32cube.ide.mcu.externaltools.gnu-tools-for-stm32.11.3.rel1.win32_1.1.0.202305231506/tools/bin/../lib/gcc/arm-none-eabi/11.3.1/thumb/v7-m/nofp\libgcc.a(_arm_muldivsf3.o)
 .debug_frame   0x0000000000001d34       0xc8 C:/ST/STM32CubeIDE_1.13.1/STM32CubeIDE/plugins/com.st.stm32cube.ide.mcu.externaltools.gnu-tools-for-stm32.11.3.rel1.win32_1.1.0.202305231506/tools/bin/../lib/gcc/arm-none-eabi/11.3.1/thumb/v7-m/nofp\libgcc.a(_arm_cmpsf2.o)
 .debug_frame   0x0000000000001dfc       0x24 C:/ST/STM32CubeIDE_1.13.1/STM32CubeIDE/plugins/com.st.stm32cube.ide.mcu.externaltools.gnu-tools-for-stm32.11.3.rel1.win32_1.1.0.202305231506/tools/bin/../lib/gcc/arm-none-eabi/11.3.1/thumb/v7-m/nofp\libgcc.a(_arm_fixunssfsi.o)

.debug_line_str
                0x0000000000000000       0x54
 .debug_line_str
                0x0000000000000000       0x54 ./Core/Startup/startup_stm32f103c6tx.o
                                         0x6c (size before relaxing)
